Mar 28 15:38:09 management systemd-modules-load[499]: Inserted module 'msr'
Mar 28 15:38:09 management systemd-random-seed[509]: Kernel entropy pool is not initialized yet, waiting until it is.
Mar 28 15:38:09 management systemd[1]: Starting Flush Journal to Persistent Storage...
Mar 28 15:38:09 management lvm[480]:   1 logical volume(s) in volume group "ubuntu-vg" monitored
Mar 28 15:38:09 management multipathd[518]: --------start up--------
Mar 28 15:38:09 management multipathd[518]: read /etc/multipath.conf
Mar 28 15:38:09 management multipathd[518]: path checkers start up
Mar 28 15:38:09 management systemd[1]: Finished Coldplug All udev Devices.
Mar 28 15:38:09 management multipathd[518]: sda: failed to get udev uid: No data available
Mar 28 15:38:09 management systemd[1]: Started Device-Mapper Multipath Device Controller.
Mar 28 15:38:09 management systemd[1]: Reached target Preparation for Local File Systems.
Mar 28 15:38:09 management systemd[1]: Mounting Mount unit for core20, revision 1822...
Mar 28 15:38:09 management systemd[1]: Mounting Mount unit for lxd, revision 24322...
Mar 28 15:38:09 management systemd[1]: Mounting Mount unit for snapd, revision 18357...
Mar 28 15:38:09 management systemd[1]: Mounted Mount unit for core20, revision 1822.
Mar 28 15:38:09 management systemd[1]: Mounted Mount unit for lxd, revision 24322.
Mar 28 15:38:09 management systemd[1]: Finished Flush Journal to Persistent Storage.
Mar 28 15:38:09 management systemd[1]: Mounted Mount unit for snapd, revision 18357.
Mar 28 15:38:09 management systemd[1]: Reached target Mounted snaps.
Mar 28 15:38:09 management systemd[1]: Started Rule-based Manager for Device Events and Files.
Mar 28 15:38:09 management systemd[1]: Condition check resulted in Show Plymouth Boot Screen being skipped.
Mar 28 15:38:09 management systemd[1]: Started Dispatch Password Requests to Console Directory Watch.
Mar 28 15:38:09 management systemd[1]: Condition check resulted in Forward Password Requests to Plymouth Directory Watch being skipped.
Mar 28 15:38:09 management systemd[1]: Reached target Local Encrypted Volumes.
Mar 28 15:38:09 management systemd[1]: Finished Load/Save Random Seed.
Mar 28 15:38:09 management systemd[1]: Condition check resulted in First Boot Complete being skipped.
Mar 28 15:38:09 management multipath: sda: failed to get sysfs uid: Invalid argument
Mar 28 15:38:09 management multipath: sda: failed to get sgio uid: No such file or directory
Mar 28 15:38:09 management systemd-udevd[544]: Using default interface naming scheme 'v249'.
Mar 28 15:38:09 management systemd-udevd[541]: sda: Process '/usr/bin/unshare -m /usr/bin/snap auto-import --mount=/dev/sda' failed with exit code 1.
Mar 28 15:38:09 management systemd-udevd[540]: sr0: Process '/usr/bin/unshare -m /usr/bin/snap auto-import --mount=/dev/sr0' failed with exit code 1.
Mar 28 15:38:09 management systemd[1]: Listening on Load/Save RF Kill Switch Status /dev/rfkill Watch.
Mar 28 15:38:09 management systemd-udevd[547]: sda3: Process '/usr/bin/unshare -m /usr/bin/snap auto-import --mount=/dev/sda3' failed with exit code 1.
Mar 28 15:38:09 management systemd[1]: Created slice Slice /system/lvm2-pvscan.
Mar 28 15:38:09 management systemd[1]: Starting LVM event activation on device 8:3...
Mar 28 15:38:09 management lvm[607]:   pvscan[607] PV /dev/sda3 online, VG ubuntu-vg is complete.
Mar 28 15:38:09 management lvm[607]:   pvscan[607] VG ubuntu-vg skip autoactivation.
Mar 28 15:38:09 management systemd[1]: Finished LVM event activation on device 8:3.
Mar 28 15:38:09 management systemd-udevd[540]: sda2: Process '/usr/bin/unshare -m /usr/bin/snap auto-import --mount=/dev/sda2' failed with exit code 1.
Mar 28 15:38:09 management systemd[1]: Found device Virtual_disk 2.
Mar 28 15:38:09 management systemd[1]: Starting File System Check on /dev/disk/by-uuid/7501687d-d27d-445e-b993-ce01c3b4f1b9...
Mar 28 15:38:09 management systemd-udevd[541]: sda1: Process '/usr/bin/unshare -m /usr/bin/snap auto-import --mount=/dev/sda1' failed with exit code 1.
Mar 28 15:38:09 management systemd[1]: Started File System Check Daemon to report status.
Mar 28 15:38:09 management systemd-udevd[546]: dm-0: Process '/usr/bin/unshare -m /usr/bin/snap auto-import --mount=/dev/dm-0' failed with exit code 1.
Mar 28 15:38:09 management systemd-fsck[653]: /dev/sda2: clean, 316/131072 files, 58610/524288 blocks
Mar 28 15:38:09 management systemd[1]: Finished File System Check on /dev/disk/by-uuid/7501687d-d27d-445e-b993-ce01c3b4f1b9.
Mar 28 15:38:09 management systemd[1]: Mounting /boot...
Mar 28 15:38:09 management systemd[1]: Mounted /boot.
Mar 28 15:38:09 management systemd[1]: Reached target Local File Systems.
Mar 28 15:38:09 management systemd[1]: Starting Load AppArmor profiles...
Mar 28 15:38:09 management systemd[1]: Starting Set console font and keymap...
Mar 28 15:38:09 management systemd[1]: Starting Create final runtime dir for shutdown pivot root...
Mar 28 15:38:09 management systemd[1]: Starting Tell Plymouth To Write Out Runtime Data...
Mar 28 15:38:09 management systemd[1]: Condition check resulted in Set Up Additional Binary Formats being skipped.
Mar 28 15:38:09 management systemd[1]: Condition check resulted in Store a System Token in an EFI Variable being skipped.
Mar 28 15:38:09 management systemd[1]: Condition check resulted in Commit a transient machine-id on disk being skipped.
Mar 28 15:38:09 management systemd[1]: Starting Create Volatile Files and Directories...
Mar 28 15:38:09 management systemd[1]: Starting Uncomplicated firewall...
Mar 28 15:38:09 management systemd[1]: Finished Set console font and keymap.
Mar 28 15:38:09 management apparmor.systemd[681]: Restarting AppArmor
Mar 28 15:38:09 management apparmor.systemd[681]: Reloading AppArmor profiles
Mar 28 15:38:09 management systemd[1]: Finished Create final runtime dir for shutdown pivot root.
Mar 28 15:38:09 management systemd[1]: Finished Tell Plymouth To Write Out Runtime Data.
Mar 28 15:38:09 management systemd[1]: Finished Uncomplicated firewall.
Mar 28 15:38:09 management systemd[1]: Finished Create Volatile Files and Directories.
Mar 28 15:38:09 management systemd[1]: Starting Network Time Synchronization...
Mar 28 15:38:09 management systemd[1]: Starting Record System Boot/Shutdown in UTMP...
Mar 28 15:38:09 management systemd[1]: Finished Record System Boot/Shutdown in UTMP.
Mar 28 15:38:09 management systemd[1]: Started Network Time Synchronization.
Mar 28 15:38:09 management systemd[1]: Reached target System Time Set.
Mar 28 15:38:09 management multipathd[518]: sda: failed to get udev uid: No data available
Mar 28 15:38:09 management multipathd[518]: sda: failed to get path uid
Mar 28 15:38:09 management multipathd[518]: uevent trigger error
Mar 28 15:38:09 management apparmor.systemd[704]: Skipping profile in /etc/apparmor.d/disable: usr.sbin.rsyslogd
Mar 28 15:38:09 management systemd[1]: Finished Load AppArmor profiles.
Mar 28 15:38:09 management systemd[1]: Starting Load AppArmor profiles managed internally by snapd...
Mar 28 15:38:09 management systemd[1]: Started Authentication service for virtual machines hosted on VMware.
Mar 28 15:38:09 management systemd[1]: Started Service for virtual machines hosted on VMware.
Mar 28 15:38:09 management systemd[1]: Starting Initial cloud-init job (pre-networking)...
Mar 28 15:38:09 management systemd[1]: proc-sys-fs-binfmt_misc.automount: Got automount request for /proc/sys/fs/binfmt_misc, triggered by 705 (snapd-apparmor)
Mar 28 15:38:09 management systemd[1]: Mounting Arbitrary Executable File Formats File System...
Mar 28 15:38:09 management systemd[1]: Mounted Arbitrary Executable File Formats File System.
Mar 28 15:38:09 management VGAuthService[706]: Pref_Init: Using '/etc/vmware-tools/vgauth.conf' as preferences filepath
Mar 28 15:38:09 management VGAuthService[706]: Core dump limit set to -1
Mar 28 15:38:09 management VGAuthService[706]: Cannot load message catalog for domain 'VGAuthService', language 'C', catalog dir '/usr/share/open-vm-tools'.
Mar 28 15:38:09 management VGAuthService[706]: INIT SERVICE
Mar 28 15:38:09 management VGAuthService[706]: Using '/var/lib/vmware/VGAuth/aliasStore' for alias store root directory
Mar 28 15:38:09 management VGAuthService[706]: LoadCatalogAndSchema: Using '/etc/vmware-tools/vgauth/schemas' for SAML schemas
Mar 28 15:38:09 management VGAuthService[706]: LoadPrefs: Allowing 300 of clock skew for SAML date validation
Mar 28 15:38:09 management VGAuthService[706]: SAML_Init: Using xmlsec1 1.2.33 for XML signature support
Mar 28 15:38:09 management VGAuthService[706]: ServiceNetworkCreateSocketDir: Created socket directory '/var/run/vmware'
Mar 28 15:38:09 management VGAuthService[706]: BEGIN SERVICE
Mar 28 15:38:09 management cloud-init[741]: Cloud-init v. 22.4.2-0ubuntu0~22.04.1 running 'init-local' at Tue, 28 Mar 2023 15:36:21 +0000. Up 15.69 seconds.
Mar 28 15:38:09 management systemd[1]: Finished Initial cloud-init job (pre-networking).
Mar 28 15:38:09 management systemd[1]: Reached target Preparation for Network.
Mar 28 15:38:09 management systemd[1]: Starting Network Configuration...
Mar 28 15:38:09 management systemd-networkd[743]: lo: Link UP
Mar 28 15:38:09 management systemd-networkd[743]: lo: Gained carrier
Mar 28 15:38:09 management systemd-networkd[743]: Enumeration completed
Mar 28 15:38:09 management systemd[1]: Started Network Configuration.
Mar 28 15:38:09 management systemd[1]: Starting Wait for Network to be Configured...
Mar 28 15:38:09 management systemd-networkd[743]: ens160: Link UP
Mar 28 15:38:09 management systemd[1]: Starting Network Name Resolution...
Mar 28 15:38:09 management systemd-resolved[745]: Positive Trust Anchors:
Mar 28 15:38:09 management systemd-resolved[745]: . IN DS 20326 8 2 e06d44b80b8f1d39a95c0b0d7c65d08458e880409bbc683457104237c7f8ec8d
Mar 28 15:38:09 management systemd-resolved[745]: Negative trust anchors: home.arpa 10.in-addr.arpa 16.172.in-addr.arpa 17.172.in-addr.arpa 18.172.in-addr.arpa 19.172.in-addr.arpa 20.172.in-addr.arpa 21.172.in-addr.arpa 22.172.in-addr.arpa 23.172.in-addr.arpa 24.172.in-addr.arpa 25.172.in-addr.arpa 26.172.in-addr.arpa 27.172.in-addr.arpa 28.172.in-addr.arpa 29.172.in-addr.arpa 30.172.in-addr.arpa 31.172.in-addr.arpa 168.192.in-addr.arpa d.f.ip6.arpa corp home internal intranet lan local private test
Mar 28 15:38:09 management systemd-resolved[745]: Using system hostname 'management'.
Mar 28 15:38:09 management systemd[1]: Started Network Name Resolution.
Mar 28 15:38:09 management systemd[1]: Reached target Network.
Mar 28 15:38:09 management systemd[1]: Reached target Host and Network Name Lookups.
Mar 28 15:38:09 management systemd[1]: Finished Load AppArmor profiles managed internally by snapd.
Mar 28 15:38:09 management multipathd[518]: sda: triggering change event to reinitialize
Mar 28 15:38:09 management multipath: sda: failed to get sysfs uid: Invalid argument
Mar 28 15:38:09 management multipath: sda: failed to get sgio uid: No such file or directory
Mar 28 15:38:09 management multipathd[518]: sda: failed to get udev uid: No data available
Mar 28 15:38:09 management multipathd[518]: sda: failed to get path uid
Mar 28 15:38:09 management multipathd[518]: uevent trigger error
Mar 28 15:38:09 management multipathd[518]: sda: triggering change event to reinitialize
Mar 28 15:38:09 management multipath: sda: failed to get sysfs uid: Invalid argument
Mar 28 15:38:09 management multipath: sda: failed to get sgio uid: No such file or directory
Mar 28 15:38:09 management multipathd[518]: sda: failed to get udev uid: No data available
Mar 28 15:38:09 management multipathd[518]: sda: failed to get path uid
Mar 28 15:38:09 management multipathd[518]: uevent trigger error
Mar 28 15:38:09 management systemd[1]: systemd-fsckd.service: Deactivated successfully.
Mar 28 15:38:09 management multipathd[518]: sda: triggering change event to reinitialize
Mar 28 15:38:09 management multipath: sda: failed to get sysfs uid: Invalid argument
Mar 28 15:38:09 management multipath: sda: failed to get sgio uid: No such file or directory
Mar 28 15:38:09 management multipathd[518]: sda: failed to get sysfs uid: Invalid argument
Mar 28 15:38:09 management multipathd[518]: sda: failed to get sgio uid: No such file or directory
Mar 28 15:38:09 management multipathd[518]: sda: failed to get path uid
Mar 28 15:38:09 management multipathd[518]: uevent trigger error
Mar 28 15:38:09 management multipathd[518]: sda: not initialized after 3 udev retriggers
Mar 28 15:38:09 management multipathd[518]: sda: add missing path
Mar 28 15:38:09 management multipathd[518]: sda: failed to get sysfs uid: Invalid argument
Mar 28 15:38:09 management multipathd[518]: sda: failed to get sgio uid: No such file or directory
Mar 28 15:38:09 management multipathd[518]: sda: no WWID in state "undef
Mar 28 15:38:09 management multipathd[518]: ", giving up
Mar 28 15:38:09 management multipathd[518]: sda: check_path() failed, removing
Mar 28 15:38:09 management systemd-networkd[743]: ens160: Gained carrier
Mar 28 15:38:09 management systemd-networkd[743]: ens160: Gained IPv6LL
Mar 28 15:38:09 management systemd-timesyncd[694]: Network configuration changed, trying to establish connection.
Mar 28 15:38:09 management systemd-networkd[743]: ens160: Lost carrier
Mar 28 15:38:09 management systemd-networkd[743]: ens160: DHCPv6 lease lost
Mar 28 15:38:09 management systemd-networkd[743]: ens160: Gained carrier
Mar 28 15:38:09 management systemd-timesyncd[694]: Network configuration changed, trying to establish connection.
Mar 28 15:38:09 management systemd-networkd[743]: ens160: DHCPv4 address 192.168.10.66/16 via 192.168.0.1
Mar 28 15:38:09 management systemd-networkd-wait-online[744]: managing: ens160
Mar 28 15:38:09 management systemd[1]: Finished Wait for Network to be Configured.
Mar 28 15:38:09 management systemd[1]: Starting Initial cloud-init job (metadata service crawler)...
Mar 28 15:38:09 management cloud-init[786]: Cloud-init v. 22.4.2-0ubuntu0~22.04.1 running 'init' at Tue, 28 Mar 2023 15:38:06 +0000. Up 120.65 seconds.
Mar 28 15:38:09 management cloud-init[786]: ci-info: +++++++++++++++++++++++++++++++++++++Net device info++++++++++++++++++++++++++++++++++++++
Mar 28 15:38:09 management cloud-init[786]: ci-info: +--------+------+-----------------------------+-------------+--------+-------------------+
Mar 28 15:38:09 management cloud-init[786]: ci-info: | Device |  Up  |           Address           |     Mask    | Scope  |     Hw-Address    |
Mar 28 15:38:09 management cloud-init[786]: ci-info: +--------+------+-----------------------------+-------------+--------+-------------------+
Mar 28 15:38:09 management cloud-init[786]: ci-info: | ens160 | True |        192.168.10.66        | 255.255.0.0 | global | 00:0c:29:82:54:85 |
Mar 28 15:38:09 management cloud-init[786]: ci-info: | ens160 | True | fe80::20c:29ff:fe82:5485/64 |      .      |  link  | 00:0c:29:82:54:85 |
Mar 28 15:38:09 management cloud-init[786]: ci-info: |   lo   | True |          127.0.0.1          |  255.0.0.0  |  host  |         .         |
Mar 28 15:38:09 management cloud-init[786]: ci-info: |   lo   | True |           ::1/128           |      .      |  host  |         .         |
Mar 28 15:38:09 management cloud-init[786]: ci-info: +--------+------+-----------------------------+-------------+--------+-------------------+
Mar 28 15:38:09 management cloud-init[786]: ci-info: ++++++++++++++++++++++++++++++Route IPv4 info++++++++++++++++++++++++++++++
Mar 28 15:38:09 management cloud-init[786]: ci-info: +-------+-------------+-------------+-----------------+-----------+-------+
Mar 28 15:38:09 management cloud-init[786]: ci-info: | Route | Destination |   Gateway   |     Genmask     | Interface | Flags |
Mar 28 15:38:09 management cloud-init[786]: ci-info: +-------+-------------+-------------+-----------------+-----------+-------+
Mar 28 15:38:09 management cloud-init[786]: ci-info: |   0   |   0.0.0.0   | 192.168.0.1 |     0.0.0.0     |   ens160  |   UG  |
Mar 28 15:38:09 management cloud-init[786]: ci-info: |   1   | 192.168.0.0 |   0.0.0.0   |   255.255.0.0   |   ens160  |   U   |
Mar 28 15:38:09 management cloud-init[786]: ci-info: |   2   | 192.168.0.1 |   0.0.0.0   | 255.255.255.255 |   ens160  |   UH  |
Mar 28 15:38:09 management cloud-init[786]: ci-info: +-------+-------------+-------------+-----------------+-----------+-------+
Mar 28 15:38:09 management cloud-init[786]: ci-info: +++++++++++++++++++Route IPv6 info+++++++++++++++++++
Mar 28 15:38:09 management cloud-init[786]: ci-info: +-------+-------------+---------+-----------+-------+
Mar 28 15:38:09 management cloud-init[786]: ci-info: | Route | Destination | Gateway | Interface | Flags |
Mar 28 15:38:09 management cloud-init[786]: ci-info: +-------+-------------+---------+-----------+-------+
Mar 28 15:38:09 management cloud-init[786]: ci-info: |   1   |  fe80::/64  |    ::   |   ens160  |   U   |
Mar 28 15:38:09 management cloud-init[786]: ci-info: |   3   |    local    |    ::   |   ens160  |   U   |
Mar 28 15:38:09 management cloud-init[786]: ci-info: |   4   |  multicast  |    ::   |   ens160  |   U   |
Mar 28 15:38:09 management cloud-init[786]: ci-info: +-------+-------------+---------+-----------+-------+
Mar 28 15:38:09 management cloud-init[786]: Generating public/private rsa key pair.
Mar 28 15:38:09 management cloud-init[786]: Your identification has been saved in /etc/ssh/ssh_host_rsa_key
Mar 28 15:38:09 management cloud-init[786]: Your public key has been saved in /etc/ssh/ssh_host_rsa_key.pub
Mar 28 15:38:09 management cloud-init[786]: The key fingerprint is:
Mar 28 15:38:09 management cloud-init[786]: SHA256:+MMlOEu8jslQe0UvG6NaT1FCImonP/dkGXRnG0M7euo root@management
Mar 28 15:38:09 management cloud-init[786]: The key's randomart image is:
Mar 28 15:38:09 management cloud-init[786]: +---[RSA 3072]----+
Mar 28 15:38:09 management cloud-init[786]: |    . . o ..*    |
Mar 28 15:38:09 management cloud-init[786]: |   . . + . o =   |
Mar 28 15:38:09 management cloud-init[786]: |  + .   + . +    |
Mar 28 15:38:09 management cloud-init[786]: | . + . + * . .   |
Mar 28 15:38:09 management cloud-init[786]: |    + B S + .    |
Mar 28 15:38:09 management cloud-init[786]: |   . = % O o     |
Mar 28 15:38:09 management cloud-init[786]: |  . . * B .      |
Mar 28 15:38:09 management cloud-init[786]: |   o B o o       |
Mar 28 15:38:09 management cloud-init[786]: |    = . . E      |
Mar 28 15:38:09 management cloud-init[786]: +----[SHA256]-----+
Mar 28 15:38:09 management cloud-init[786]: Generating public/private dsa key pair.
Mar 28 15:38:09 management cloud-init[786]: Your identification has been saved in /etc/ssh/ssh_host_dsa_key
Mar 28 15:38:09 management cloud-init[786]: Your public key has been saved in /etc/ssh/ssh_host_dsa_key.pub
Mar 28 15:38:09 management cloud-init[786]: The key fingerprint is:
Mar 28 15:38:09 management cloud-init[786]: SHA256:hVaPen7Vjm1ry7bcZoJAQ8ql93/F1qCSbl46qupvRhE root@management
Mar 28 15:38:09 management cloud-init[786]: The key's randomart image is:
Mar 28 15:38:09 management cloud-init[786]: +---[DSA 1024]----+
Mar 28 15:38:09 management cloud-init[786]: |          .      |
Mar 28 15:38:09 management cloud-init[786]: |      E  ooo     |
Mar 28 15:38:09 management cloud-init[786]: |       oo=o .    |
Mar 28 15:38:09 management cloud-init[786]: |      ..+o+   .. |
Mar 28 15:38:09 management cloud-init[786]: |       .So.+ ..oo|
Mar 28 15:38:09 management cloud-init[786]: |      .  o+ o. +=|
Mar 28 15:38:09 management cloud-init[786]: |     .   ..ooo..=|
Mar 28 15:38:09 management cloud-init[786]: |      o   ++. =+*|
Mar 28 15:38:09 management cloud-init[786]: |   .o=o..+o.  o@+|
Mar 28 15:38:09 management cloud-init[786]: +----[SHA256]-----+
Mar 28 15:38:09 management cloud-init[786]: Generating public/private ecdsa key pair.
Mar 28 15:38:09 management cloud-init[786]: Your identification has been saved in /etc/ssh/ssh_host_ecdsa_key
Mar 28 15:38:09 management cloud-init[786]: Your public key has been saved in /etc/ssh/ssh_host_ecdsa_key.pub
Mar 28 15:38:09 management cloud-init[786]: The key fingerprint is:
Mar 28 15:38:09 management cloud-init[786]: SHA256:xo2qCl80Kv0+DBxQU/cfPzDJkagxJCqlF+uqcKH2VPo root@management
Mar 28 15:38:09 management cloud-init[786]: The key's randomart image is:
Mar 28 15:38:09 management cloud-init[786]: +---[ECDSA 256]---+
Mar 28 15:38:09 management cloud-init[786]: | .=.o.o  ...     |
Mar 28 15:38:09 management cloud-init[786]: |.o = oo....o     |
Mar 28 15:38:09 management cloud-init[786]: |o.+    +. *      |
Mar 28 15:38:09 management cloud-init[786]: | +.   .. + =     |
Mar 28 15:38:09 management cloud-init[786]: | .o.o.  S o o    |
Mar 28 15:38:09 management cloud-init[786]: | +o+o. o     .   |
Mar 28 15:38:09 management cloud-init[786]: |*.+=. .          |
Mar 28 15:38:09 management cloud-init[786]: |+=oo+.           |
Mar 28 15:38:09 management cloud-init[786]: |. o++E           |
Mar 28 15:38:09 management cloud-init[786]: +----[SHA256]-----+
Mar 28 15:38:09 management cloud-init[786]: Generating public/private ed25519 key pair.
Mar 28 15:38:09 management cloud-init[786]: Your identification has been saved in /etc/ssh/ssh_host_ed25519_key
Mar 28 15:38:09 management cloud-init[786]: Your public key has been saved in /etc/ssh/ssh_host_ed25519_key.pub
Mar 28 15:38:09 management cloud-init[786]: The key fingerprint is:
Mar 28 15:38:09 management cloud-init[786]: SHA256:1KdOhZnZLkQr2KzAFUcU2liMEuyNYc0+lZgu6XIQJOY root@management
Mar 28 15:38:09 management cloud-init[786]: The key's randomart image is:
Mar 28 15:38:09 management cloud-init[786]: +--[ED25519 256]--+
Mar 28 15:38:09 management cloud-init[786]: |.o...+oO*o.      |
Mar 28 15:38:09 management cloud-init[786]: |o...=.*X+o B     |
Mar 28 15:38:09 management cloud-init[786]: | E +oO+.* O +    |
Mar 28 15:38:09 management cloud-init[786]: |  . =.=o o =     |
Mar 28 15:38:09 management cloud-init[786]: |   o ...S + .    |
Mar 28 15:38:09 management cloud-init[786]: |  . o    o .     |
Mar 28 15:38:09 management cloud-init[786]: |   o      .      |
Mar 28 15:38:09 management cloud-init[786]: |                 |
Mar 28 15:38:09 management cloud-init[786]: |                 |
Mar 28 15:38:09 management cloud-init[786]: +----[SHA256]-----+
Mar 28 15:38:09 management systemd[1]: Finished Initial cloud-init job (metadata service crawler).
Mar 28 15:38:09 management systemd[1]: Reached target Cloud-config availability.
Mar 28 15:38:09 management systemd[1]: Reached target Network is Online.
Mar 28 15:38:09 management systemd[1]: Reached target System Initialization.
Mar 28 15:38:09 management systemd[1]: Condition check resulted in Process error reports when automatic reporting is enabled (file watch) being skipped.
Mar 28 15:38:09 management systemd[1]: Condition check resulted in Process error reports when automatic reporting is enabled (timer based) being skipped.
Mar 28 15:38:09 management systemd[1]: Started Daily apt download activities.
Mar 28 15:38:09 management systemd[1]: Started Daily apt upgrade and clean activities.
Mar 28 15:38:09 management systemd[1]: Started Daily dpkg database backup timer.
Mar 28 15:38:09 management systemd[1]: Started Periodic ext4 Online Metadata Check for All Filesystems.
Mar 28 15:38:09 management systemd[1]: Started Discard unused blocks once a week.
Mar 28 15:38:09 management systemd[1]: Started Refresh fwupd metadata regularly.
Mar 28 15:38:09 management systemd[1]: Started Daily rotation of log files.
Mar 28 15:38:09 management systemd[1]: Started Daily man-db regeneration.
Mar 28 15:38:09 management systemd[1]: Started Message of the Day.
Mar 28 15:38:09 management systemd[1]: Condition check resulted in Timer to automatically fetch and run repair assertions being skipped.
Mar 28 15:38:09 management systemd[1]: Started Daily Cleanup of Temporary Directories.
Mar 28 15:38:09 management systemd[1]: Started Ubuntu Advantage Timer for running repeated jobs.
Mar 28 15:38:09 management systemd[1]: Started Download data for packages that failed at package install time.
Mar 28 15:38:09 management systemd[1]: Started Check to see whether there is a new version of Ubuntu available.
Mar 28 15:38:09 management systemd[1]: Reached target Path Units.
Mar 28 15:38:09 management systemd[1]: Reached target Timer Units.
Mar 28 15:38:09 management systemd[1]: Condition check resulted in Unix socket for apport crash forwarding being skipped.
Mar 28 15:38:09 management systemd[1]: Listening on cloud-init hotplug hook socket.
Mar 28 15:38:09 management systemd[1]: Listening on D-Bus System Message Bus Socket.
Mar 28 15:38:09 management systemd[1]: Listening on Open-iSCSI iscsid Socket.
Mar 28 15:38:09 management systemd[1]: Starting Socket activation for snappy daemon...
Mar 28 15:38:09 management systemd[1]: Listening on UUID daemon activation socket.
Mar 28 15:38:09 management systemd[1]: Condition check resulted in Login to default iSCSI targets being skipped.
Mar 28 15:38:09 management systemd[1]: Reached target Preparation for Remote File Systems.
Mar 28 15:38:09 management systemd[1]: Reached target Remote File Systems.
Mar 28 15:38:09 management systemd[1]: Finished Availability of block devices.
Mar 28 15:38:09 management systemd[1]: Listening on Socket activation for snappy daemon.
Mar 28 15:38:09 management systemd[1]: Reached target Socket Units.
Mar 28 15:38:09 management systemd[1]: Reached target Basic System.
Mar 28 15:38:09 management systemd[1]: Starting LSB: automatic crash report generation...
Mar 28 15:38:09 management systemd[1]: Started Regular background program processing daemon.
Mar 28 15:38:09 management systemd[1]: Started D-Bus System Message Bus.
Mar 28 15:38:09 management systemd[1]: Started Save initial kernel messages after boot.
Mar 28 15:38:09 management cron[804]: (CRON) INFO (pidfile fd = 3)
Mar 28 15:38:09 management systemd[1]: Starting Remove Stale Online ext4 Metadata Check Snapshots...
Mar 28 15:38:09 management systemd[1]: Condition check resulted in getty on tty2-tty6 if dbus and logind are not available being skipped.
Mar 28 15:38:09 management cron[804]: (CRON) INFO (Running @reboot jobs)
Mar 28 15:38:09 management systemd[1]: Starting Record successful boot for GRUB...
Mar 28 15:38:09 management systemd[1]: Started irqbalance daemon.
Mar 28 15:38:09 management dbus-daemon[805]: dbus[805]: Unknown group "power" in message bus configuration file
Mar 28 15:38:09 management systemd[1]: Starting Dispatcher daemon for systemd-networkd...
Mar 28 15:38:09 management dbus-daemon[805]: [system] AppArmor D-Bus mediation is enabled
Mar 28 15:38:09 management systemd[1]: Starting Authorization Manager...
Mar 28 15:38:09 management systemd[1]: Starting Pollinate to seed the pseudo random number generator...
Mar 28 15:38:09 management systemd[1]: Starting System Logging Service...
Mar 28 15:38:09 management systemd[1]: Condition check resulted in Secure Boot updates for DB and DBX being skipped.
Mar 28 15:38:09 management systemd[1]: Condition check resulted in Userspace listener for prompt events being skipped.
Mar 28 15:38:09 management systemd[1]: Condition check resulted in Automatically repair incorrect owner/permissions on core devices being skipped.
Mar 28 15:38:09 management systemd[1]: Condition check resulted in Wait for the Ubuntu Core chooser trigger being skipped.
Mar 28 15:38:09 management systemd[1]: Reached target Preparation for Logins.
Mar 28 15:38:09 management systemd[1]: Starting Snap Daemon...
Mar 28 15:38:09 management systemd[1]: Starting User Login Management...
Mar 28 15:38:09 management polkitd[814]: started daemon version 0.105 using authority implementation `local' version `0.105'
Mar 28 15:38:09 management systemd[1]: Starting Permit User Sessions...
Mar 28 15:38:09 management systemd[1]: Condition check resulted in Thermal Daemon Service being skipped.
Mar 28 15:38:09 management /usr/sbin/irqbalance: Balancing is ineffective on systems with a single cpu.  Shutting down
Mar 28 15:38:09 management systemd[1]: Condition check resulted in Ubuntu Advantage reboot cmds being skipped.
Mar 28 15:38:09 management systemd[1]: Starting Disk Manager...
Mar 28 15:38:09 management systemd[1]: e2scrub_reap.service: Deactivated successfully.
Mar 28 15:38:09 management systemd[1]: Finished Remove Stale Online ext4 Metadata Check Snapshots.
Mar 28 15:38:09 management kernel: [    0.000000] Linux version 5.15.0-60-generic (buildd@lcy02-amd64-054) (gcc (Ubuntu 11.3.0-1ubuntu1~22.04) 11.3.0, GNU ld (GNU Binutils for Ubuntu) 2.38) #66-Ubuntu SMP Fri Jan 20 14:29:49 UTC 2023 (Ubuntu 5.15.0-60.66-generic 5.15.78)
Mar 28 15:38:09 management kernel: [    0.000000] Command line: BOOT_IMAGE=/vmlinuz-5.15.0-60-generic root=/dev/mapper/ubuntu--vg-ubuntu--lv ro
Mar 28 15:38:09 management kernel: [    0.000000] KERNEL supported cpus:
Mar 28 15:38:09 management kernel: [    0.000000]   Intel GenuineIntel
Mar 28 15:38:09 management kernel: [    0.000000]   AMD AuthenticAMD
Mar 28 15:38:09 management kernel: [    0.000000]   Hygon HygonGenuine
Mar 28 15:38:09 management kernel: [    0.000000]   Centaur CentaurHauls
Mar 28 15:38:09 management kernel: [    0.000000]   zhaoxin   Shanghai  
Mar 28 15:38:09 management kernel: [    0.000000] Disabled fast string operations
Mar 28 15:38:09 management kernel: [    0.000000] x86/fpu: x87 FPU will use FXSAVE
Mar 28 15:38:09 management kernel: [    0.000000] signal: max sigframe size: 1440
Mar 28 15:38:09 management kernel: [    0.000000] BIOS-provided physical RAM map:
Mar 28 15:38:09 management kernel: [    0.000000] BIOS-e820: [mem 0x0000000000000000-0x000000000009f3ff] usable
Mar 28 15:38:09 management kernel: [    0.000000] BIOS-e820: [mem 0x000000000009f400-0x000000000009ffff] reserved
Mar 28 15:38:09 management kernel: [    0.000000] BIOS-e820: [mem 0x00000000000dc000-0x00000000000fffff] reserved
Mar 28 15:38:09 management kernel: [    0.000000] BIOS-e820: [mem 0x0000000000100000-0x00000000bfedffff] usable
Mar 28 15:38:09 management kernel: [    0.000000] BIOS-e820: [mem 0x00000000bfee0000-0x00000000bfefefff] ACPI data
Mar 28 15:38:09 management kernel: [    0.000000] BIOS-e820: [mem 0x00000000bfeff000-0x00000000bfefffff] ACPI NVS
Mar 28 15:38:09 management kernel: [    0.000000] BIOS-e820: [mem 0x00000000bff00000-0x00000000bfffffff] usable
Mar 28 15:38:09 management kernel: [    0.000000] BIOS-e820: [mem 0x00000000f0000000-0x00000000f7ffffff] reserved
Mar 28 15:38:09 management kernel: [    0.000000] BIOS-e820: [mem 0x00000000fec00000-0x00000000fec0ffff] reserved
Mar 28 15:38:09 management kernel: [    0.000000] BIOS-e820: [mem 0x00000000fee00000-0x00000000fee00fff] reserved
Mar 28 15:38:09 management kernel: [    0.000000] BIOS-e820: [mem 0x00000000fffe0000-0x00000000ffffffff] reserved
Mar 28 15:38:09 management kernel: [    0.000000] BIOS-e820: [mem 0x0000000100000000-0x000000013fffffff] usable
Mar 28 15:38:09 management kernel: [    0.000000] NX (Execute Disable) protection: active
Mar 28 15:38:09 management kernel: [    0.000000] SMBIOS 2.7 present.
Mar 28 15:38:09 management kernel: [    0.000000] DMI: VMware, Inc. VMware Virtual Platform/440BX Desktop Reference Platform, BIOS 6.00 12/12/2018
Mar 28 15:38:09 management kernel: [    0.000000] vmware: hypercall mode: 0x00
Mar 28 15:38:09 management kernel: [    0.000000] Hypervisor detected: VMware
Mar 28 15:38:09 management kernel: [    0.000000] vmware: TSC freq read from hypervisor : 3333.451 MHz
Mar 28 15:38:09 management kernel: [    0.000000] vmware: Host bus clock speed read from hypervisor : 66000000 Hz
Mar 28 15:38:09 management kernel: [    0.000000] vmware: using clock offset of 3711063425 ns
Mar 28 15:38:09 management kernel: [    0.000016] tsc: Detected 3333.451 MHz processor
Mar 28 15:38:09 management kernel: [    0.003837] e820: update [mem 0x00000000-0x00000fff] usable ==> reserved
Mar 28 15:38:09 management kernel: [    0.003842] e820: remove [mem 0x000a0000-0x000fffff] usable
Mar 28 15:38:09 management kernel: [    0.003851] last_pfn = 0x140000 max_arch_pfn = 0x400000000
Mar 28 15:38:09 management kernel: [    0.003899] x86/PAT: Configuration [0-7]: WB  WC  UC- UC  WB  WP  UC- WT  
Mar 28 15:38:09 management kernel: [    0.003919] total RAM covered: 7168M
Mar 28 15:38:09 management kernel: [    0.004089] Found optimal setting for mtrr clean up
Mar 28 15:38:09 management kernel: [    0.004091]  gran_size: 64K 	chunk_size: 64K 	num_reg: 3  	lose cover RAM: 0G
Mar 28 15:38:09 management kernel: [    0.004169] e820: update [mem 0xc0000000-0xffffffff] usable ==> reserved
Mar 28 15:38:09 management kernel: [    0.004179] last_pfn = 0xc0000 max_arch_pfn = 0x400000000
Mar 28 15:38:09 management kernel: [    0.013223] found SMP MP-table at [mem 0x000f6a80-0x000f6a8f]
Mar 28 15:38:09 management kernel: [    0.013645] RAMDISK: [mem 0x2b2f3000-0x31970fff]
Mar 28 15:38:09 management kernel: [    0.013655] ACPI: Early table checksum verification disabled
Mar 28 15:38:09 management kernel: [    0.013659] ACPI: RSDP 0x00000000000F6A10 000024 (v02 PTLTD )
Mar 28 15:38:09 management kernel: [    0.013665] ACPI: XSDT 0x00000000BFEEFB94 00005C (v01 INTEL  440BX    06040000 VMW  01324272)
Mar 28 15:38:09 management kernel: [    0.013673] ACPI: FACP 0x00000000BFEFEE73 0000F4 (v04 INTEL  440BX    06040000 PTL  000F4240)
Mar 28 15:38:09 management kernel: [    0.013682] ACPI: DSDT 0x00000000BFEEFDFC 00F077 (v01 PTLTD  Custom   06040000 MSFT 03000001)
Mar 28 15:38:09 management kernel: [    0.013687] ACPI: FACS 0x00000000BFEFFFC0 000040
Mar 28 15:38:09 management kernel: [    0.013692] ACPI: FACS 0x00000000BFEFFFC0 000040
Mar 28 15:38:09 management kernel: [    0.013697] ACPI: BOOT 0x00000000BFEEFDD4 000028 (v01 PTLTD  $SBFTBL$ 06040000  LTP 00000001)
Mar 28 15:38:09 management kernel: [    0.013703] ACPI: APIC 0x00000000BFEEFD84 000050 (v01 PTLTD  ? APIC   06040000  LTP 00000000)
Mar 28 15:38:09 management kernel: [    0.013708] ACPI: MCFG 0x00000000BFEEFD48 00003C (v01 PTLTD  $PCITBL$ 06040000  LTP 00000001)
Mar 28 15:38:09 management kernel: [    0.013714] ACPI: SRAT 0x00000000BFEEFC90 0000B8 (v02 VMWARE MEMPLUG  06040000 VMW  00000001)
Mar 28 15:38:09 management kernel: [    0.013719] ACPI: HPET 0x00000000BFEEFC58 000038 (v01 VMWARE VMW HPET 06040000 VMW  00000001)
Mar 28 15:38:09 management kernel: [    0.013725] ACPI: WAET 0x00000000BFEEFC30 000028 (v01 VMWARE VMW WAET 06040000 VMW  00000001)
Mar 28 15:38:09 management kernel: [    0.013729] ACPI: Reserving FACP table memory at [mem 0xbfefee73-0xbfefef66]
Mar 28 15:38:09 management kernel: [    0.013731] ACPI: Reserving DSDT table memory at [mem 0xbfeefdfc-0xbfefee72]
Mar 28 15:38:09 management kernel: [    0.013733] ACPI: Reserving FACS table memory at [mem 0xbfefffc0-0xbfefffff]
Mar 28 15:38:09 management kernel: [    0.013735] ACPI: Reserving FACS table memory at [mem 0xbfefffc0-0xbfefffff]
Mar 28 15:38:09 management kernel: [    0.013737] ACPI: Reserving BOOT table memory at [mem 0xbfeefdd4-0xbfeefdfb]
Mar 28 15:38:09 management kernel: [    0.013738] ACPI: Reserving APIC table memory at [mem 0xbfeefd84-0xbfeefdd3]
Mar 28 15:38:09 management kernel: [    0.013740] ACPI: Reserving MCFG table memory at [mem 0xbfeefd48-0xbfeefd83]
Mar 28 15:38:09 management kernel: [    0.013742] ACPI: Reserving SRAT table memory at [mem 0xbfeefc90-0xbfeefd47]
Mar 28 15:38:09 management kernel: [    0.013743] ACPI: Reserving HPET table memory at [mem 0xbfeefc58-0xbfeefc8f]
Mar 28 15:38:09 management kernel: [    0.013745] ACPI: Reserving WAET table memory at [mem 0xbfeefc30-0xbfeefc57]
Mar 28 15:38:09 management kernel: [    0.013846] SRAT: PXM 0 -> APIC 0x00 -> Node 0
Mar 28 15:38:09 management kernel: [    0.013851] ACPI: SRAT: Node 0 PXM 0 [mem 0x00000000-0x0009ffff]
Mar 28 15:38:09 management kernel: [    0.013854] ACPI: SRAT: Node 0 PXM 0 [mem 0x00100000-0xbfffffff]
Mar 28 15:38:09 management kernel: [    0.013856] ACPI: SRAT: Node 0 PXM 0 [mem 0x100000000-0x13fffffff]
Mar 28 15:38:09 management kernel: [    0.013859] NUMA: Node 0 [mem 0x00000000-0x0009ffff] + [mem 0x00100000-0xbfffffff] -> [mem 0x00000000-0xbfffffff]
Mar 28 15:38:09 management kernel: [    0.013862] NUMA: Node 0 [mem 0x00000000-0xbfffffff] + [mem 0x100000000-0x13fffffff] -> [mem 0x00000000-0x13fffffff]
Mar 28 15:38:09 management kernel: [    0.013874] NODE_DATA(0) allocated [mem 0x13ffd3000-0x13fffcfff]
Mar 28 15:38:09 management kernel: [    0.014550] Zone ranges:
Mar 28 15:38:09 management kernel: [    0.014553]   DMA      [mem 0x0000000000001000-0x0000000000ffffff]
Mar 28 15:38:09 management kernel: [    0.014556]   DMA32    [mem 0x0000000001000000-0x00000000ffffffff]
Mar 28 15:38:09 management kernel: [    0.014558]   Normal   [mem 0x0000000100000000-0x000000013fffffff]
Mar 28 15:38:09 management kernel: [    0.014561]   Device   empty
Mar 28 15:38:09 management kernel: [    0.014563] Movable zone start for each node
Mar 28 15:38:09 management kernel: [    0.014565] Early memory node ranges
Mar 28 15:38:09 management kernel: [    0.014566]   node   0: [mem 0x0000000000001000-0x000000000009efff]
Mar 28 15:38:09 management kernel: [    0.014568]   node   0: [mem 0x0000000000100000-0x00000000bfedffff]
Mar 28 15:38:09 management kernel: [    0.014571]   node   0: [mem 0x00000000bff00000-0x00000000bfffffff]
Mar 28 15:38:09 management kernel: [    0.014572]   node   0: [mem 0x0000000100000000-0x000000013fffffff]
Mar 28 15:38:09 management kernel: [    0.014575] Initmem setup node 0 [mem 0x0000000000001000-0x000000013fffffff]
Mar 28 15:38:09 management kernel: [    0.014587] On node 0, zone DMA: 1 pages in unavailable ranges
Mar 28 15:38:09 management kernel: [    0.014643] On node 0, zone DMA: 97 pages in unavailable ranges
Mar 28 15:38:09 management kernel: [    0.024016] On node 0, zone DMA32: 32 pages in unavailable ranges
Mar 28 15:38:09 management kernel: [    0.036781] ACPI: PM-Timer IO Port: 0x1008
Mar 28 15:38:09 management kernel: [    0.036800] ACPI: LAPIC_NMI (acpi_id[0x00] high edge lint[0x1])
Mar 28 15:38:09 management kernel: [    0.036849] IOAPIC[0]: apic_id 1, version 32, address 0xfec00000, GSI 0-23
Mar 28 15:38:09 management kernel: [    0.036854] ACPI: INT_SRC_OVR (bus 0 bus_irq 0 global_irq 2 high edge)
Mar 28 15:38:09 management kernel: [    0.036860] ACPI: Using ACPI (MADT) for SMP configuration information
Mar 28 15:38:09 management kernel: [    0.036863] ACPI: HPET id: 0x8086af01 base: 0xfed00000
Mar 28 15:38:09 management kernel: [    0.036868] TSC deadline timer available
Mar 28 15:38:09 management kernel: [    0.036882] smpboot: Allowing 1 CPUs, 0 hotplug CPUs
Mar 28 15:38:09 management kernel: [    0.036897] PM: hibernation: Registered nosave memory: [mem 0x00000000-0x00000fff]
Mar 28 15:38:09 management kernel: [    0.036901] PM: hibernation: Registered nosave memory: [mem 0x0009f000-0x0009ffff]
Mar 28 15:38:09 management kernel: [    0.036902] PM: hibernation: Registered nosave memory: [mem 0x000a0000-0x000dbfff]
Mar 28 15:38:09 management kernel: [    0.036904] PM: hibernation: Registered nosave memory: [mem 0x000dc000-0x000fffff]
Mar 28 15:38:09 management kernel: [    0.036906] PM: hibernation: Registered nosave memory: [mem 0xbfee0000-0xbfefefff]
Mar 28 15:38:09 management kernel: [    0.036908] PM: hibernation: Registered nosave memory: [mem 0xbfeff000-0xbfefffff]
Mar 28 15:38:09 management kernel: [    0.036916] PM: hibernation: Registered nosave memory: [mem 0xc0000000-0xefffffff]
Mar 28 15:38:09 management kernel: [    0.036918] PM: hibernation: Registered nosave memory: [mem 0xf0000000-0xf7ffffff]
Mar 28 15:38:09 management kernel: [    0.036920] PM: hibernation: Registered nosave memory: [mem 0xf8000000-0xfebfffff]
Mar 28 15:38:09 management kernel: [    0.036922] PM: hibernation: Registered nosave memory: [mem 0xfec00000-0xfec0ffff]
Mar 28 15:38:09 management kernel: [    0.036923] PM: hibernation: Registered nosave memory: [mem 0xfec10000-0xfedfffff]
Mar 28 15:38:09 management kernel: [    0.036925] PM: hibernation: Registered nosave memory: [mem 0xfee00000-0xfee00fff]
Mar 28 15:38:09 management kernel: [    0.036926] PM: hibernation: Registered nosave memory: [mem 0xfee01000-0xfffdffff]
Mar 28 15:38:09 management kernel: [    0.036928] PM: hibernation: Registered nosave memory: [mem 0xfffe0000-0xffffffff]
Mar 28 15:38:09 management kernel: [    0.036930] [mem 0xc0000000-0xefffffff] available for PCI devices
Mar 28 15:38:09 management kernel: [    0.036932] Booting paravirtualized kernel on VMware hypervisor
Mar 28 15:38:09 management kernel: [    0.036935] clocksource: refined-jiffies: mask: 0xffffffff max_cycles: 0xffffffff, max_idle_ns: 7645519600211568 ns
Mar 28 15:38:09 management kernel: [    0.036944] setup_percpu: NR_CPUS:8192 nr_cpumask_bits:1 nr_cpu_ids:1 nr_node_ids:1
Mar 28 15:38:09 management kernel: [    0.037235] percpu: Embedded 60 pages/cpu s208896 r8192 d28672 u2097152
Mar 28 15:38:09 management kernel: [    0.037244] pcpu-alloc: s208896 r8192 d28672 u2097152 alloc=1*2097152
Mar 28 15:38:09 management kernel: [    0.037247] pcpu-alloc: [0] 0 
Mar 28 15:38:09 management kernel: [    0.037275] Built 1 zonelists, mobility grouping on.  Total pages: 1031904
Mar 28 15:38:09 management kernel: [    0.037277] Policy zone: Normal
Mar 28 15:38:09 management kernel: [    0.037279] Kernel command line: BOOT_IMAGE=/vmlinuz-5.15.0-60-generic root=/dev/mapper/ubuntu--vg-ubuntu--lv ro
Mar 28 15:38:09 management kernel: [    0.037326] Unknown kernel command line parameters "BOOT_IMAGE=/vmlinuz-5.15.0-60-generic", will be passed to user space.
Mar 28 15:38:09 management kernel: [    0.037803] Dentry cache hash table entries: 524288 (order: 10, 4194304 bytes, linear)
Mar 28 15:38:09 management kernel: [    0.038037] Inode-cache hash table entries: 262144 (order: 9, 2097152 bytes, linear)
Mar 28 15:38:09 management kernel: [    0.038129] mem auto-init: stack:off, heap alloc:on, heap free:off
Mar 28 15:38:09 management kernel: [    0.068484] Memory: 3904356K/4193784K available (16393K kernel code, 4379K rwdata, 10820K rodata, 3240K init, 6560K bss, 289168K reserved, 0K cma-reserved)
Mar 28 15:38:09 management kernel: [    0.068797] SLUB: HWalign=64, Order=0-3, MinObjects=0, CPUs=1, Nodes=1
Mar 28 15:38:09 management kernel: [    0.068816] Kernel/User page tables isolation: enabled
Mar 28 15:38:09 management kernel: [    0.068838] ftrace: allocating 50540 entries in 198 pages
Mar 28 15:38:09 management kernel: [    0.095196] ftrace: allocated 198 pages with 4 groups
Mar 28 15:38:09 management kernel: [    0.095341] rcu: Hierarchical RCU implementation.
Mar 28 15:38:09 management kernel: [    0.095344] rcu: 	RCU restricting CPUs from NR_CPUS=8192 to nr_cpu_ids=1.
Mar 28 15:38:09 management kernel: [    0.095346] 	Rude variant of Tasks RCU enabled.
Mar 28 15:38:09 management kernel: [    0.095347] 	Tracing variant of Tasks RCU enabled.
Mar 28 15:38:09 management kernel: [    0.095348] rcu: RCU calculated value of scheduler-enlistment delay is 25 jiffies.
Mar 28 15:38:09 management kernel: [    0.095350] rcu: Adjusting geometry for rcu_fanout_leaf=16, nr_cpu_ids=1
Mar 28 15:38:09 management kernel: [    0.101103] NR_IRQS: 524544, nr_irqs: 256, preallocated irqs: 16
Mar 28 15:38:09 management kernel: [    0.103905] Console: colour VGA+ 80x25
Mar 28 15:38:09 management kernel: [    0.114280] printk: console [tty0] enabled
Mar 28 15:38:09 management kernel: [    0.114363] ACPI: Core revision 20210730
Mar 28 15:38:09 management kernel: [    0.114645] clocksource: hpet: mask: 0xffffffff max_cycles: 0xffffffff, max_idle_ns: 133484882848 ns
Mar 28 15:38:09 management kernel: [    0.114821] APIC: Switch to symmetric I/O mode setup
Mar 28 15:38:09 management kernel: [    0.115028] x2apic enabled
Mar 28 15:38:09 management kernel: [    0.115162] Switched APIC routing to physical x2apic.
Mar 28 15:38:09 management kernel: [    0.115791] ..TIMER: vector=0x30 apic1=0 pin1=2 apic2=-1 pin2=-1
Mar 28 15:38:09 management kernel: [    0.115900] clocksource: tsc-early: mask: 0xffffffffffffffff max_cycles: 0x300cbc70369, max_idle_ns: 440795303191 ns
Mar 28 15:38:09 management kernel: [    0.116027] Calibrating delay loop (skipped) preset value.. 6666.90 BogoMIPS (lpj=13333804)
Mar 28 15:38:09 management kernel: [    0.116128] pid_max: default: 32768 minimum: 301
Mar 28 15:38:09 management kernel: [    0.116257] LSM: Security Framework initializing
Mar 28 15:38:09 management kernel: [    0.116332] landlock: Up and running.
Mar 28 15:38:09 management kernel: [    0.116384] Yama: becoming mindful.
Mar 28 15:38:09 management kernel: [    0.116480] AppArmor: AppArmor initialized
Mar 28 15:38:09 management kernel: [    0.116597] Mount-cache hash table entries: 8192 (order: 4, 65536 bytes, linear)
Mar 28 15:38:09 management kernel: [    0.116698] Mountpoint-cache hash table entries: 8192 (order: 4, 65536 bytes, linear)
Mar 28 15:38:09 management kernel: [    0.117165] Disabled fast string operations
Mar 28 15:38:09 management kernel: [    0.117339] Last level iTLB entries: 4KB 512, 2MB 7, 4MB 7
Mar 28 15:38:09 management kernel: [    0.117410] Last level dTLB entries: 4KB 512, 2MB 32, 4MB 32, 1GB 0
Mar 28 15:38:09 management kernel: [    0.117490] Spectre V1 : Mitigation: usercopy/swapgs barriers and __user pointer sanitization
Mar 28 15:38:09 management kernel: [    0.117591] Spectre V2 : Mitigation: IBRS
Mar 28 15:38:09 management kernel: [    0.117718] Spectre V2 : Spectre v2 / SpectreRSB mitigation: Filling RSB on context switch
Mar 28 15:38:09 management kernel: [    0.117944] Spectre V2 : Spectre v2 / SpectreRSB : Filling RSB on VMEXIT
Mar 28 15:38:09 management kernel: [    0.118130] RETBleed: Mitigation: IBRS
Mar 28 15:38:09 management kernel: [    0.118264] Spectre V2 : mitigation: Enabling conditional Indirect Branch Prediction Barrier
Mar 28 15:38:09 management kernel: [    0.118498] Speculative Store Bypass: Mitigation: Speculative Store Bypass disabled via prctl and seccomp
Mar 28 15:38:09 management kernel: [    0.120031] MDS: Vulnerable: Clear CPU buffers attempted, no microcode
Mar 28 15:38:09 management kernel: [    0.120234] MMIO Stale Data: Unknown: No mitigations
Mar 28 15:38:09 management kernel: [    0.149411] Freeing SMP alternatives memory: 40K
Mar 28 15:38:09 management kernel: [    0.151002] smpboot: CPU0: Intel(R) Xeon(R) CPU           X5680  @ 3.33GHz (family: 0x6, model: 0x2c, stepping: 0x2)
Mar 28 15:38:09 management kernel: [    0.151509] Performance Events: Westmere events, core PMU driver.
Mar 28 15:38:09 management kernel: [    0.151724] core: CPUID marked event: 'cpu cycles' unavailable
Mar 28 15:38:09 management kernel: [    0.151890] core: CPUID marked event: 'instructions' unavailable
Mar 28 15:38:09 management kernel: [    0.152023] core: CPUID marked event: 'bus cycles' unavailable
Mar 28 15:38:09 management kernel: [    0.152023] core: CPUID marked event: 'cache references' unavailable
Mar 28 15:38:09 management kernel: [    0.152023] core: CPUID marked event: 'cache misses' unavailable
Mar 28 15:38:09 management kernel: [    0.152023] core: CPUID marked event: 'branch instructions' unavailable
Mar 28 15:38:09 management kernel: [    0.152023] core: CPUID marked event: 'branch misses' unavailable
Mar 28 15:38:09 management kernel: [    0.152023] ... version:                1
Mar 28 15:38:09 management kernel: [    0.152023] ... bit width:              48
Mar 28 15:38:09 management kernel: [    0.152023] ... generic registers:      4
Mar 28 15:38:09 management kernel: [    0.152023] ... value mask:             0000ffffffffffff
Mar 28 15:38:09 management kernel: [    0.152023] ... max period:             000000007fffffff
Mar 28 15:38:09 management kernel: [    0.152023] ... fixed-purpose events:   0
Mar 28 15:38:09 management kernel: [    0.152023] ... event mask:             000000000000000f
Mar 28 15:38:09 management kernel: [    0.152023] rcu: Hierarchical SRCU implementation.
Mar 28 15:38:09 management kernel: [    0.152023] NMI watchdog: Perf NMI watchdog permanently disabled
Mar 28 15:38:09 management kernel: [    0.152023] smp: Bringing up secondary CPUs ...
Mar 28 15:38:09 management kernel: [    0.152031] smp: Brought up 1 node, 1 CPU
Mar 28 15:38:09 management kernel: [    0.152165] smpboot: Max logical packages: 1
Mar 28 15:38:09 management kernel: [    0.152304] smpboot: Total of 1 processors activated (6666.90 BogoMIPS)
Mar 28 15:38:09 management kernel: [    0.152887] devtmpfs: initialized
Mar 28 15:38:09 management kernel: [    0.153054] x86/mm: Memory block size: 128MB
Mar 28 15:38:09 management kernel: [    0.153672] ACPI: PM: Registering ACPI NVS region [mem 0xbfeff000-0xbfefffff] (4096 bytes)
Mar 28 15:38:09 management kernel: [    0.153949] clocksource: jiffies: mask: 0xffffffff max_cycles: 0xffffffff, max_idle_ns: 7645041785100000 ns
Mar 28 15:38:09 management kernel: [    0.154214] futex hash table entries: 256 (order: 2, 16384 bytes, linear)
Mar 28 15:38:09 management kernel: [    0.154477] pinctrl core: initialized pinctrl subsystem
Mar 28 15:38:09 management kernel: [    0.154898] PM: RTC time: 15:36:06, date: 2023-03-28
Mar 28 15:38:09 management kernel: [    0.155262] NET: Registered PF_NETLINK/PF_ROUTE protocol family
Mar 28 15:38:09 management kernel: [    0.155593] DMA: preallocated 512 KiB GFP_KERNEL pool for atomic allocations
Mar 28 15:38:09 management kernel: [    0.156471] DMA: preallocated 512 KiB GFP_KERNEL|GFP_DMA pool for atomic allocations
Mar 28 15:38:09 management kernel: [    0.156758] DMA: preallocated 512 KiB GFP_KERNEL|GFP_DMA32 pool for atomic allocations
Mar 28 15:38:09 management kernel: [    0.156991] audit: initializing netlink subsys (disabled)
Mar 28 15:38:09 management kernel: [    0.157382] thermal_sys: Registered thermal governor 'fair_share'
Mar 28 15:38:09 management kernel: [    0.157384] thermal_sys: Registered thermal governor 'bang_bang'
Mar 28 15:38:09 management kernel: [    0.157570] thermal_sys: Registered thermal governor 'step_wise'
Mar 28 15:38:09 management kernel: [    0.157759] thermal_sys: Registered thermal governor 'user_space'
Mar 28 15:38:09 management kernel: [    0.157941] thermal_sys: Registered thermal governor 'power_allocator'
Mar 28 15:38:09 management kernel: [    0.158133] EISA bus registered
Mar 28 15:38:09 management kernel: [    0.158451] cpuidle: using governor ladder
Mar 28 15:38:09 management kernel: [    0.158588] cpuidle: using governor menu
Mar 28 15:38:09 management kernel: [    0.158742] Simple Boot Flag at 0x36 set to 0x80
Mar 28 15:38:09 management kernel: [    0.158917] ACPI: bus type PCI registered
Mar 28 15:38:09 management kernel: [    0.159052] acpiphp: ACPI Hot Plug PCI Controller Driver version: 0.5
Mar 28 15:38:09 management kernel: [    0.159460] PCI: MMCONFIG for domain 0000 [bus 00-7f] at [mem 0xf0000000-0xf7ffffff] (base 0xf0000000)
Mar 28 15:38:09 management kernel: [    0.159731] PCI: MMCONFIG at [mem 0xf0000000-0xf7ffffff] reserved in E820
Mar 28 15:38:09 management kernel: [    0.159945] PCI: Using configuration type 1 for base access
Mar 28 15:38:09 management kernel: [    0.161602] Kprobes globally optimized
Mar 28 15:38:09 management kernel: [    0.161754] audit: type=2000 audit(1680017765.040:1): state=initialized audit_enabled=0 res=1
Mar 28 15:38:09 management kernel: [    0.162090] HugeTLB registered 2.00 MiB page size, pre-allocated 0 pages
Mar 28 15:38:09 management kernel: [    0.163589] ACPI: Added _OSI(Module Device)
Mar 28 15:38:09 management kernel: [    0.163725] ACPI: Added _OSI(Processor Device)
Mar 28 15:38:09 management kernel: [    0.163864] ACPI: Added _OSI(3.0 _SCP Extensions)
Mar 28 15:38:09 management kernel: [    0.164009] ACPI: Added _OSI(Processor Aggregator Device)
Mar 28 15:38:09 management kernel: [    0.164032] ACPI: Added _OSI(Linux-Dell-Video)
Mar 28 15:38:09 management kernel: [    0.164189] ACPI: Added _OSI(Linux-Lenovo-NV-HDMI-Audio)
Mar 28 15:38:09 management kernel: [    0.164358] ACPI: Added _OSI(Linux-HPI-Hybrid-Graphics)
Mar 28 15:38:09 management kernel: [    0.178201] ACPI: 1 ACPI AML tables successfully acquired and loaded
Mar 28 15:38:09 management kernel: [    0.180487] ACPI: [Firmware Bug]: BIOS _OSI(Linux) query ignored
Mar 28 15:38:09 management kernel: [    0.184378] ACPI: Interpreter enabled
Mar 28 15:38:09 management kernel: [    0.184519] ACPI: PM: (supports S0 S1 S4 S5)
Mar 28 15:38:09 management kernel: [    0.184654] ACPI: Using IOAPIC for interrupt routing
Mar 28 15:38:09 management kernel: [    0.184835] PCI: Using host bridge windows from ACPI; if necessary, use "pci=nocrs" and report a bug
Mar 28 15:38:09 management kernel: [    0.185093] PCI: Using E820 reservations for host bridge windows
Mar 28 15:38:09 management kernel: [    0.185931] ACPI: Enabled 4 GPEs in block 00 to 0F
Mar 28 15:38:09 management kernel: [    0.247968] ACPI: PCI Root Bridge [PCI0] (domain 0000 [bus 00-7f])
Mar 28 15:38:09 management kernel: [    0.248034] acpi PNP0A03:00: _OSC: OS supports [ExtendedConfig ASPM ClockPM Segments MSI EDR HPX-Type3]
Mar 28 15:38:09 management kernel: [    0.248612] acpi PNP0A03:00: _OSC: platform does not support [AER LTR DPC]
Mar 28 15:38:09 management kernel: [    0.249163] acpi PNP0A03:00: _OSC: OS now controls [PCIeHotplug SHPCHotplug PME PCIeCapability]
Mar 28 15:38:09 management kernel: [    0.252131] PCI host bridge to bus 0000:00
Mar 28 15:38:09 management kernel: [    0.252267] pci_bus 0000:00: root bus resource [bus 00-7f]
Mar 28 15:38:09 management kernel: [    0.252431] pci_bus 0000:00: root bus resource [io  0x0000-0x0cf7 window]
Mar 28 15:38:09 management kernel: [    0.252625] pci_bus 0000:00: root bus resource [io  0x0d00-0xfeff window]
Mar 28 15:38:09 management kernel: [    0.252828] pci_bus 0000:00: root bus resource [mem 0x000a0000-0x000bffff window]
Mar 28 15:38:09 management kernel: [    0.253068] pci_bus 0000:00: root bus resource [mem 0x000d0000-0x000dbfff window]
Mar 28 15:38:09 management kernel: [    0.253285] pci_bus 0000:00: root bus resource [mem 0xc0000000-0xfebfffff window]
Mar 28 15:38:09 management kernel: [    0.253747] pci 0000:00:00.0: [8086:7190] type 00 class 0x060000
Mar 28 15:38:09 management kernel: [    0.255489] pci 0000:00:01.0: [8086:7191] type 01 class 0x060400
Mar 28 15:38:09 management kernel: [    0.259608] pci 0000:00:07.0: [8086:7110] type 00 class 0x060100
Mar 28 15:38:09 management kernel: [    0.260907] pci 0000:00:07.1: [8086:7111] type 00 class 0x01018a
Mar 28 15:38:09 management kernel: [    0.262455] pci 0000:00:07.1: reg 0x20: [io  0x1060-0x106f]
Mar 28 15:38:09 management kernel: [    0.263156] pci 0000:00:07.1: legacy IDE quirk: reg 0x10: [io  0x01f0-0x01f7]
Mar 28 15:38:09 management kernel: [    0.263359] pci 0000:00:07.1: legacy IDE quirk: reg 0x14: [io  0x03f6]
Mar 28 15:38:09 management kernel: [    0.263546] pci 0000:00:07.1: legacy IDE quirk: reg 0x18: [io  0x0170-0x0177]
Mar 28 15:38:09 management kernel: [    0.263756] pci 0000:00:07.1: legacy IDE quirk: reg 0x1c: [io  0x0376]
Mar 28 15:38:09 management kernel: [    0.264412] pci 0000:00:07.3: [8086:7113] type 00 class 0x068000
Mar 28 15:38:09 management kernel: [    0.266219] pci 0000:00:07.3: quirk: [io  0x1000-0x103f] claimed by PIIX4 ACPI
Mar 28 15:38:09 management kernel: [    0.266452] pci 0000:00:07.3: quirk: [io  0x1040-0x104f] claimed by PIIX4 SMB
Mar 28 15:38:09 management kernel: [    0.267165] pci 0000:00:07.7: [15ad:0740] type 00 class 0x088000
Mar 28 15:38:09 management kernel: [    0.268029] pci 0000:00:07.7: reg 0x10: [io  0x1080-0x10bf]
Mar 28 15:38:09 management kernel: [    0.268937] pci 0000:00:07.7: reg 0x14: [mem 0xfebfe000-0xfebfffff 64bit]
Mar 28 15:38:09 management kernel: [    0.276742] pci 0000:00:0f.0: [15ad:0405] type 00 class 0x030000
Mar 28 15:38:09 management kernel: [    0.278752] pci 0000:00:0f.0: reg 0x10: [io  0x1070-0x107f]
Mar 28 15:38:09 management kernel: [    0.280029] pci 0000:00:0f.0: reg 0x14: [mem 0xe8000000-0xefffffff pref]
Mar 28 15:38:09 management kernel: [    0.281934] pci 0000:00:0f.0: reg 0x18: [mem 0xfe000000-0xfe7fffff]
Mar 28 15:38:09 management kernel: [    0.288029] pci 0000:00:0f.0: reg 0x30: [mem 0x00000000-0x00007fff pref]
Mar 28 15:38:09 management kernel: [    0.288341] pci 0000:00:0f.0: Video device with shadowed ROM at [mem 0x000c0000-0x000dffff]
Mar 28 15:38:09 management kernel: [    0.289850] pci 0000:00:10.0: [1000:0030] type 00 class 0x010000
Mar 28 15:38:09 management kernel: [    0.291202] pci 0000:00:10.0: reg 0x10: [io  0x1400-0x14ff]
Mar 28 15:38:09 management kernel: [    0.292029] pci 0000:00:10.0: reg 0x14: [mem 0xfeba0000-0xfebbffff 64bit]
Mar 28 15:38:09 management kernel: [    0.293353] pci 0000:00:10.0: reg 0x1c: [mem 0xfebc0000-0xfebdffff 64bit]
Mar 28 15:38:09 management kernel: [    0.295721] pci 0000:00:10.0: reg 0x30: [mem 0x00000000-0x00003fff pref]
Mar 28 15:38:09 management kernel: [    0.297225] pci 0000:00:11.0: [15ad:0790] type 01 class 0x060401
Mar 28 15:38:09 management kernel: [    0.300641] pci 0000:00:15.0: [15ad:07a0] type 01 class 0x060400
Mar 28 15:38:09 management kernel: [    0.301755] pci 0000:00:15.0: PME# supported from D0 D3hot D3cold
Mar 28 15:38:09 management kernel: [    0.304610] pci 0000:00:15.1: [15ad:07a0] type 01 class 0x060400
Mar 28 15:38:09 management kernel: [    0.305738] pci 0000:00:15.1: PME# supported from D0 D3hot D3cold
Mar 28 15:38:09 management kernel: [    0.306627] pci 0000:00:15.2: [15ad:07a0] type 01 class 0x060400
Mar 28 15:38:09 management kernel: [    0.307756] pci 0000:00:15.2: PME# supported from D0 D3hot D3cold
Mar 28 15:38:09 management kernel: [    0.308651] pci 0000:00:15.3: [15ad:07a0] type 01 class 0x060400
Mar 28 15:38:09 management kernel: [    0.309798] pci 0000:00:15.3: PME# supported from D0 D3hot D3cold
Mar 28 15:38:09 management kernel: [    0.310676] pci 0000:00:15.4: [15ad:07a0] type 01 class 0x060400
Mar 28 15:38:09 management kernel: [    0.311810] pci 0000:00:15.4: PME# supported from D0 D3hot D3cold
Mar 28 15:38:09 management kernel: [    0.312690] pci 0000:00:15.5: [15ad:07a0] type 01 class 0x060400
Mar 28 15:38:09 management kernel: [    0.313845] pci 0000:00:15.5: PME# supported from D0 D3hot D3cold
Mar 28 15:38:09 management kernel: [    0.314751] pci 0000:00:15.6: [15ad:07a0] type 01 class 0x060400
Mar 28 15:38:09 management kernel: [    0.315883] pci 0000:00:15.6: PME# supported from D0 D3hot D3cold
Mar 28 15:38:09 management kernel: [    0.316742] pci 0000:00:15.7: [15ad:07a0] type 01 class 0x060400
Mar 28 15:38:09 management kernel: [    0.317878] pci 0000:00:15.7: PME# supported from D0 D3hot D3cold
Mar 28 15:38:09 management kernel: [    0.319283] pci 0000:00:16.0: [15ad:07a0] type 01 class 0x060400
Mar 28 15:38:09 management kernel: [    0.320413] pci 0000:00:16.0: PME# supported from D0 D3hot D3cold
Mar 28 15:38:09 management kernel: [    0.321316] pci 0000:00:16.1: [15ad:07a0] type 01 class 0x060400
Mar 28 15:38:09 management kernel: [    0.322449] pci 0000:00:16.1: PME# supported from D0 D3hot D3cold
Mar 28 15:38:09 management kernel: [    0.323349] pci 0000:00:16.2: [15ad:07a0] type 01 class 0x060400
Mar 28 15:38:09 management kernel: [    0.324482] pci 0000:00:16.2: PME# supported from D0 D3hot D3cold
Mar 28 15:38:09 management kernel: [    0.325426] pci 0000:00:16.3: [15ad:07a0] type 01 class 0x060400
Mar 28 15:38:09 management kernel: [    0.326559] pci 0000:00:16.3: PME# supported from D0 D3hot D3cold
Mar 28 15:38:09 management kernel: [    0.327467] pci 0000:00:16.4: [15ad:07a0] type 01 class 0x060400
Mar 28 15:38:09 management kernel: [    0.328590] pci 0000:00:16.4: PME# supported from D0 D3hot D3cold
Mar 28 15:38:09 management kernel: [    0.329501] pci 0000:00:16.5: [15ad:07a0] type 01 class 0x060400
Mar 28 15:38:09 management kernel: [    0.330647] pci 0000:00:16.5: PME# supported from D0 D3hot D3cold
Mar 28 15:38:09 management kernel: [    0.331536] pci 0000:00:16.6: [15ad:07a0] type 01 class 0x060400
Mar 28 15:38:09 management kernel: [    0.332674] pci 0000:00:16.6: PME# supported from D0 D3hot D3cold
Mar 28 15:38:09 management kernel: [    0.333570] pci 0000:00:16.7: [15ad:07a0] type 01 class 0x060400
Mar 28 15:38:09 management kernel: [    0.334714] pci 0000:00:16.7: PME# supported from D0 D3hot D3cold
Mar 28 15:38:09 management kernel: [    0.336122] pci 0000:00:17.0: [15ad:07a0] type 01 class 0x060400
Mar 28 15:38:09 management kernel: [    0.337251] pci 0000:00:17.0: PME# supported from D0 D3hot D3cold
Mar 28 15:38:09 management kernel: [    0.338157] pci 0000:00:17.1: [15ad:07a0] type 01 class 0x060400
Mar 28 15:38:09 management kernel: [    0.339292] pci 0000:00:17.1: PME# supported from D0 D3hot D3cold
Mar 28 15:38:09 management kernel: [    0.340195] pci 0000:00:17.2: [15ad:07a0] type 01 class 0x060400
Mar 28 15:38:09 management kernel: [    0.341326] pci 0000:00:17.2: PME# supported from D0 D3hot D3cold
Mar 28 15:38:09 management kernel: [    0.342232] pci 0000:00:17.3: [15ad:07a0] type 01 class 0x060400
Mar 28 15:38:09 management kernel: [    0.343364] pci 0000:00:17.3: PME# supported from D0 D3hot D3cold
Mar 28 15:38:09 management kernel: [    0.344265] pci 0000:00:17.4: [15ad:07a0] type 01 class 0x060400
Mar 28 15:38:09 management kernel: [    0.345396] pci 0000:00:17.4: PME# supported from D0 D3hot D3cold
Mar 28 15:38:09 management kernel: [    0.346303] pci 0000:00:17.5: [15ad:07a0] type 01 class 0x060400
Mar 28 15:38:09 management kernel: [    0.347433] pci 0000:00:17.5: PME# supported from D0 D3hot D3cold
Mar 28 15:38:09 management kernel: [    0.348342] pci 0000:00:17.6: [15ad:07a0] type 01 class 0x060400
Mar 28 15:38:09 management kernel: [    0.349476] pci 0000:00:17.6: PME# supported from D0 D3hot D3cold
Mar 28 15:38:09 management kernel: [    0.350380] pci 0000:00:17.7: [15ad:07a0] type 01 class 0x060400
Mar 28 15:38:09 management kernel: [    0.351527] pci 0000:00:17.7: PME# supported from D0 D3hot D3cold
Mar 28 15:38:09 management kernel: [    0.352932] pci 0000:00:18.0: [15ad:07a0] type 01 class 0x060400
Mar 28 15:38:09 management kernel: [    0.354079] pci 0000:00:18.0: PME# supported from D0 D3hot D3cold
Mar 28 15:38:09 management kernel: [    0.354982] pci 0000:00:18.1: [15ad:07a0] type 01 class 0x060400
Mar 28 15:38:09 management kernel: [    0.356107] pci 0000:00:18.1: PME# supported from D0 D3hot D3cold
Mar 28 15:38:09 management kernel: [    0.357005] pci 0000:00:18.2: [15ad:07a0] type 01 class 0x060400
Mar 28 15:38:09 management kernel: [    0.358135] pci 0000:00:18.2: PME# supported from D0 D3hot D3cold
Mar 28 15:38:09 management kernel: [    0.359056] pci 0000:00:18.3: [15ad:07a0] type 01 class 0x060400
Mar 28 15:38:09 management kernel: [    0.360179] pci 0000:00:18.3: PME# supported from D0 D3hot D3cold
Mar 28 15:38:09 management kernel: [    0.361086] pci 0000:00:18.4: [15ad:07a0] type 01 class 0x060400
Mar 28 15:38:09 management kernel: [    0.362624] pci 0000:00:18.4: PME# supported from D0 D3hot D3cold
Mar 28 15:38:09 management kernel: [    0.363533] pci 0000:00:18.5: [15ad:07a0] type 01 class 0x060400
Mar 28 15:38:09 management kernel: [    0.364662] pci 0000:00:18.5: PME# supported from D0 D3hot D3cold
Mar 28 15:38:09 management kernel: [    0.365553] pci 0000:00:18.6: [15ad:07a0] type 01 class 0x060400
Mar 28 15:38:09 management kernel: [    0.366681] pci 0000:00:18.6: PME# supported from D0 D3hot D3cold
Mar 28 15:38:09 management kernel: [    0.367583] pci 0000:00:18.7: [15ad:07a0] type 01 class 0x060400
Mar 28 15:38:09 management kernel: [    0.368707] pci 0000:00:18.7: PME# supported from D0 D3hot D3cold
Mar 28 15:38:09 management kernel: [    0.373422] pci_bus 0000:01: extended config space not accessible
Mar 28 15:38:09 management kernel: [    0.390190] pci 0000:00:01.0: PCI bridge to [bus 01]
Mar 28 15:38:09 management kernel: [    0.390603] pci_bus 0000:02: extended config space not accessible
Mar 28 15:38:09 management kernel: [    0.391078] acpiphp: Slot [32] registered
Mar 28 15:38:09 management kernel: [    0.391244] acpiphp: Slot [33] registered
Mar 28 15:38:09 management kernel: [    0.391415] acpiphp: Slot [34] registered
Mar 28 15:38:09 management kernel: [    0.391579] acpiphp: Slot [35] registered
Mar 28 15:38:09 management kernel: [    0.391740] acpiphp: Slot [36] registered
Mar 28 15:38:09 management kernel: [    0.391906] acpiphp: Slot [37] registered
Mar 28 15:38:09 management kernel: [    0.392057] acpiphp: Slot [38] registered
Mar 28 15:38:09 management kernel: [    0.392220] acpiphp: Slot [39] registered
Mar 28 15:38:09 management kernel: [    0.392391] acpiphp: Slot [40] registered
Mar 28 15:38:09 management kernel: [    0.392554] acpiphp: Slot [41] registered
Mar 28 15:38:09 management kernel: [    0.392715] acpiphp: Slot [42] registered
Mar 28 15:38:09 management kernel: [    0.392880] acpiphp: Slot [43] registered
Mar 28 15:38:09 management kernel: [    0.393043] acpiphp: Slot [44] registered
Mar 28 15:38:09 management kernel: [    0.393209] acpiphp: Slot [45] registered
Mar 28 15:38:09 management kernel: [    0.393372] acpiphp: Slot [46] registered
Mar 28 15:38:09 management kernel: [    0.393544] acpiphp: Slot [47] registered
Mar 28 15:38:09 management kernel: [    0.393706] acpiphp: Slot [48] registered
Mar 28 15:38:09 management kernel: [    0.393867] acpiphp: Slot [49] registered
Mar 28 15:38:09 management kernel: [    0.394033] acpiphp: Slot [50] registered
Mar 28 15:38:09 management kernel: [    0.394196] acpiphp: Slot [51] registered
Mar 28 15:38:09 management kernel: [    0.394358] acpiphp: Slot [52] registered
Mar 28 15:38:09 management kernel: [    0.394531] acpiphp: Slot [53] registered
Mar 28 15:38:09 management kernel: [    0.394698] acpiphp: Slot [54] registered
Mar 28 15:38:09 management kernel: [    0.394861] acpiphp: Slot [55] registered
Mar 28 15:38:09 management kernel: [    0.395026] acpiphp: Slot [56] registered
Mar 28 15:38:09 management kernel: [    0.395189] acpiphp: Slot [57] registered
Mar 28 15:38:09 management kernel: [    0.395350] acpiphp: Slot [58] registered
Mar 28 15:38:09 management kernel: [    0.395523] acpiphp: Slot [59] registered
Mar 28 15:38:09 management kernel: [    0.395686] acpiphp: Slot [60] registered
Mar 28 15:38:09 management kernel: [    0.395847] acpiphp: Slot [61] registered
Mar 28 15:38:09 management kernel: [    0.396013] acpiphp: Slot [62] registered
Mar 28 15:38:09 management kernel: [    0.396057] acpiphp: Slot [63] registered
Mar 28 15:38:09 management kernel: [    0.396379] pci 0000:02:00.0: [15ad:0774] type 00 class 0x0c0300
Mar 28 15:38:09 management kernel: [    0.397775] pci 0000:02:00.0: reg 0x20: [io  0x2000-0x201f]
Mar 28 15:38:09 management kernel: [    0.400259] pci 0000:02:01.0: [15ad:0770] type 00 class 0x0c0320
Mar 28 15:38:09 management kernel: [    0.401035] pci 0000:02:01.0: reg 0x10: [mem 0xfd5ff000-0xfd5fffff]
Mar 28 15:38:09 management kernel: [    0.406559] pci 0000:02:03.0: [15ad:07e0] type 00 class 0x010601
Mar 28 15:38:09 management kernel: [    0.409863] pci 0000:02:03.0: reg 0x24: [mem 0xfd5fe000-0xfd5fefff]
Mar 28 15:38:09 management kernel: [    0.410579] pci 0000:02:03.0: reg 0x30: [mem 0x00000000-0x0000ffff pref]
Mar 28 15:38:09 management kernel: [    0.411237] pci 0000:02:03.0: PME# supported from D3hot
Mar 28 15:38:09 management kernel: [    0.427113] pci 0000:00:11.0: PCI bridge to [bus 02] (subtractive decode)
Mar 28 15:38:09 management kernel: [    0.427335] pci 0000:00:11.0:   bridge window [io  0x2000-0x3fff]
Mar 28 15:38:09 management kernel: [    0.427536] pci 0000:00:11.0:   bridge window [mem 0xfd500000-0xfdffffff]
Mar 28 15:38:09 management kernel: [    0.427775] pci 0000:00:11.0:   bridge window [mem 0xe7b00000-0xe7ffffff 64bit pref]
Mar 28 15:38:09 management kernel: [    0.428007] pci 0000:00:11.0:   bridge window [io  0x0000-0x0cf7 window] (subtractive decode)
Mar 28 15:38:09 management kernel: [    0.428028] pci 0000:00:11.0:   bridge window [io  0x0d00-0xfeff window] (subtractive decode)
Mar 28 15:38:09 management kernel: [    0.428287] pci 0000:00:11.0:   bridge window [mem 0x000a0000-0x000bffff window] (subtractive decode)
Mar 28 15:38:09 management kernel: [    0.428556] pci 0000:00:11.0:   bridge window [mem 0x000d0000-0x000dbfff window] (subtractive decode)
Mar 28 15:38:09 management kernel: [    0.428824] pci 0000:00:11.0:   bridge window [mem 0xc0000000-0xfebfffff window] (subtractive decode)
Mar 28 15:38:09 management kernel: [    0.429599] pci 0000:03:00.0: [15ad:07b0] type 00 class 0x020000
Mar 28 15:38:09 management kernel: [    0.431337] pci 0000:03:00.0: reg 0x10: [mem 0xfd4fc000-0xfd4fcfff]
Mar 28 15:38:09 management kernel: [    0.432854] pci 0000:03:00.0: reg 0x14: [mem 0xfd4fd000-0xfd4fdfff]
Mar 28 15:38:09 management kernel: [    0.434518] pci 0000:03:00.0: reg 0x18: [mem 0xfd4fe000-0xfd4fffff]
Mar 28 15:38:09 management kernel: [    0.436029] pci 0000:03:00.0: reg 0x1c: [io  0x4000-0x400f]
Mar 28 15:38:09 management kernel: [    0.440030] pci 0000:03:00.0: reg 0x30: [mem 0x00000000-0x0000ffff pref]
Mar 28 15:38:09 management kernel: [    0.440800] pci 0000:03:00.0: supports D1 D2
Mar 28 15:38:09 management kernel: [    0.440944] pci 0000:03:00.0: PME# supported from D0 D1 D2 D3hot D3cold
Mar 28 15:38:09 management kernel: [    0.442197] pci 0000:03:00.0: disabling ASPM on pre-1.1 PCIe device.  You can enable it with 'pcie_aspm=force'
Mar 28 15:38:09 management kernel: [    0.458718] pci 0000:00:15.0: PCI bridge to [bus 03]
Mar 28 15:38:09 management kernel: [    0.458905] pci 0000:00:15.0:   bridge window [io  0x4000-0x4fff]
Mar 28 15:38:09 management kernel: [    0.459113] pci 0000:00:15.0:   bridge window [mem 0xfd400000-0xfd4fffff]
Mar 28 15:38:09 management kernel: [    0.476486] pci 0000:00:15.1: PCI bridge to [bus 04]
Mar 28 15:38:09 management kernel: [    0.476673] pci 0000:00:15.1:   bridge window [io  0x8000-0x8fff]
Mar 28 15:38:09 management kernel: [    0.476882] pci 0000:00:15.1:   bridge window [mem 0xfd000000-0xfd0fffff]
Mar 28 15:38:09 management kernel: [    0.477128] pci 0000:00:15.1:   bridge window [mem 0xe7700000-0xe77fffff 64bit pref]
Mar 28 15:38:09 management kernel: [    0.493996] pci 0000:00:15.2: PCI bridge to [bus 05]
Mar 28 15:38:09 management kernel: [    0.494184] pci 0000:00:15.2:   bridge window [io  0xc000-0xcfff]
Mar 28 15:38:09 management kernel: [    0.494393] pci 0000:00:15.2:   bridge window [mem 0xfcc00000-0xfccfffff]
Mar 28 15:38:09 management kernel: [    0.494639] pci 0000:00:15.2:   bridge window [mem 0xe7300000-0xe73fffff 64bit pref]
Mar 28 15:38:09 management kernel: [    0.511487] pci 0000:00:15.3: PCI bridge to [bus 06]
Mar 28 15:38:09 management kernel: [    0.511701] pci 0000:00:15.3:   bridge window [mem 0xfc800000-0xfc8fffff]
Mar 28 15:38:09 management kernel: [    0.511948] pci 0000:00:15.3:   bridge window [mem 0xe6f00000-0xe6ffffff 64bit pref]
Mar 28 15:38:09 management kernel: [    0.528963] pci 0000:00:15.4: PCI bridge to [bus 07]
Mar 28 15:38:09 management kernel: [    0.529172] pci 0000:00:15.4:   bridge window [mem 0xfc400000-0xfc4fffff]
Mar 28 15:38:09 management kernel: [    0.529419] pci 0000:00:15.4:   bridge window [mem 0xe6b00000-0xe6bfffff 64bit pref]
Mar 28 15:38:09 management kernel: [    0.546357] pci 0000:00:15.5: PCI bridge to [bus 08]
Mar 28 15:38:09 management kernel: [    0.546581] pci 0000:00:15.5:   bridge window [mem 0xfc000000-0xfc0fffff]
Mar 28 15:38:09 management kernel: [    0.546868] pci 0000:00:15.5:   bridge window [mem 0xe6700000-0xe67fffff 64bit pref]
Mar 28 15:38:09 management kernel: [    0.563916] pci 0000:00:15.6: PCI bridge to [bus 09]
Mar 28 15:38:09 management kernel: [    0.564083] pci 0000:00:15.6:   bridge window [mem 0xfbc00000-0xfbcfffff]
Mar 28 15:38:09 management kernel: [    0.564358] pci 0000:00:15.6:   bridge window [mem 0xe6300000-0xe63fffff 64bit pref]
Mar 28 15:38:09 management kernel: [    0.581400] pci 0000:00:15.7: PCI bridge to [bus 0a]
Mar 28 15:38:09 management kernel: [    0.581611] pci 0000:00:15.7:   bridge window [mem 0xfb800000-0xfb8fffff]
Mar 28 15:38:09 management kernel: [    0.581859] pci 0000:00:15.7:   bridge window [mem 0xe5f00000-0xe5ffffff 64bit pref]
Mar 28 15:38:09 management kernel: [    0.598718] pci 0000:00:16.0: PCI bridge to [bus 0b]
Mar 28 15:38:09 management kernel: [    0.598907] pci 0000:00:16.0:   bridge window [io  0x5000-0x5fff]
Mar 28 15:38:09 management kernel: [    0.599118] pci 0000:00:16.0:   bridge window [mem 0xfd300000-0xfd3fffff]
Mar 28 15:38:09 management kernel: [    0.599365] pci 0000:00:16.0:   bridge window [mem 0xe7a00000-0xe7afffff 64bit pref]
Mar 28 15:38:09 management kernel: [    0.616251] pci 0000:00:16.1: PCI bridge to [bus 0c]
Mar 28 15:38:09 management kernel: [    0.616440] pci 0000:00:16.1:   bridge window [io  0x9000-0x9fff]
Mar 28 15:38:09 management kernel: [    0.616659] pci 0000:00:16.1:   bridge window [mem 0xfcf00000-0xfcffffff]
Mar 28 15:38:09 management kernel: [    0.616907] pci 0000:00:16.1:   bridge window [mem 0xe7600000-0xe76fffff 64bit pref]
Mar 28 15:38:09 management kernel: [    0.633712] pci 0000:00:16.2: PCI bridge to [bus 0d]
Mar 28 15:38:09 management kernel: [    0.633901] pci 0000:00:16.2:   bridge window [io  0xd000-0xdfff]
Mar 28 15:38:09 management kernel: [    0.634111] pci 0000:00:16.2:   bridge window [mem 0xfcb00000-0xfcbfffff]
Mar 28 15:38:09 management kernel: [    0.634358] pci 0000:00:16.2:   bridge window [mem 0xe7200000-0xe72fffff 64bit pref]
Mar 28 15:38:09 management kernel: [    0.651216] pci 0000:00:16.3: PCI bridge to [bus 0e]
Mar 28 15:38:09 management kernel: [    0.651428] pci 0000:00:16.3:   bridge window [mem 0xfc700000-0xfc7fffff]
Mar 28 15:38:09 management kernel: [    0.651676] pci 0000:00:16.3:   bridge window [mem 0xe6e00000-0xe6efffff 64bit pref]
Mar 28 15:38:09 management kernel: [    0.668522] pci 0000:00:16.4: PCI bridge to [bus 0f]
Mar 28 15:38:09 management kernel: [    0.668732] pci 0000:00:16.4:   bridge window [mem 0xfc300000-0xfc3fffff]
Mar 28 15:38:09 management kernel: [    0.668980] pci 0000:00:16.4:   bridge window [mem 0xe6a00000-0xe6afffff 64bit pref]
Mar 28 15:38:09 management kernel: [    0.685785] pci 0000:00:16.5: PCI bridge to [bus 10]
Mar 28 15:38:09 management kernel: [    0.685994] pci 0000:00:16.5:   bridge window [mem 0xfbf00000-0xfbffffff]
Mar 28 15:38:09 management kernel: [    0.686242] pci 0000:00:16.5:   bridge window [mem 0xe6600000-0xe66fffff 64bit pref]
Mar 28 15:38:09 management kernel: [    0.703063] pci 0000:00:16.6: PCI bridge to [bus 11]
Mar 28 15:38:09 management kernel: [    0.703273] pci 0000:00:16.6:   bridge window [mem 0xfbb00000-0xfbbfffff]
Mar 28 15:38:09 management kernel: [    0.703521] pci 0000:00:16.6:   bridge window [mem 0xe6200000-0xe62fffff 64bit pref]
Mar 28 15:38:09 management kernel: [    0.720338] pci 0000:00:16.7: PCI bridge to [bus 12]
Mar 28 15:38:09 management kernel: [    0.720548] pci 0000:00:16.7:   bridge window [mem 0xfb700000-0xfb7fffff]
Mar 28 15:38:09 management kernel: [    0.720796] pci 0000:00:16.7:   bridge window [mem 0xe5e00000-0xe5efffff 64bit pref]
Mar 28 15:38:09 management kernel: [    0.737788] pci 0000:00:17.0: PCI bridge to [bus 13]
Mar 28 15:38:09 management kernel: [    0.737998] pci 0000:00:17.0:   bridge window [io  0x6000-0x6fff]
Mar 28 15:38:09 management kernel: [    0.738234] pci 0000:00:17.0:   bridge window [mem 0xfd200000-0xfd2fffff]
Mar 28 15:38:09 management kernel: [    0.738507] pci 0000:00:17.0:   bridge window [mem 0xe7900000-0xe79fffff 64bit pref]
Mar 28 15:38:09 management kernel: [    0.755443] pci 0000:00:17.1: PCI bridge to [bus 14]
Mar 28 15:38:09 management kernel: [    0.755639] pci 0000:00:17.1:   bridge window [io  0xa000-0xafff]
Mar 28 15:38:09 management kernel: [    0.755849] pci 0000:00:17.1:   bridge window [mem 0xfce00000-0xfcefffff]
Mar 28 15:38:09 management kernel: [    0.756076] pci 0000:00:17.1:   bridge window [mem 0xe7500000-0xe75fffff 64bit pref]
Mar 28 15:38:09 management kernel: [    0.773028] pci 0000:00:17.2: PCI bridge to [bus 15]
Mar 28 15:38:09 management kernel: [    0.773217] pci 0000:00:17.2:   bridge window [io  0xe000-0xefff]
Mar 28 15:38:09 management kernel: [    0.773426] pci 0000:00:17.2:   bridge window [mem 0xfca00000-0xfcafffff]
Mar 28 15:38:09 management kernel: [    0.773675] pci 0000:00:17.2:   bridge window [mem 0xe7100000-0xe71fffff 64bit pref]
Mar 28 15:38:09 management kernel: [    0.790683] pci 0000:00:17.3: PCI bridge to [bus 16]
Mar 28 15:38:09 management kernel: [    0.790900] pci 0000:00:17.3:   bridge window [mem 0xfc600000-0xfc6fffff]
Mar 28 15:38:09 management kernel: [    0.791148] pci 0000:00:17.3:   bridge window [mem 0xe6d00000-0xe6dfffff 64bit pref]
Mar 28 15:38:09 management kernel: [    0.808074] pci 0000:00:17.4: PCI bridge to [bus 17]
Mar 28 15:38:09 management kernel: [    0.808285] pci 0000:00:17.4:   bridge window [mem 0xfc200000-0xfc2fffff]
Mar 28 15:38:09 management kernel: [    0.808532] pci 0000:00:17.4:   bridge window [mem 0xe6900000-0xe69fffff 64bit pref]
Mar 28 15:38:09 management kernel: [    0.825441] pci 0000:00:17.5: PCI bridge to [bus 18]
Mar 28 15:38:09 management kernel: [    0.825652] pci 0000:00:17.5:   bridge window [mem 0xfbe00000-0xfbefffff]
Mar 28 15:38:09 management kernel: [    0.825908] pci 0000:00:17.5:   bridge window [mem 0xe6500000-0xe65fffff 64bit pref]
Mar 28 15:38:09 management kernel: [    0.842851] pci 0000:00:17.6: PCI bridge to [bus 19]
Mar 28 15:38:09 management kernel: [    0.843061] pci 0000:00:17.6:   bridge window [mem 0xfba00000-0xfbafffff]
Mar 28 15:38:09 management kernel: [    0.843308] pci 0000:00:17.6:   bridge window [mem 0xe6100000-0xe61fffff 64bit pref]
Mar 28 15:38:09 management kernel: [    0.860284] pci 0000:00:17.7: PCI bridge to [bus 1a]
Mar 28 15:38:09 management kernel: [    0.860501] pci 0000:00:17.7:   bridge window [mem 0xfb600000-0xfb6fffff]
Mar 28 15:38:09 management kernel: [    0.860759] pci 0000:00:17.7:   bridge window [mem 0xe5d00000-0xe5dfffff 64bit pref]
Mar 28 15:38:09 management kernel: [    0.877709] pci 0000:00:18.0: PCI bridge to [bus 1b]
Mar 28 15:38:09 management kernel: [    0.877897] pci 0000:00:18.0:   bridge window [io  0x7000-0x7fff]
Mar 28 15:38:09 management kernel: [    0.878489] pci 0000:00:18.0:   bridge window [mem 0xfd100000-0xfd1fffff]
Mar 28 15:38:09 management kernel: [    0.878745] pci 0000:00:18.0:   bridge window [mem 0xe7800000-0xe78fffff 64bit pref]
Mar 28 15:38:09 management kernel: [    0.895645] pci 0000:00:18.1: PCI bridge to [bus 1c]
Mar 28 15:38:09 management kernel: [    0.895833] pci 0000:00:18.1:   bridge window [io  0xb000-0xbfff]
Mar 28 15:38:09 management kernel: [    0.896039] pci 0000:00:18.1:   bridge window [mem 0xfcd00000-0xfcdfffff]
Mar 28 15:38:09 management kernel: [    0.896288] pci 0000:00:18.1:   bridge window [mem 0xe7400000-0xe74fffff 64bit pref]
Mar 28 15:38:09 management kernel: [    0.913138] pci 0000:00:18.2: PCI bridge to [bus 1d]
Mar 28 15:38:09 management kernel: [    0.913348] pci 0000:00:18.2:   bridge window [mem 0xfc900000-0xfc9fffff]
Mar 28 15:38:09 management kernel: [    0.913602] pci 0000:00:18.2:   bridge window [mem 0xe7000000-0xe70fffff 64bit pref]
Mar 28 15:38:09 management kernel: [    0.930494] pci 0000:00:18.3: PCI bridge to [bus 1e]
Mar 28 15:38:09 management kernel: [    0.930712] pci 0000:00:18.3:   bridge window [mem 0xfc500000-0xfc5fffff]
Mar 28 15:38:09 management kernel: [    0.930961] pci 0000:00:18.3:   bridge window [mem 0xe6c00000-0xe6cfffff 64bit pref]
Mar 28 15:38:09 management kernel: [    0.946971] pci 0000:00:18.4: PCI bridge to [bus 1f]
Mar 28 15:38:09 management kernel: [    0.947172] pci 0000:00:18.4:   bridge window [mem 0xfc100000-0xfc1fffff]
Mar 28 15:38:09 management kernel: [    0.947408] pci 0000:00:18.4:   bridge window [mem 0xe6800000-0xe68fffff 64bit pref]
Mar 28 15:38:09 management kernel: [    0.963550] pci 0000:00:18.5: PCI bridge to [bus 20]
Mar 28 15:38:09 management kernel: [    0.963754] pci 0000:00:18.5:   bridge window [mem 0xfbd00000-0xfbdfffff]
Mar 28 15:38:09 management kernel: [    0.963990] pci 0000:00:18.5:   bridge window [mem 0xe6400000-0xe64fffff 64bit pref]
Mar 28 15:38:09 management kernel: [    0.980636] pci 0000:00:18.6: PCI bridge to [bus 21]
Mar 28 15:38:09 management kernel: [    0.980845] pci 0000:00:18.6:   bridge window [mem 0xfb900000-0xfb9fffff]
Mar 28 15:38:09 management kernel: [    0.981092] pci 0000:00:18.6:   bridge window [mem 0xe6000000-0xe60fffff 64bit pref]
Mar 28 15:38:09 management kernel: [    0.997902] pci 0000:00:18.7: PCI bridge to [bus 22]
Mar 28 15:38:09 management kernel: [    0.998112] pci 0000:00:18.7:   bridge window [mem 0xfb500000-0xfb5fffff]
Mar 28 15:38:09 management kernel: [    0.998368] pci 0000:00:18.7:   bridge window [mem 0xe5c00000-0xe5cfffff 64bit pref]
Mar 28 15:38:09 management kernel: [    1.001401] ACPI: PCI: Interrupt link LNKA configured for IRQ 9
Mar 28 15:38:09 management kernel: [    1.001708] ACPI: PCI: Interrupt link LNKB configured for IRQ 11
Mar 28 15:38:09 management kernel: [    1.002017] ACPI: PCI: Interrupt link LNKC configured for IRQ 10
Mar 28 15:38:09 management kernel: [    1.002341] ACPI: PCI: Interrupt link LNKD configured for IRQ 7
Mar 28 15:38:09 management kernel: [    1.013894] iommu: Default domain type: Translated 
Mar 28 15:38:09 management kernel: [    1.014048] iommu: DMA domain TLB invalidation policy: lazy mode 
Mar 28 15:38:09 management kernel: [    1.014453] SCSI subsystem initialized
Mar 28 15:38:09 management kernel: [    1.014617] libata version 3.00 loaded.
Mar 28 15:38:09 management kernel: [    1.014668] pci 0000:00:0f.0: vgaarb: setting as boot VGA device
Mar 28 15:38:09 management kernel: [    1.014845] pci 0000:00:0f.0: vgaarb: VGA device added: decodes=io+mem,owns=io+mem,locks=none
Mar 28 15:38:09 management kernel: [    1.015089] pci 0000:00:0f.0: vgaarb: bridge control possible
Mar 28 15:38:09 management kernel: [    1.015267] vgaarb: loaded
Mar 28 15:38:09 management kernel: [    1.015413] ACPI: bus type USB registered
Mar 28 15:38:09 management kernel: [    1.015572] usbcore: registered new interface driver usbfs
Mar 28 15:38:09 management kernel: [    1.015742] usbcore: registered new interface driver hub
Mar 28 15:38:09 management kernel: [    1.015907] usbcore: registered new device driver usb
Mar 28 15:38:09 management kernel: [    1.016061] pps_core: LinuxPPS API ver. 1 registered
Mar 28 15:38:09 management kernel: [    1.016230] pps_core: Software ver. 5.3.6 - Copyright 2005-2007 Rodolfo Giometti <giometti@linux.it>
Mar 28 15:38:09 management kernel: [    1.016498] PTP clock support registered
Mar 28 15:38:09 management kernel: [    1.016679] EDAC MC: Ver: 3.0.0
Mar 28 15:38:09 management kernel: [    1.018484] NetLabel: Initializing
Mar 28 15:38:09 management kernel: [    1.018609] NetLabel:  domain hash size = 128
Mar 28 15:38:09 management kernel: [    1.018753] NetLabel:  protocols = UNLABELED CIPSOv4 CALIPSO
Mar 28 15:38:09 management kernel: [    1.018943] NetLabel:  unlabeled traffic allowed by default
Mar 28 15:38:09 management kernel: [    1.019157] PCI: Using ACPI for IRQ routing
Mar 28 15:38:09 management kernel: [    1.117234] PCI: pci_cache_line_size set to 64 bytes
Mar 28 15:38:09 management kernel: [    1.118260] e820: reserve RAM buffer [mem 0x0009f400-0x0009ffff]
Mar 28 15:38:09 management kernel: [    1.118264] e820: reserve RAM buffer [mem 0xbfee0000-0xbfffffff]
Mar 28 15:38:09 management kernel: [    1.119401] hpet0: at MMIO 0xfed00000, IRQs 2, 8, 0, 0, 0, 0, 0, 0, 0, 0, 0, 0, 0, 0, 0, 0
Mar 28 15:38:09 management kernel: [    1.119662] hpet0: 16 comparators, 64-bit 14.318180 MHz counter
Mar 28 15:38:09 management kernel: [    1.122133] clocksource: Switched to clocksource tsc-early
Mar 28 15:38:09 management kernel: [    1.136234] VFS: Disk quotas dquot_6.6.0
Mar 28 15:38:09 management kernel: [    1.136392] VFS: Dquot-cache hash table entries: 512 (order 0, 4096 bytes)
Mar 28 15:38:09 management kernel: [    1.136707] AppArmor: AppArmor Filesystem Enabled
Mar 28 15:38:09 management kernel: [    1.136874] pnp: PnP ACPI init
Mar 28 15:38:09 management kernel: [    1.137246] system 00:00: [io  0x1000-0x103f] has been reserved
Mar 28 15:38:09 management kernel: [    1.137424] system 00:00: [io  0x1040-0x104f] has been reserved
Mar 28 15:38:09 management kernel: [    1.137598] system 00:00: [io  0x0cf0-0x0cf1] has been reserved
Mar 28 15:38:09 management kernel: [    1.138152] system 00:04: [mem 0xfed00000-0xfed003ff] has been reserved
Mar 28 15:38:09 management kernel: [    1.147298] system 00:05: [io  0xfce0-0xfcff] has been reserved
Mar 28 15:38:09 management kernel: [    1.147479] system 00:05: [mem 0xf0000000-0xf7ffffff] has been reserved
Mar 28 15:38:09 management kernel: [    1.147672] system 00:05: [mem 0xfe800000-0xfe9fffff] has been reserved
Mar 28 15:38:09 management kernel: [    1.157796] pnp: PnP ACPI: found 6 devices
Mar 28 15:38:09 management kernel: [    1.163830] clocksource: acpi_pm: mask: 0xffffff max_cycles: 0xffffff, max_idle_ns: 2085701024 ns
Mar 28 15:38:09 management kernel: [    1.164189] NET: Registered PF_INET protocol family
Mar 28 15:38:09 management kernel: [    1.164445] IP idents hash table entries: 65536 (order: 7, 524288 bytes, linear)
Mar 28 15:38:09 management kernel: [    1.165914] tcp_listen_portaddr_hash hash table entries: 2048 (order: 3, 32768 bytes, linear)
Mar 28 15:38:09 management kernel: [    1.166199] Table-perturb hash table entries: 65536 (order: 6, 262144 bytes, linear)
Mar 28 15:38:09 management kernel: [    1.166463] TCP established hash table entries: 32768 (order: 6, 262144 bytes, linear)
Mar 28 15:38:09 management kernel: [    1.166804] TCP bind hash table entries: 32768 (order: 7, 524288 bytes, linear)
Mar 28 15:38:09 management kernel: [    1.167086] TCP: Hash tables configured (established 32768 bind 32768)
Mar 28 15:38:09 management kernel: [    1.167354] MPTCP token hash table entries: 4096 (order: 4, 98304 bytes, linear)
Mar 28 15:38:09 management kernel: [    1.167611] UDP hash table entries: 2048 (order: 4, 65536 bytes, linear)
Mar 28 15:38:09 management kernel: [    1.167830] UDP-Lite hash table entries: 2048 (order: 4, 65536 bytes, linear)
Mar 28 15:38:09 management kernel: [    1.168126] NET: Registered PF_UNIX/PF_LOCAL protocol family
Mar 28 15:38:09 management kernel: [    1.168313] NET: Registered PF_XDP protocol family
Mar 28 15:38:09 management kernel: [    1.168480] pci 0000:00:15.0: bridge window [mem 0x00100000-0x000fffff 64bit pref] to [bus 03] add_size 200000 add_align 100000
Mar 28 15:38:09 management kernel: [    1.168804] pci 0000:00:15.3: bridge window [io  0x1000-0x0fff] to [bus 06] add_size 1000
Mar 28 15:38:09 management kernel: [    1.169057] pci 0000:00:15.4: bridge window [io  0x1000-0x0fff] to [bus 07] add_size 1000
Mar 28 15:38:09 management kernel: [    1.169300] pci 0000:00:15.5: bridge window [io  0x1000-0x0fff] to [bus 08] add_size 1000
Mar 28 15:38:09 management kernel: [    1.169543] pci 0000:00:15.6: bridge window [io  0x1000-0x0fff] to [bus 09] add_size 1000
Mar 28 15:38:09 management kernel: [    1.169786] pci 0000:00:15.7: bridge window [io  0x1000-0x0fff] to [bus 0a] add_size 1000
Mar 28 15:38:09 management kernel: [    1.170041] pci 0000:00:16.3: bridge window [io  0x1000-0x0fff] to [bus 0e] add_size 1000
Mar 28 15:38:09 management kernel: [    1.170285] pci 0000:00:16.4: bridge window [io  0x1000-0x0fff] to [bus 0f] add_size 1000
Mar 28 15:38:09 management kernel: [    1.170528] pci 0000:00:16.5: bridge window [io  0x1000-0x0fff] to [bus 10] add_size 1000
Mar 28 15:38:09 management kernel: [    1.170771] pci 0000:00:16.6: bridge window [io  0x1000-0x0fff] to [bus 11] add_size 1000
Mar 28 15:38:09 management kernel: [    1.171026] pci 0000:00:16.7: bridge window [io  0x1000-0x0fff] to [bus 12] add_size 1000
Mar 28 15:38:09 management kernel: [    1.171270] pci 0000:00:17.3: bridge window [io  0x1000-0x0fff] to [bus 16] add_size 1000
Mar 28 15:38:09 management kernel: [    1.171513] pci 0000:00:17.4: bridge window [io  0x1000-0x0fff] to [bus 17] add_size 1000
Mar 28 15:38:09 management kernel: [    1.171756] pci 0000:00:17.5: bridge window [io  0x1000-0x0fff] to [bus 18] add_size 1000
Mar 28 15:38:09 management kernel: [    1.172008] pci 0000:00:17.6: bridge window [io  0x1000-0x0fff] to [bus 19] add_size 1000
Mar 28 15:38:09 management kernel: [    1.172288] pci 0000:00:17.7: bridge window [io  0x1000-0x0fff] to [bus 1a] add_size 1000
Mar 28 15:38:09 management kernel: [    1.172532] pci 0000:00:18.2: bridge window [io  0x1000-0x0fff] to [bus 1d] add_size 1000
Mar 28 15:38:09 management kernel: [    1.172784] pci 0000:00:18.3: bridge window [io  0x1000-0x0fff] to [bus 1e] add_size 1000
Mar 28 15:38:09 management kernel: [    1.173037] pci 0000:00:18.4: bridge window [io  0x1000-0x0fff] to [bus 1f] add_size 1000
Mar 28 15:38:09 management kernel: [    1.173280] pci 0000:00:18.5: bridge window [io  0x1000-0x0fff] to [bus 20] add_size 1000
Mar 28 15:38:09 management kernel: [    1.173522] pci 0000:00:18.6: bridge window [io  0x1000-0x0fff] to [bus 21] add_size 1000
Mar 28 15:38:09 management kernel: [    1.173764] pci 0000:00:18.7: bridge window [io  0x1000-0x0fff] to [bus 22] add_size 1000
Mar 28 15:38:09 management kernel: [    1.174034] pci 0000:00:15.0: BAR 15: assigned [mem 0xc0000000-0xc01fffff 64bit pref]
Mar 28 15:38:09 management kernel: [    1.174271] pci 0000:00:10.0: BAR 6: assigned [mem 0xc0200000-0xc0203fff pref]
Mar 28 15:38:09 management kernel: [    1.174493] pci 0000:00:15.3: BAR 13: no space for [io  size 0x1000]
Mar 28 15:38:09 management kernel: [    1.174685] pci 0000:00:15.3: BAR 13: failed to assign [io  size 0x1000]
Mar 28 15:38:09 management kernel: [    1.174886] pci 0000:00:15.4: BAR 13: no space for [io  size 0x1000]
Mar 28 15:38:09 management kernel: [    1.175088] pci 0000:00:15.4: BAR 13: failed to assign [io  size 0x1000]
Mar 28 15:38:09 management kernel: [    1.175291] pci 0000:00:15.5: BAR 13: no space for [io  size 0x1000]
Mar 28 15:38:09 management kernel: [    1.175483] pci 0000:00:15.5: BAR 13: failed to assign [io  size 0x1000]
Mar 28 15:38:09 management kernel: [    1.175684] pci 0000:00:15.6: BAR 13: no space for [io  size 0x1000]
Mar 28 15:38:09 management kernel: [    1.175876] pci 0000:00:15.6: BAR 13: failed to assign [io  size 0x1000]
Mar 28 15:38:09 management kernel: [    1.176104] pci 0000:00:15.7: BAR 13: no space for [io  size 0x1000]
Mar 28 15:38:09 management kernel: [    1.176297] pci 0000:00:15.7: BAR 13: failed to assign [io  size 0x1000]
Mar 28 15:38:09 management kernel: [    1.176498] pci 0000:00:16.3: BAR 13: no space for [io  size 0x1000]
Mar 28 15:38:09 management kernel: [    1.176690] pci 0000:00:16.3: BAR 13: failed to assign [io  size 0x1000]
Mar 28 15:38:09 management kernel: [    1.176898] pci 0000:00:16.4: BAR 13: no space for [io  size 0x1000]
Mar 28 15:38:09 management kernel: [    1.177111] pci 0000:00:16.4: BAR 13: failed to assign [io  size 0x1000]
Mar 28 15:38:09 management kernel: [    1.177327] pci 0000:00:16.5: BAR 13: no space for [io  size 0x1000]
Mar 28 15:38:09 management kernel: [    1.177523] pci 0000:00:16.5: BAR 13: failed to assign [io  size 0x1000]
Mar 28 15:38:09 management kernel: [    1.177726] pci 0000:00:16.6: BAR 13: no space for [io  size 0x1000]
Mar 28 15:38:09 management kernel: [    1.177927] pci 0000:00:16.6: BAR 13: failed to assign [io  size 0x1000]
Mar 28 15:38:09 management kernel: [    1.178129] pci 0000:00:16.7: BAR 13: no space for [io  size 0x1000]
Mar 28 15:38:09 management kernel: [    1.178321] pci 0000:00:16.7: BAR 13: failed to assign [io  size 0x1000]
Mar 28 15:38:09 management kernel: [    1.178542] pci 0000:00:17.3: BAR 13: no space for [io  size 0x1000]
Mar 28 15:38:09 management kernel: [    1.178738] pci 0000:00:17.3: BAR 13: failed to assign [io  size 0x1000]
Mar 28 15:38:09 management kernel: [    1.178948] pci 0000:00:17.4: BAR 13: no space for [io  size 0x1000]
Mar 28 15:38:09 management kernel: [    1.179141] pci 0000:00:17.4: BAR 13: failed to assign [io  size 0x1000]
Mar 28 15:38:09 management kernel: [    1.179342] pci 0000:00:17.5: BAR 13: no space for [io  size 0x1000]
Mar 28 15:38:09 management kernel: [    1.179534] pci 0000:00:17.5: BAR 13: failed to assign [io  size 0x1000]
Mar 28 15:38:09 management kernel: [    1.179736] pci 0000:00:17.6: BAR 13: no space for [io  size 0x1000]
Mar 28 15:38:09 management kernel: [    1.179936] pci 0000:00:17.6: BAR 13: failed to assign [io  size 0x1000]
Mar 28 15:38:09 management kernel: [    1.180151] pci 0000:00:17.7: BAR 13: no space for [io  size 0x1000]
Mar 28 15:38:09 management kernel: [    1.180342] pci 0000:00:17.7: BAR 13: failed to assign [io  size 0x1000]
Mar 28 15:38:09 management kernel: [    1.180542] pci 0000:00:18.2: BAR 13: no space for [io  size 0x1000]
Mar 28 15:38:09 management kernel: [    1.180733] pci 0000:00:18.2: BAR 13: failed to assign [io  size 0x1000]
Mar 28 15:38:09 management kernel: [    1.180948] pci 0000:00:18.3: BAR 13: no space for [io  size 0x1000]
Mar 28 15:38:09 management kernel: [    1.181140] pci 0000:00:18.3: BAR 13: failed to assign [io  size 0x1000]
Mar 28 15:38:09 management kernel: [    1.181340] pci 0000:00:18.4: BAR 13: no space for [io  size 0x1000]
Mar 28 15:38:09 management kernel: [    1.181530] pci 0000:00:18.4: BAR 13: failed to assign [io  size 0x1000]
Mar 28 15:38:09 management kernel: [    1.181730] pci 0000:00:18.5: BAR 13: no space for [io  size 0x1000]
Mar 28 15:38:09 management kernel: [    1.181922] pci 0000:00:18.5: BAR 13: failed to assign [io  size 0x1000]
Mar 28 15:38:09 management kernel: [    1.182558] pci 0000:00:18.6: BAR 13: no space for [io  size 0x1000]
Mar 28 15:38:09 management kernel: [    1.182750] pci 0000:00:18.6: BAR 13: failed to assign [io  size 0x1000]
Mar 28 15:38:09 management kernel: [    1.182961] pci 0000:00:18.7: BAR 13: no space for [io  size 0x1000]
Mar 28 15:38:09 management kernel: [    1.183152] pci 0000:00:18.7: BAR 13: failed to assign [io  size 0x1000]
Mar 28 15:38:09 management kernel: [    1.183356] pci 0000:00:18.7: BAR 13: no space for [io  size 0x1000]
Mar 28 15:38:09 management kernel: [    1.183547] pci 0000:00:18.7: BAR 13: failed to assign [io  size 0x1000]
Mar 28 15:38:09 management kernel: [    1.183747] pci 0000:00:18.6: BAR 13: no space for [io  size 0x1000]
Mar 28 15:38:09 management kernel: [    1.183947] pci 0000:00:18.6: BAR 13: failed to assign [io  size 0x1000]
Mar 28 15:38:09 management kernel: [    1.184163] pci 0000:00:18.5: BAR 13: no space for [io  size 0x1000]
Mar 28 15:38:09 management kernel: [    1.184355] pci 0000:00:18.5: BAR 13: failed to assign [io  size 0x1000]
Mar 28 15:38:09 management kernel: [    1.184555] pci 0000:00:18.4: BAR 13: no space for [io  size 0x1000]
Mar 28 15:38:09 management kernel: [    1.184745] pci 0000:00:18.4: BAR 13: failed to assign [io  size 0x1000]
Mar 28 15:38:09 management kernel: [    1.184960] pci 0000:00:18.3: BAR 13: no space for [io  size 0x1000]
Mar 28 15:38:09 management kernel: [    1.185151] pci 0000:00:18.3: BAR 13: failed to assign [io  size 0x1000]
Mar 28 15:38:09 management kernel: [    1.185352] pci 0000:00:18.2: BAR 13: no space for [io  size 0x1000]
Mar 28 15:38:09 management kernel: [    1.185542] pci 0000:00:18.2: BAR 13: failed to assign [io  size 0x1000]
Mar 28 15:38:09 management kernel: [    1.185742] pci 0000:00:17.7: BAR 13: no space for [io  size 0x1000]
Mar 28 15:38:09 management kernel: [    1.185942] pci 0000:00:17.7: BAR 13: failed to assign [io  size 0x1000]
Mar 28 15:38:09 management kernel: [    1.186144] pci 0000:00:17.6: BAR 13: no space for [io  size 0x1000]
Mar 28 15:38:09 management kernel: [    1.186335] pci 0000:00:17.6: BAR 13: failed to assign [io  size 0x1000]
Mar 28 15:38:09 management kernel: [    1.186535] pci 0000:00:17.5: BAR 13: no space for [io  size 0x1000]
Mar 28 15:38:09 management kernel: [    1.186725] pci 0000:00:17.5: BAR 13: failed to assign [io  size 0x1000]
Mar 28 15:38:09 management kernel: [    1.186928] pci 0000:00:17.4: BAR 13: no space for [io  size 0x1000]
Mar 28 15:38:09 management kernel: [    1.187124] pci 0000:00:17.4: BAR 13: failed to assign [io  size 0x1000]
Mar 28 15:38:09 management kernel: [    1.187324] pci 0000:00:17.3: BAR 13: no space for [io  size 0x1000]
Mar 28 15:38:09 management kernel: [    1.187515] pci 0000:00:17.3: BAR 13: failed to assign [io  size 0x1000]
Mar 28 15:38:09 management kernel: [    1.187715] pci 0000:00:16.7: BAR 13: no space for [io  size 0x1000]
Mar 28 15:38:09 management kernel: [    1.187905] pci 0000:00:16.7: BAR 13: failed to assign [io  size 0x1000]
Mar 28 15:38:09 management kernel: [    1.188133] pci 0000:00:16.6: BAR 13: no space for [io  size 0x1000]
Mar 28 15:38:09 management kernel: [    1.188325] pci 0000:00:16.6: BAR 13: failed to assign [io  size 0x1000]
Mar 28 15:38:09 management kernel: [    1.188525] pci 0000:00:16.5: BAR 13: no space for [io  size 0x1000]
Mar 28 15:38:09 management kernel: [    1.188715] pci 0000:00:16.5: BAR 13: failed to assign [io  size 0x1000]
Mar 28 15:38:09 management kernel: [    1.188915] pci 0000:00:16.4: BAR 13: no space for [io  size 0x1000]
Mar 28 15:38:09 management kernel: [    1.189115] pci 0000:00:16.4: BAR 13: failed to assign [io  size 0x1000]
Mar 28 15:38:09 management kernel: [    1.189316] pci 0000:00:16.3: BAR 13: no space for [io  size 0x1000]
Mar 28 15:38:09 management kernel: [    1.189506] pci 0000:00:16.3: BAR 13: failed to assign [io  size 0x1000]
Mar 28 15:38:09 management kernel: [    1.189706] pci 0000:00:15.7: BAR 13: no space for [io  size 0x1000]
Mar 28 15:38:09 management kernel: [    1.189906] pci 0000:00:15.7: BAR 13: failed to assign [io  size 0x1000]
Mar 28 15:38:09 management kernel: [    1.190107] pci 0000:00:15.6: BAR 13: no space for [io  size 0x1000]
Mar 28 15:38:09 management kernel: [    1.190297] pci 0000:00:15.6: BAR 13: failed to assign [io  size 0x1000]
Mar 28 15:38:09 management kernel: [    1.190497] pci 0000:00:15.5: BAR 13: no space for [io  size 0x1000]
Mar 28 15:38:09 management kernel: [    1.190687] pci 0000:00:15.5: BAR 13: failed to assign [io  size 0x1000]
Mar 28 15:38:09 management kernel: [    1.190896] pci 0000:00:15.4: BAR 13: no space for [io  size 0x1000]
Mar 28 15:38:09 management kernel: [    1.191087] pci 0000:00:15.4: BAR 13: failed to assign [io  size 0x1000]
Mar 28 15:38:09 management kernel: [    1.191287] pci 0000:00:15.3: BAR 13: no space for [io  size 0x1000]
Mar 28 15:38:09 management kernel: [    1.191477] pci 0000:00:15.3: BAR 13: failed to assign [io  size 0x1000]
Mar 28 15:38:09 management kernel: [    1.191677] pci 0000:00:01.0: PCI bridge to [bus 01]
Mar 28 15:38:09 management kernel: [    1.191957] pci 0000:02:03.0: BAR 6: assigned [mem 0xfd500000-0xfd50ffff pref]
Mar 28 15:38:09 management kernel: [    1.192200] pci 0000:00:11.0: PCI bridge to [bus 02]
Mar 28 15:38:09 management kernel: [    1.192372] pci 0000:00:11.0:   bridge window [io  0x2000-0x3fff]
Mar 28 15:38:09 management kernel: [    1.192591] pci 0000:00:11.0:   bridge window [mem 0xfd500000-0xfdffffff]
Mar 28 15:38:09 management kernel: [    1.192814] pci 0000:00:11.0:   bridge window [mem 0xe7b00000-0xe7ffffff 64bit pref]
Mar 28 15:38:09 management kernel: [    1.193108] pci 0000:03:00.0: BAR 6: assigned [mem 0xfd400000-0xfd40ffff pref]
Mar 28 15:38:09 management kernel: [    1.193327] pci 0000:00:15.0: PCI bridge to [bus 03]
Mar 28 15:38:09 management kernel: [    1.193498] pci 0000:00:15.0:   bridge window [io  0x4000-0x4fff]
Mar 28 15:38:09 management kernel: [    1.193717] pci 0000:00:15.0:   bridge window [mem 0xfd400000-0xfd4fffff]
Mar 28 15:38:09 management kernel: [    1.193949] pci 0000:00:15.0:   bridge window [mem 0xc0000000-0xc01fffff 64bit pref]
