Mar 28 15:24:12 ubuntu-server kernel: Linux version 5.15.0-60-generic (buildd@lcy02-amd64-054) (gcc (Ubuntu 11.3.0-1ubuntu1~22.04) 11.3.0, GNU ld (GNU Binutils for Ubuntu) 2.38) #66-Ubuntu SMP Fri Jan 20 14:29:49 UTC 2023 (Ubuntu 5.15.0-60.66-generic 5.15.78)
Mar 28 15:24:12 ubuntu-server kernel: Command line: BOOT_IMAGE=/casper/vmlinuz ---
Mar 28 15:24:12 ubuntu-server kernel: KERNEL supported cpus:
Mar 28 15:24:12 ubuntu-server kernel:   Intel GenuineIntel
Mar 28 15:24:12 ubuntu-server kernel:   AMD AuthenticAMD
Mar 28 15:24:12 ubuntu-server kernel:   Hygon HygonGenuine
Mar 28 15:24:12 ubuntu-server kernel:   Centaur CentaurHauls
Mar 28 15:24:12 ubuntu-server kernel:   zhaoxin   Shanghai  
Mar 28 15:24:12 ubuntu-server kernel: Disabled fast string operations
Mar 28 15:24:12 ubuntu-server kernel: x86/fpu: x87 FPU will use FXSAVE
Mar 28 15:24:12 ubuntu-server kernel: signal: max sigframe size: 1440
Mar 28 15:24:12 ubuntu-server kernel: BIOS-provided physical RAM map:
Mar 28 15:24:12 ubuntu-server kernel: BIOS-e820: [mem 0x0000000000000000-0x000000000009f3ff] usable
Mar 28 15:24:12 ubuntu-server kernel: BIOS-e820: [mem 0x000000000009f400-0x000000000009ffff] reserved
Mar 28 15:24:12 ubuntu-server kernel: BIOS-e820: [mem 0x00000000000dc000-0x00000000000fffff] reserved
Mar 28 15:24:12 ubuntu-server kernel: BIOS-e820: [mem 0x0000000000100000-0x00000000bfedffff] usable
Mar 28 15:24:12 ubuntu-server kernel: BIOS-e820: [mem 0x00000000bfee0000-0x00000000bfefefff] ACPI data
Mar 28 15:24:12 ubuntu-server kernel: BIOS-e820: [mem 0x00000000bfeff000-0x00000000bfefffff] ACPI NVS
Mar 28 15:24:12 ubuntu-server kernel: BIOS-e820: [mem 0x00000000bff00000-0x00000000bfffffff] usable
Mar 28 15:24:12 ubuntu-server kernel: BIOS-e820: [mem 0x00000000f0000000-0x00000000f7ffffff] reserved
Mar 28 15:24:12 ubuntu-server kernel: BIOS-e820: [mem 0x00000000fec00000-0x00000000fec0ffff] reserved
Mar 28 15:24:12 ubuntu-server kernel: BIOS-e820: [mem 0x00000000fee00000-0x00000000fee00fff] reserved
Mar 28 15:24:12 ubuntu-server kernel: BIOS-e820: [mem 0x00000000fffe0000-0x00000000ffffffff] reserved
Mar 28 15:24:12 ubuntu-server kernel: BIOS-e820: [mem 0x0000000100000000-0x000000013fffffff] usable
Mar 28 15:24:12 ubuntu-server kernel: NX (Execute Disable) protection: active
Mar 28 15:24:12 ubuntu-server kernel: SMBIOS 2.7 present.
Mar 28 15:24:12 ubuntu-server kernel: DMI: VMware, Inc. VMware Virtual Platform/440BX Desktop Reference Platform, BIOS 6.00 12/12/2018
Mar 28 15:24:12 ubuntu-server kernel: vmware: hypercall mode: 0x00
Mar 28 15:24:12 ubuntu-server kernel: Hypervisor detected: VMware
Mar 28 15:24:12 ubuntu-server kernel: vmware: TSC freq read from hypervisor : 3333.451 MHz
Mar 28 15:24:12 ubuntu-server kernel: vmware: Host bus clock speed read from hypervisor : 66000000 Hz
Mar 28 15:24:12 ubuntu-server kernel: vmware: using clock offset of 10358522767 ns
Mar 28 15:24:12 ubuntu-server kernel: tsc: Detected 3333.451 MHz processor
Mar 28 15:24:12 ubuntu-server kernel: e820: update [mem 0x00000000-0x00000fff] usable ==> reserved
Mar 28 15:24:12 ubuntu-server kernel: e820: remove [mem 0x000a0000-0x000fffff] usable
Mar 28 15:24:12 ubuntu-server kernel: last_pfn = 0x140000 max_arch_pfn = 0x400000000
Mar 28 15:24:12 ubuntu-server kernel: x86/PAT: Configuration [0-7]: WB  WC  UC- UC  WB  WP  UC- WT  
Mar 28 15:24:12 ubuntu-server kernel: total RAM covered: 7168M
Mar 28 15:24:12 ubuntu-server kernel: Found optimal setting for mtrr clean up
Mar 28 15:24:12 ubuntu-server kernel:  gran_size: 64K         chunk_size: 64K         num_reg: 3          lose cover RAM: 0G
Mar 28 15:24:12 ubuntu-server kernel: e820: update [mem 0xc0000000-0xffffffff] usable ==> reserved
Mar 28 15:24:12 ubuntu-server kernel: last_pfn = 0xc0000 max_arch_pfn = 0x400000000
Mar 28 15:24:12 ubuntu-server kernel: found SMP MP-table at [mem 0x000f6a80-0x000f6a8f]
Mar 28 15:24:12 ubuntu-server kernel: RAMDISK: [mem 0x2aecd000-0x3175dfff]
Mar 28 15:24:12 ubuntu-server kernel: ACPI: Early table checksum verification disabled
Mar 28 15:24:12 ubuntu-server kernel: ACPI: RSDP 0x00000000000F6A10 000024 (v02 PTLTD )
Mar 28 15:24:12 ubuntu-server kernel: ACPI: XSDT 0x00000000BFEEFB94 00005C (v01 INTEL  440BX    06040000 VMW  01324272)
Mar 28 15:24:12 ubuntu-server kernel: ACPI: FACP 0x00000000BFEFEE73 0000F4 (v04 INTEL  440BX    06040000 PTL  000F4240)
Mar 28 15:24:12 ubuntu-server kernel: ACPI: DSDT 0x00000000BFEEFDFC 00F077 (v01 PTLTD  Custom   06040000 MSFT 03000001)
Mar 28 15:24:12 ubuntu-server kernel: ACPI: FACS 0x00000000BFEFFFC0 000040
Mar 28 15:24:12 ubuntu-server kernel: ACPI: FACS 0x00000000BFEFFFC0 000040
Mar 28 15:24:12 ubuntu-server kernel: ACPI: BOOT 0x00000000BFEEFDD4 000028 (v01 PTLTD  $SBFTBL$ 06040000  LTP 00000001)
Mar 28 15:24:12 ubuntu-server kernel: ACPI: APIC 0x00000000BFEEFD84 000050 (v01 PTLTD  ? APIC   06040000  LTP 00000000)
Mar 28 15:24:12 ubuntu-server kernel: ACPI: MCFG 0x00000000BFEEFD48 00003C (v01 PTLTD  $PCITBL$ 06040000  LTP 00000001)
Mar 28 15:24:12 ubuntu-server kernel: ACPI: SRAT 0x00000000BFEEFC90 0000B8 (v02 VMWARE MEMPLUG  06040000 VMW  00000001)
Mar 28 15:24:12 ubuntu-server kernel: ACPI: HPET 0x00000000BFEEFC58 000038 (v01 VMWARE VMW HPET 06040000 VMW  00000001)
Mar 28 15:24:12 ubuntu-server kernel: ACPI: WAET 0x00000000BFEEFC30 000028 (v01 VMWARE VMW WAET 06040000 VMW  00000001)
Mar 28 15:24:12 ubuntu-server kernel: ACPI: Reserving FACP table memory at [mem 0xbfefee73-0xbfefef66]
Mar 28 15:24:12 ubuntu-server kernel: ACPI: Reserving DSDT table memory at [mem 0xbfeefdfc-0xbfefee72]
Mar 28 15:24:12 ubuntu-server kernel: ACPI: Reserving FACS table memory at [mem 0xbfefffc0-0xbfefffff]
Mar 28 15:24:12 ubuntu-server kernel: ACPI: Reserving FACS table memory at [mem 0xbfefffc0-0xbfefffff]
Mar 28 15:24:12 ubuntu-server kernel: ACPI: Reserving BOOT table memory at [mem 0xbfeefdd4-0xbfeefdfb]
Mar 28 15:24:12 ubuntu-server kernel: ACPI: Reserving APIC table memory at [mem 0xbfeefd84-0xbfeefdd3]
Mar 28 15:24:12 ubuntu-server kernel: ACPI: Reserving MCFG table memory at [mem 0xbfeefd48-0xbfeefd83]
Mar 28 15:24:12 ubuntu-server kernel: ACPI: Reserving SRAT table memory at [mem 0xbfeefc90-0xbfeefd47]
Mar 28 15:24:12 ubuntu-server kernel: ACPI: Reserving HPET table memory at [mem 0xbfeefc58-0xbfeefc8f]
Mar 28 15:24:12 ubuntu-server kernel: ACPI: Reserving WAET table memory at [mem 0xbfeefc30-0xbfeefc57]
Mar 28 15:24:12 ubuntu-server kernel: SRAT: PXM 0 -> APIC 0x00 -> Node 0
Mar 28 15:24:12 ubuntu-server kernel: ACPI: SRAT: Node 0 PXM 0 [mem 0x00000000-0x0009ffff]
Mar 28 15:24:12 ubuntu-server kernel: ACPI: SRAT: Node 0 PXM 0 [mem 0x00100000-0xbfffffff]
Mar 28 15:24:12 ubuntu-server kernel: ACPI: SRAT: Node 0 PXM 0 [mem 0x100000000-0x13fffffff]
Mar 28 15:24:12 ubuntu-server kernel: NUMA: Node 0 [mem 0x00000000-0x0009ffff] + [mem 0x00100000-0xbfffffff] -> [mem 0x00000000-0xbfffffff]
Mar 28 15:24:12 ubuntu-server kernel: NUMA: Node 0 [mem 0x00000000-0xbfffffff] + [mem 0x100000000-0x13fffffff] -> [mem 0x00000000-0x13fffffff]
Mar 28 15:24:12 ubuntu-server kernel: NODE_DATA(0) allocated [mem 0x13ffd3000-0x13fffcfff]
Mar 28 15:24:12 ubuntu-server kernel: Zone ranges:
Mar 28 15:24:12 ubuntu-server kernel:   DMA      [mem 0x0000000000001000-0x0000000000ffffff]
Mar 28 15:24:12 ubuntu-server kernel:   DMA32    [mem 0x0000000001000000-0x00000000ffffffff]
Mar 28 15:24:12 ubuntu-server kernel:   Normal   [mem 0x0000000100000000-0x000000013fffffff]
Mar 28 15:24:12 ubuntu-server kernel:   Device   empty
Mar 28 15:24:12 ubuntu-server kernel: Movable zone start for each node
Mar 28 15:24:12 ubuntu-server kernel: Early memory node ranges
Mar 28 15:24:12 ubuntu-server kernel:   node   0: [mem 0x0000000000001000-0x000000000009efff]
Mar 28 15:24:12 ubuntu-server kernel:   node   0: [mem 0x0000000000100000-0x00000000bfedffff]
Mar 28 15:24:12 ubuntu-server kernel:   node   0: [mem 0x00000000bff00000-0x00000000bfffffff]
Mar 28 15:24:12 ubuntu-server kernel:   node   0: [mem 0x0000000100000000-0x000000013fffffff]
Mar 28 15:24:12 ubuntu-server kernel: Initmem setup node 0 [mem 0x0000000000001000-0x000000013fffffff]
Mar 28 15:24:12 ubuntu-server kernel: On node 0, zone DMA: 1 pages in unavailable ranges
Mar 28 15:24:12 ubuntu-server kernel: On node 0, zone DMA: 97 pages in unavailable ranges
Mar 28 15:24:12 ubuntu-server kernel: On node 0, zone DMA32: 32 pages in unavailable ranges
Mar 28 15:24:12 ubuntu-server kernel: ACPI: PM-Timer IO Port: 0x1008
Mar 28 15:24:12 ubuntu-server kernel: ACPI: LAPIC_NMI (acpi_id[0x00] high edge lint[0x1])
Mar 28 15:24:12 ubuntu-server kernel: IOAPIC[0]: apic_id 1, version 32, address 0xfec00000, GSI 0-23
Mar 28 15:24:12 ubuntu-server kernel: ACPI: INT_SRC_OVR (bus 0 bus_irq 0 global_irq 2 high edge)
Mar 28 15:24:12 ubuntu-server kernel: ACPI: Using ACPI (MADT) for SMP configuration information
Mar 28 15:24:12 ubuntu-server kernel: ACPI: HPET id: 0x8086af01 base: 0xfed00000
Mar 28 15:24:12 ubuntu-server kernel: TSC deadline timer available
Mar 28 15:24:12 ubuntu-server kernel: smpboot: Allowing 1 CPUs, 0 hotplug CPUs
Mar 28 15:24:12 ubuntu-server kernel: PM: hibernation: Registered nosave memory: [mem 0x00000000-0x00000fff]
Mar 28 15:24:12 ubuntu-server kernel: PM: hibernation: Registered nosave memory: [mem 0x0009f000-0x0009ffff]
Mar 28 15:24:12 ubuntu-server kernel: PM: hibernation: Registered nosave memory: [mem 0x000a0000-0x000dbfff]
Mar 28 15:24:12 ubuntu-server kernel: PM: hibernation: Registered nosave memory: [mem 0x000dc000-0x000fffff]
Mar 28 15:24:12 ubuntu-server kernel: PM: hibernation: Registered nosave memory: [mem 0xbfee0000-0xbfefefff]
Mar 28 15:24:12 ubuntu-server kernel: PM: hibernation: Registered nosave memory: [mem 0xbfeff000-0xbfefffff]
Mar 28 15:24:12 ubuntu-server kernel: PM: hibernation: Registered nosave memory: [mem 0xc0000000-0xefffffff]
Mar 28 15:24:12 ubuntu-server kernel: PM: hibernation: Registered nosave memory: [mem 0xf0000000-0xf7ffffff]
Mar 28 15:24:12 ubuntu-server kernel: PM: hibernation: Registered nosave memory: [mem 0xf8000000-0xfebfffff]
Mar 28 15:24:12 ubuntu-server kernel: PM: hibernation: Registered nosave memory: [mem 0xfec00000-0xfec0ffff]
Mar 28 15:24:12 ubuntu-server kernel: PM: hibernation: Registered nosave memory: [mem 0xfec10000-0xfedfffff]
Mar 28 15:24:12 ubuntu-server kernel: PM: hibernation: Registered nosave memory: [mem 0xfee00000-0xfee00fff]
Mar 28 15:24:12 ubuntu-server kernel: PM: hibernation: Registered nosave memory: [mem 0xfee01000-0xfffdffff]
Mar 28 15:24:12 ubuntu-server kernel: PM: hibernation: Registered nosave memory: [mem 0xfffe0000-0xffffffff]
Mar 28 15:24:12 ubuntu-server kernel: [mem 0xc0000000-0xefffffff] available for PCI devices
Mar 28 15:24:12 ubuntu-server kernel: Booting paravirtualized kernel on VMware hypervisor
Mar 28 15:24:12 ubuntu-server kernel: clocksource: refined-jiffies: mask: 0xffffffff max_cycles: 0xffffffff, max_idle_ns: 7645519600211568 ns
Mar 28 15:24:12 ubuntu-server kernel: setup_percpu: NR_CPUS:8192 nr_cpumask_bits:1 nr_cpu_ids:1 nr_node_ids:1
Mar 28 15:24:12 ubuntu-server kernel: percpu: Embedded 60 pages/cpu s208896 r8192 d28672 u2097152
Mar 28 15:24:12 ubuntu-server kernel: pcpu-alloc: s208896 r8192 d28672 u2097152 alloc=1*2097152
Mar 28 15:24:12 ubuntu-server kernel: pcpu-alloc: [0] 0 
Mar 28 15:24:12 ubuntu-server kernel: Built 1 zonelists, mobility grouping on.  Total pages: 1031904
Mar 28 15:24:12 ubuntu-server kernel: Policy zone: Normal
Mar 28 15:24:12 ubuntu-server kernel: Kernel command line: BOOT_IMAGE=/casper/vmlinuz ---
Mar 28 15:24:12 ubuntu-server kernel: Unknown kernel command line parameters "--- BOOT_IMAGE=/casper/vmlinuz", will be passed to user space.
Mar 28 15:24:12 ubuntu-server kernel: Dentry cache hash table entries: 524288 (order: 10, 4194304 bytes, linear)
Mar 28 15:24:12 ubuntu-server kernel: Inode-cache hash table entries: 262144 (order: 9, 2097152 bytes, linear)
Mar 28 15:24:12 ubuntu-server kernel: mem auto-init: stack:off, heap alloc:on, heap free:off
Mar 28 15:24:12 ubuntu-server kernel: Memory: 3902232K/4193784K available (16393K kernel code, 4379K rwdata, 10820K rodata, 3240K init, 6560K bss, 291292K reserved, 0K cma-reserved)
Mar 28 15:24:12 ubuntu-server kernel: SLUB: HWalign=64, Order=0-3, MinObjects=0, CPUs=1, Nodes=1
Mar 28 15:24:12 ubuntu-server kernel: Kernel/User page tables isolation: enabled
Mar 28 15:24:12 ubuntu-server kernel: ftrace: allocating 50540 entries in 198 pages
Mar 28 15:24:12 ubuntu-server kernel: ftrace: allocated 198 pages with 4 groups
Mar 28 15:24:12 ubuntu-server kernel: rcu: Hierarchical RCU implementation.
Mar 28 15:24:12 ubuntu-server kernel: rcu:         RCU restricting CPUs from NR_CPUS=8192 to nr_cpu_ids=1.
Mar 28 15:24:12 ubuntu-server kernel:         Rude variant of Tasks RCU enabled.
Mar 28 15:24:12 ubuntu-server kernel:         Tracing variant of Tasks RCU enabled.
Mar 28 15:24:12 ubuntu-server kernel: rcu: RCU calculated value of scheduler-enlistment delay is 25 jiffies.
Mar 28 15:24:12 ubuntu-server kernel: rcu: Adjusting geometry for rcu_fanout_leaf=16, nr_cpu_ids=1
Mar 28 15:24:12 ubuntu-server kernel: NR_IRQS: 524544, nr_irqs: 256, preallocated irqs: 16
Mar 28 15:24:12 ubuntu-server kernel: Console: colour VGA+ 80x25
Mar 28 15:24:12 ubuntu-server kernel: printk: console [tty0] enabled
Mar 28 15:24:12 ubuntu-server kernel: ACPI: Core revision 20210730
Mar 28 15:24:12 ubuntu-server kernel: clocksource: hpet: mask: 0xffffffff max_cycles: 0xffffffff, max_idle_ns: 133484882848 ns
Mar 28 15:24:12 ubuntu-server kernel: APIC: Switch to symmetric I/O mode setup
Mar 28 15:24:12 ubuntu-server kernel: x2apic enabled
Mar 28 15:24:12 ubuntu-server kernel: Switched APIC routing to physical x2apic.
Mar 28 15:24:12 ubuntu-server kernel: ..TIMER: vector=0x30 apic1=0 pin1=2 apic2=-1 pin2=-1
Mar 28 15:24:12 ubuntu-server kernel: clocksource: tsc-early: mask: 0xffffffffffffffff max_cycles: 0x300cbc70369, max_idle_ns: 440795303191 ns
Mar 28 15:24:12 ubuntu-server kernel: Calibrating delay loop (skipped) preset value.. 6666.90 BogoMIPS (lpj=13333804)
Mar 28 15:24:12 ubuntu-server kernel: pid_max: default: 32768 minimum: 301
Mar 28 15:24:12 ubuntu-server kernel: LSM: Security Framework initializing
Mar 28 15:24:12 ubuntu-server kernel: landlock: Up and running.
Mar 28 15:24:12 ubuntu-server kernel: Yama: becoming mindful.
Mar 28 15:24:12 ubuntu-server kernel: AppArmor: AppArmor initialized
Mar 28 15:24:12 ubuntu-server kernel: Mount-cache hash table entries: 8192 (order: 4, 65536 bytes, linear)
Mar 28 15:24:12 ubuntu-server kernel: Mountpoint-cache hash table entries: 8192 (order: 4, 65536 bytes, linear)
Mar 28 15:24:12 ubuntu-server kernel: Disabled fast string operations
Mar 28 15:24:12 ubuntu-server kernel: Last level iTLB entries: 4KB 512, 2MB 7, 4MB 7
Mar 28 15:24:12 ubuntu-server kernel: Last level dTLB entries: 4KB 512, 2MB 32, 4MB 32, 1GB 0
Mar 28 15:24:12 ubuntu-server kernel: Spectre V1 : Mitigation: usercopy/swapgs barriers and __user pointer sanitization
Mar 28 15:24:12 ubuntu-server kernel: Spectre V2 : Mitigation: IBRS
Mar 28 15:24:12 ubuntu-server kernel: Spectre V2 : Spectre v2 / SpectreRSB mitigation: Filling RSB on context switch
Mar 28 15:24:12 ubuntu-server kernel: Spectre V2 : Spectre v2 / SpectreRSB : Filling RSB on VMEXIT
Mar 28 15:24:12 ubuntu-server kernel: RETBleed: Mitigation: IBRS
Mar 28 15:24:12 ubuntu-server kernel: Spectre V2 : mitigation: Enabling conditional Indirect Branch Prediction Barrier
Mar 28 15:24:12 ubuntu-server kernel: Speculative Store Bypass: Mitigation: Speculative Store Bypass disabled via prctl and seccomp
Mar 28 15:24:12 ubuntu-server kernel: MDS: Vulnerable: Clear CPU buffers attempted, no microcode
Mar 28 15:24:12 ubuntu-server kernel: MMIO Stale Data: Unknown: No mitigations
Mar 28 15:24:12 ubuntu-server kernel: Freeing SMP alternatives memory: 40K
Mar 28 15:24:12 ubuntu-server kernel: smpboot: CPU0: Intel(R) Xeon(R) CPU           X5680  @ 3.33GHz (family: 0x6, model: 0x2c, stepping: 0x2)
Mar 28 15:24:12 ubuntu-server kernel: Performance Events: Westmere events, core PMU driver.
Mar 28 15:24:12 ubuntu-server kernel: core: CPUID marked event: 'cpu cycles' unavailable
Mar 28 15:24:12 ubuntu-server kernel: core: CPUID marked event: 'instructions' unavailable
Mar 28 15:24:12 ubuntu-server kernel: core: CPUID marked event: 'bus cycles' unavailable
Mar 28 15:24:12 ubuntu-server kernel: core: CPUID marked event: 'cache references' unavailable
Mar 28 15:24:12 ubuntu-server kernel: core: CPUID marked event: 'cache misses' unavailable
Mar 28 15:24:12 ubuntu-server kernel: core: CPUID marked event: 'branch instructions' unavailable
Mar 28 15:24:12 ubuntu-server kernel: core: CPUID marked event: 'branch misses' unavailable
Mar 28 15:24:12 ubuntu-server kernel: ... version:                1
Mar 28 15:24:12 ubuntu-server kernel: ... bit width:              48
Mar 28 15:24:12 ubuntu-server kernel: ... generic registers:      4
Mar 28 15:24:12 ubuntu-server kernel: ... value mask:             0000ffffffffffff
Mar 28 15:24:12 ubuntu-server kernel: ... max period:             000000007fffffff
Mar 28 15:24:12 ubuntu-server kernel: ... fixed-purpose events:   0
Mar 28 15:24:12 ubuntu-server kernel: ... event mask:             000000000000000f
Mar 28 15:24:12 ubuntu-server kernel: rcu: Hierarchical SRCU implementation.
Mar 28 15:24:12 ubuntu-server kernel: NMI watchdog: Perf NMI watchdog permanently disabled
Mar 28 15:24:12 ubuntu-server kernel: smp: Bringing up secondary CPUs ...
Mar 28 15:24:12 ubuntu-server kernel: smp: Brought up 1 node, 1 CPU
Mar 28 15:24:12 ubuntu-server kernel: smpboot: Max logical packages: 1
Mar 28 15:24:12 ubuntu-server kernel: smpboot: Total of 1 processors activated (6666.90 BogoMIPS)
Mar 28 15:24:12 ubuntu-server kernel: devtmpfs: initialized
Mar 28 15:24:12 ubuntu-server kernel: x86/mm: Memory block size: 128MB
Mar 28 15:24:12 ubuntu-server kernel: ACPI: PM: Registering ACPI NVS region [mem 0xbfeff000-0xbfefffff] (4096 bytes)
Mar 28 15:24:12 ubuntu-server kernel: clocksource: jiffies: mask: 0xffffffff max_cycles: 0xffffffff, max_idle_ns: 7645041785100000 ns
Mar 28 15:24:12 ubuntu-server kernel: futex hash table entries: 256 (order: 2, 16384 bytes, linear)
Mar 28 15:24:12 ubuntu-server kernel: pinctrl core: initialized pinctrl subsystem
Mar 28 15:24:12 ubuntu-server kernel: PM: RTC time: 15:24:02, date: 2023-03-28
Mar 28 15:24:12 ubuntu-server kernel: NET: Registered PF_NETLINK/PF_ROUTE protocol family
Mar 28 15:24:12 ubuntu-server kernel: DMA: preallocated 512 KiB GFP_KERNEL pool for atomic allocations
Mar 28 15:24:12 ubuntu-server kernel: DMA: preallocated 512 KiB GFP_KERNEL|GFP_DMA pool for atomic allocations
Mar 28 15:24:12 ubuntu-server kernel: DMA: preallocated 512 KiB GFP_KERNEL|GFP_DMA32 pool for atomic allocations
Mar 28 15:24:12 ubuntu-server kernel: audit: initializing netlink subsys (disabled)
Mar 28 15:24:12 ubuntu-server kernel: thermal_sys: Registered thermal governor 'fair_share'
Mar 28 15:24:12 ubuntu-server kernel: thermal_sys: Registered thermal governor 'bang_bang'
Mar 28 15:24:12 ubuntu-server kernel: thermal_sys: Registered thermal governor 'step_wise'
Mar 28 15:24:12 ubuntu-server kernel: thermal_sys: Registered thermal governor 'user_space'
Mar 28 15:24:12 ubuntu-server kernel: thermal_sys: Registered thermal governor 'power_allocator'
Mar 28 15:24:12 ubuntu-server kernel: EISA bus registered
Mar 28 15:24:12 ubuntu-server kernel: cpuidle: using governor ladder
Mar 28 15:24:12 ubuntu-server kernel: cpuidle: using governor menu
Mar 28 15:24:12 ubuntu-server kernel: Simple Boot Flag at 0x36 set to 0x80
Mar 28 15:24:12 ubuntu-server kernel: ACPI: bus type PCI registered
Mar 28 15:24:12 ubuntu-server kernel: acpiphp: ACPI Hot Plug PCI Controller Driver version: 0.5
Mar 28 15:24:12 ubuntu-server kernel: PCI: MMCONFIG for domain 0000 [bus 00-7f] at [mem 0xf0000000-0xf7ffffff] (base 0xf0000000)
Mar 28 15:24:12 ubuntu-server kernel: PCI: MMCONFIG at [mem 0xf0000000-0xf7ffffff] reserved in E820
Mar 28 15:24:12 ubuntu-server kernel: PCI: Using configuration type 1 for base access
Mar 28 15:24:12 ubuntu-server kernel: Kprobes globally optimized
Mar 28 15:24:12 ubuntu-server kernel: audit: type=2000 audit(1680017042.044:1): state=initialized audit_enabled=0 res=1
Mar 28 15:24:12 ubuntu-server kernel: HugeTLB registered 2.00 MiB page size, pre-allocated 0 pages
Mar 28 15:24:12 ubuntu-server kernel: ACPI: Added _OSI(Module Device)
Mar 28 15:24:12 ubuntu-server kernel: ACPI: Added _OSI(Processor Device)
Mar 28 15:24:12 ubuntu-server kernel: ACPI: Added _OSI(3.0 _SCP Extensions)
Mar 28 15:24:12 ubuntu-server kernel: ACPI: Added _OSI(Processor Aggregator Device)
Mar 28 15:24:12 ubuntu-server kernel: ACPI: Added _OSI(Linux-Dell-Video)
Mar 28 15:24:12 ubuntu-server kernel: ACPI: Added _OSI(Linux-Lenovo-NV-HDMI-Audio)
Mar 28 15:24:12 ubuntu-server kernel: ACPI: Added _OSI(Linux-HPI-Hybrid-Graphics)
Mar 28 15:24:12 ubuntu-server kernel: ACPI: 1 ACPI AML tables successfully acquired and loaded
Mar 28 15:24:12 ubuntu-server kernel: ACPI: [Firmware Bug]: BIOS _OSI(Linux) query ignored
Mar 28 15:24:12 ubuntu-server kernel: ACPI: Interpreter enabled
Mar 28 15:24:12 ubuntu-server kernel: ACPI: PM: (supports S0 S1 S4 S5)
Mar 28 15:24:12 ubuntu-server kernel: ACPI: Using IOAPIC for interrupt routing
Mar 28 15:24:12 ubuntu-server kernel: PCI: Using host bridge windows from ACPI; if necessary, use "pci=nocrs" and report a bug
Mar 28 15:24:12 ubuntu-server kernel: PCI: Using E820 reservations for host bridge windows
Mar 28 15:24:12 ubuntu-server kernel: ACPI: Enabled 4 GPEs in block 00 to 0F
Mar 28 15:24:12 ubuntu-server kernel: ACPI: PCI Root Bridge [PCI0] (domain 0000 [bus 00-7f])
Mar 28 15:24:12 ubuntu-server kernel: acpi PNP0A03:00: _OSC: OS supports [ExtendedConfig ASPM ClockPM Segments MSI EDR HPX-Type3]
Mar 28 15:24:12 ubuntu-server kernel: acpi PNP0A03:00: _OSC: platform does not support [AER LTR DPC]
Mar 28 15:24:12 ubuntu-server kernel: acpi PNP0A03:00: _OSC: OS now controls [PCIeHotplug SHPCHotplug PME PCIeCapability]
Mar 28 15:24:12 ubuntu-server kernel: PCI host bridge to bus 0000:00
Mar 28 15:24:12 ubuntu-server kernel: pci_bus 0000:00: root bus resource [bus 00-7f]
Mar 28 15:24:12 ubuntu-server kernel: pci_bus 0000:00: root bus resource [io  0x0000-0x0cf7 window]
Mar 28 15:24:12 ubuntu-server kernel: pci_bus 0000:00: root bus resource [io  0x0d00-0xfeff window]
Mar 28 15:24:12 ubuntu-server kernel: pci_bus 0000:00: root bus resource [mem 0x000a0000-0x000bffff window]
Mar 28 15:24:12 ubuntu-server kernel: pci_bus 0000:00: root bus resource [mem 0x000d0000-0x000dbfff window]
Mar 28 15:24:12 ubuntu-server kernel: pci_bus 0000:00: root bus resource [mem 0xc0000000-0xfebfffff window]
Mar 28 15:24:12 ubuntu-server kernel: pci 0000:00:00.0: [8086:7190] type 00 class 0x060000
Mar 28 15:24:12 ubuntu-server kernel: pci 0000:00:01.0: [8086:7191] type 01 class 0x060400
Mar 28 15:24:12 ubuntu-server kernel: pci 0000:00:07.0: [8086:7110] type 00 class 0x060100
Mar 28 15:24:12 ubuntu-server kernel: pci 0000:00:07.1: [8086:7111] type 00 class 0x01018a
Mar 28 15:24:12 ubuntu-server kernel: pci 0000:00:07.1: reg 0x20: [io  0x1060-0x106f]
Mar 28 15:24:12 ubuntu-server kernel: pci 0000:00:07.1: legacy IDE quirk: reg 0x10: [io  0x01f0-0x01f7]
Mar 28 15:24:12 ubuntu-server kernel: pci 0000:00:07.1: legacy IDE quirk: reg 0x14: [io  0x03f6]
Mar 28 15:24:12 ubuntu-server kernel: pci 0000:00:07.1: legacy IDE quirk: reg 0x18: [io  0x0170-0x0177]
Mar 28 15:24:12 ubuntu-server kernel: pci 0000:00:07.1: legacy IDE quirk: reg 0x1c: [io  0x0376]
Mar 28 15:24:12 ubuntu-server kernel: pci 0000:00:07.3: [8086:7113] type 00 class 0x068000
Mar 28 15:24:12 ubuntu-server kernel: pci 0000:00:07.3: quirk: [io  0x1000-0x103f] claimed by PIIX4 ACPI
Mar 28 15:24:12 ubuntu-server kernel: pci 0000:00:07.3: quirk: [io  0x1040-0x104f] claimed by PIIX4 SMB
Mar 28 15:24:12 ubuntu-server kernel: pci 0000:00:07.7: [15ad:0740] type 00 class 0x088000
Mar 28 15:24:12 ubuntu-server kernel: pci 0000:00:07.7: reg 0x10: [io  0x1080-0x10bf]
Mar 28 15:24:12 ubuntu-server kernel: pci 0000:00:07.7: reg 0x14: [mem 0xfebfe000-0xfebfffff 64bit]
Mar 28 15:24:12 ubuntu-server kernel: pci 0000:00:0f.0: [15ad:0405] type 00 class 0x030000
Mar 28 15:24:12 ubuntu-server kernel: pci 0000:00:0f.0: reg 0x10: [io  0x1070-0x107f]
Mar 28 15:24:12 ubuntu-server kernel: pci 0000:00:0f.0: reg 0x14: [mem 0xe8000000-0xefffffff pref]
Mar 28 15:24:12 ubuntu-server kernel: pci 0000:00:0f.0: reg 0x18: [mem 0xfe000000-0xfe7fffff]
Mar 28 15:24:12 ubuntu-server kernel: pci 0000:00:0f.0: reg 0x30: [mem 0x00000000-0x00007fff pref]
Mar 28 15:24:12 ubuntu-server kernel: pci 0000:00:0f.0: Video device with shadowed ROM at [mem 0x000c0000-0x000dffff]
Mar 28 15:24:12 ubuntu-server kernel: pci 0000:00:10.0: [1000:0030] type 00 class 0x010000
Mar 28 15:24:12 ubuntu-server kernel: pci 0000:00:10.0: reg 0x10: [io  0x1400-0x14ff]
Mar 28 15:24:12 ubuntu-server kernel: pci 0000:00:10.0: reg 0x14: [mem 0xfeba0000-0xfebbffff 64bit]
Mar 28 15:24:12 ubuntu-server kernel: pci 0000:00:10.0: reg 0x1c: [mem 0xfebc0000-0xfebdffff 64bit]
Mar 28 15:24:12 ubuntu-server kernel: pci 0000:00:10.0: reg 0x30: [mem 0x00000000-0x00003fff pref]
Mar 28 15:24:12 ubuntu-server kernel: pci 0000:00:11.0: [15ad:0790] type 01 class 0x060401
Mar 28 15:24:12 ubuntu-server kernel: pci 0000:00:15.0: [15ad:07a0] type 01 class 0x060400
Mar 28 15:24:12 ubuntu-server kernel: pci 0000:00:15.0: PME# supported from D0 D3hot D3cold
Mar 28 15:24:12 ubuntu-server kernel: pci 0000:00:15.1: [15ad:07a0] type 01 class 0x060400
Mar 28 15:24:12 ubuntu-server kernel: pci 0000:00:15.1: PME# supported from D0 D3hot D3cold
Mar 28 15:24:12 ubuntu-server kernel: pci 0000:00:15.2: [15ad:07a0] type 01 class 0x060400
Mar 28 15:24:12 ubuntu-server kernel: pci 0000:00:15.2: PME# supported from D0 D3hot D3cold
Mar 28 15:24:12 ubuntu-server kernel: pci 0000:00:15.3: [15ad:07a0] type 01 class 0x060400
Mar 28 15:24:12 ubuntu-server kernel: pci 0000:00:15.3: PME# supported from D0 D3hot D3cold
Mar 28 15:24:12 ubuntu-server kernel: pci 0000:00:15.4: [15ad:07a0] type 01 class 0x060400
Mar 28 15:24:12 ubuntu-server kernel: pci 0000:00:15.4: PME# supported from D0 D3hot D3cold
Mar 28 15:24:12 ubuntu-server kernel: pci 0000:00:15.5: [15ad:07a0] type 01 class 0x060400
Mar 28 15:24:12 ubuntu-server kernel: pci 0000:00:15.5: PME# supported from D0 D3hot D3cold
Mar 28 15:24:12 ubuntu-server kernel: pci 0000:00:15.6: [15ad:07a0] type 01 class 0x060400
Mar 28 15:24:12 ubuntu-server kernel: pci 0000:00:15.6: PME# supported from D0 D3hot D3cold
Mar 28 15:24:12 ubuntu-server kernel: pci 0000:00:15.7: [15ad:07a0] type 01 class 0x060400
Mar 28 15:24:12 ubuntu-server kernel: pci 0000:00:15.7: PME# supported from D0 D3hot D3cold
Mar 28 15:24:12 ubuntu-server kernel: pci 0000:00:16.0: [15ad:07a0] type 01 class 0x060400
Mar 28 15:24:12 ubuntu-server kernel: pci 0000:00:16.0: PME# supported from D0 D3hot D3cold
Mar 28 15:24:12 ubuntu-server kernel: pci 0000:00:16.1: [15ad:07a0] type 01 class 0x060400
Mar 28 15:24:12 ubuntu-server kernel: pci 0000:00:16.1: PME# supported from D0 D3hot D3cold
Mar 28 15:24:12 ubuntu-server kernel: pci 0000:00:16.2: [15ad:07a0] type 01 class 0x060400
Mar 28 15:24:12 ubuntu-server kernel: pci 0000:00:16.2: PME# supported from D0 D3hot D3cold
Mar 28 15:24:12 ubuntu-server kernel: pci 0000:00:16.3: [15ad:07a0] type 01 class 0x060400
Mar 28 15:24:12 ubuntu-server kernel: pci 0000:00:16.3: PME# supported from D0 D3hot D3cold
Mar 28 15:24:12 ubuntu-server kernel: pci 0000:00:16.4: [15ad:07a0] type 01 class 0x060400
Mar 28 15:24:12 ubuntu-server kernel: pci 0000:00:16.4: PME# supported from D0 D3hot D3cold
Mar 28 15:24:12 ubuntu-server kernel: pci 0000:00:16.5: [15ad:07a0] type 01 class 0x060400
Mar 28 15:24:12 ubuntu-server kernel: pci 0000:00:16.5: PME# supported from D0 D3hot D3cold
Mar 28 15:24:12 ubuntu-server kernel: pci 0000:00:16.6: [15ad:07a0] type 01 class 0x060400
Mar 28 15:24:12 ubuntu-server kernel: pci 0000:00:16.6: PME# supported from D0 D3hot D3cold
Mar 28 15:24:12 ubuntu-server kernel: pci 0000:00:16.7: [15ad:07a0] type 01 class 0x060400
Mar 28 15:24:12 ubuntu-server kernel: pci 0000:00:16.7: PME# supported from D0 D3hot D3cold
Mar 28 15:24:12 ubuntu-server kernel: pci 0000:00:17.0: [15ad:07a0] type 01 class 0x060400
Mar 28 15:24:12 ubuntu-server kernel: pci 0000:00:17.0: PME# supported from D0 D3hot D3cold
Mar 28 15:24:12 ubuntu-server kernel: pci 0000:00:17.1: [15ad:07a0] type 01 class 0x060400
Mar 28 15:24:12 ubuntu-server kernel: pci 0000:00:17.1: PME# supported from D0 D3hot D3cold
Mar 28 15:24:12 ubuntu-server kernel: pci 0000:00:17.2: [15ad:07a0] type 01 class 0x060400
Mar 28 15:24:12 ubuntu-server kernel: pci 0000:00:17.2: PME# supported from D0 D3hot D3cold
Mar 28 15:24:12 ubuntu-server kernel: pci 0000:00:17.3: [15ad:07a0] type 01 class 0x060400
Mar 28 15:24:12 ubuntu-server kernel: pci 0000:00:17.3: PME# supported from D0 D3hot D3cold
Mar 28 15:24:12 ubuntu-server kernel: pci 0000:00:17.4: [15ad:07a0] type 01 class 0x060400
Mar 28 15:24:12 ubuntu-server kernel: pci 0000:00:17.4: PME# supported from D0 D3hot D3cold
Mar 28 15:24:12 ubuntu-server kernel: pci 0000:00:17.5: [15ad:07a0] type 01 class 0x060400
Mar 28 15:24:12 ubuntu-server kernel: pci 0000:00:17.5: PME# supported from D0 D3hot D3cold
Mar 28 15:24:12 ubuntu-server kernel: pci 0000:00:17.6: [15ad:07a0] type 01 class 0x060400
Mar 28 15:24:12 ubuntu-server kernel: pci 0000:00:17.6: PME# supported from D0 D3hot D3cold
Mar 28 15:24:12 ubuntu-server kernel: pci 0000:00:17.7: [15ad:07a0] type 01 class 0x060400
Mar 28 15:24:12 ubuntu-server kernel: pci 0000:00:17.7: PME# supported from D0 D3hot D3cold
Mar 28 15:24:12 ubuntu-server kernel: pci 0000:00:18.0: [15ad:07a0] type 01 class 0x060400
Mar 28 15:24:12 ubuntu-server kernel: pci 0000:00:18.0: PME# supported from D0 D3hot D3cold
Mar 28 15:24:12 ubuntu-server kernel: pci 0000:00:18.1: [15ad:07a0] type 01 class 0x060400
Mar 28 15:24:12 ubuntu-server kernel: pci 0000:00:18.1: PME# supported from D0 D3hot D3cold
Mar 28 15:24:12 ubuntu-server kernel: pci 0000:00:18.2: [15ad:07a0] type 01 class 0x060400
Mar 28 15:24:12 ubuntu-server kernel: pci 0000:00:18.2: PME# supported from D0 D3hot D3cold
Mar 28 15:24:12 ubuntu-server kernel: pci 0000:00:18.3: [15ad:07a0] type 01 class 0x060400
Mar 28 15:24:12 ubuntu-server kernel: pci 0000:00:18.3: PME# supported from D0 D3hot D3cold
Mar 28 15:24:12 ubuntu-server kernel: pci 0000:00:18.4: [15ad:07a0] type 01 class 0x060400
Mar 28 15:24:12 ubuntu-server kernel: pci 0000:00:18.4: PME# supported from D0 D3hot D3cold
Mar 28 15:24:12 ubuntu-server kernel: pci 0000:00:18.5: [15ad:07a0] type 01 class 0x060400
Mar 28 15:24:12 ubuntu-server kernel: pci 0000:00:18.5: PME# supported from D0 D3hot D3cold
Mar 28 15:24:12 ubuntu-server kernel: pci 0000:00:18.6: [15ad:07a0] type 01 class 0x060400
Mar 28 15:24:12 ubuntu-server kernel: pci 0000:00:18.6: PME# supported from D0 D3hot D3cold
Mar 28 15:24:12 ubuntu-server kernel: pci 0000:00:18.7: [15ad:07a0] type 01 class 0x060400
Mar 28 15:24:12 ubuntu-server kernel: pci 0000:00:18.7: PME# supported from D0 D3hot D3cold
Mar 28 15:24:12 ubuntu-server kernel: pci_bus 0000:01: extended config space not accessible
Mar 28 15:24:12 ubuntu-server kernel: pci 0000:00:01.0: PCI bridge to [bus 01]
Mar 28 15:24:12 ubuntu-server kernel: pci_bus 0000:02: extended config space not accessible
Mar 28 15:24:12 ubuntu-server kernel: acpiphp: Slot [32] registered
Mar 28 15:24:12 ubuntu-server kernel: acpiphp: Slot [33] registered
Mar 28 15:24:12 ubuntu-server kernel: acpiphp: Slot [34] registered
Mar 28 15:24:12 ubuntu-server kernel: acpiphp: Slot [35] registered
Mar 28 15:24:12 ubuntu-server kernel: acpiphp: Slot [36] registered
Mar 28 15:24:12 ubuntu-server kernel: acpiphp: Slot [37] registered
Mar 28 15:24:12 ubuntu-server kernel: acpiphp: Slot [38] registered
Mar 28 15:24:12 ubuntu-server kernel: acpiphp: Slot [39] registered
Mar 28 15:24:12 ubuntu-server kernel: acpiphp: Slot [40] registered
Mar 28 15:24:12 ubuntu-server kernel: acpiphp: Slot [41] registered
Mar 28 15:24:12 ubuntu-server kernel: acpiphp: Slot [42] registered
Mar 28 15:24:12 ubuntu-server kernel: acpiphp: Slot [43] registered
Mar 28 15:24:12 ubuntu-server kernel: acpiphp: Slot [44] registered
Mar 28 15:24:12 ubuntu-server kernel: acpiphp: Slot [45] registered
Mar 28 15:24:12 ubuntu-server kernel: acpiphp: Slot [46] registered
Mar 28 15:24:12 ubuntu-server kernel: acpiphp: Slot [47] registered
Mar 28 15:24:12 ubuntu-server kernel: acpiphp: Slot [48] registered
Mar 28 15:24:12 ubuntu-server kernel: acpiphp: Slot [49] registered
Mar 28 15:24:12 ubuntu-server kernel: acpiphp: Slot [50] registered
Mar 28 15:24:12 ubuntu-server kernel: acpiphp: Slot [51] registered
Mar 28 15:24:12 ubuntu-server kernel: acpiphp: Slot [52] registered
Mar 28 15:24:12 ubuntu-server kernel: acpiphp: Slot [53] registered
Mar 28 15:24:12 ubuntu-server kernel: acpiphp: Slot [54] registered
Mar 28 15:24:12 ubuntu-server kernel: acpiphp: Slot [55] registered
Mar 28 15:24:12 ubuntu-server kernel: acpiphp: Slot [56] registered
Mar 28 15:24:12 ubuntu-server kernel: acpiphp: Slot [57] registered
Mar 28 15:24:12 ubuntu-server kernel: acpiphp: Slot [58] registered
Mar 28 15:24:12 ubuntu-server kernel: acpiphp: Slot [59] registered
Mar 28 15:24:12 ubuntu-server kernel: acpiphp: Slot [60] registered
Mar 28 15:24:12 ubuntu-server kernel: acpiphp: Slot [61] registered
Mar 28 15:24:12 ubuntu-server kernel: acpiphp: Slot [62] registered
Mar 28 15:24:12 ubuntu-server kernel: acpiphp: Slot [63] registered
Mar 28 15:24:12 ubuntu-server kernel: pci 0000:02:00.0: [15ad:0774] type 00 class 0x0c0300
Mar 28 15:24:12 ubuntu-server kernel: pci 0000:02:00.0: reg 0x20: [io  0x2000-0x201f]
Mar 28 15:24:12 ubuntu-server kernel: pci 0000:02:01.0: [15ad:0770] type 00 class 0x0c0320
Mar 28 15:24:12 ubuntu-server kernel: pci 0000:02:01.0: reg 0x10: [mem 0xfd5ff000-0xfd5fffff]
Mar 28 15:24:12 ubuntu-server kernel: pci 0000:02:03.0: [15ad:07e0] type 00 class 0x010601
Mar 28 15:24:12 ubuntu-server kernel: pci 0000:02:03.0: reg 0x24: [mem 0xfd5fe000-0xfd5fefff]
Mar 28 15:24:12 ubuntu-server kernel: pci 0000:02:03.0: reg 0x30: [mem 0x00000000-0x0000ffff pref]
Mar 28 15:24:12 ubuntu-server kernel: pci 0000:02:03.0: PME# supported from D3hot
Mar 28 15:24:12 ubuntu-server kernel: pci 0000:00:11.0: PCI bridge to [bus 02] (subtractive decode)
Mar 28 15:24:12 ubuntu-server kernel: pci 0000:00:11.0:   bridge window [io  0x2000-0x3fff]
Mar 28 15:24:12 ubuntu-server kernel: pci 0000:00:11.0:   bridge window [mem 0xfd500000-0xfdffffff]
Mar 28 15:24:12 ubuntu-server kernel: pci 0000:00:11.0:   bridge window [mem 0xe7b00000-0xe7ffffff 64bit pref]
Mar 28 15:24:12 ubuntu-server kernel: pci 0000:00:11.0:   bridge window [io  0x0000-0x0cf7 window] (subtractive decode)
Mar 28 15:24:12 ubuntu-server kernel: pci 0000:00:11.0:   bridge window [io  0x0d00-0xfeff window] (subtractive decode)
Mar 28 15:24:12 ubuntu-server kernel: pci 0000:00:11.0:   bridge window [mem 0x000a0000-0x000bffff window] (subtractive decode)
Mar 28 15:24:12 ubuntu-server kernel: pci 0000:00:11.0:   bridge window [mem 0x000d0000-0x000dbfff window] (subtractive decode)
Mar 28 15:24:12 ubuntu-server kernel: pci 0000:00:11.0:   bridge window [mem 0xc0000000-0xfebfffff window] (subtractive decode)
Mar 28 15:24:12 ubuntu-server kernel: pci 0000:03:00.0: [15ad:07b0] type 00 class 0x020000
Mar 28 15:24:12 ubuntu-server kernel: pci 0000:03:00.0: reg 0x10: [mem 0xfd4fc000-0xfd4fcfff]
Mar 28 15:24:12 ubuntu-server kernel: pci 0000:03:00.0: reg 0x14: [mem 0xfd4fd000-0xfd4fdfff]
Mar 28 15:24:12 ubuntu-server kernel: pci 0000:03:00.0: reg 0x18: [mem 0xfd4fe000-0xfd4fffff]
Mar 28 15:24:12 ubuntu-server kernel: pci 0000:03:00.0: reg 0x1c: [io  0x4000-0x400f]
Mar 28 15:24:12 ubuntu-server kernel: pci 0000:03:00.0: reg 0x30: [mem 0x00000000-0x0000ffff pref]
Mar 28 15:24:12 ubuntu-server kernel: pci 0000:03:00.0: supports D1 D2
Mar 28 15:24:12 ubuntu-server kernel: pci 0000:03:00.0: PME# supported from D0 D1 D2 D3hot D3cold
Mar 28 15:24:12 ubuntu-server kernel: pci 0000:03:00.0: disabling ASPM on pre-1.1 PCIe device.  You can enable it with 'pcie_aspm=force'
Mar 28 15:24:12 ubuntu-server kernel: pci 0000:00:15.0: PCI bridge to [bus 03]
Mar 28 15:24:12 ubuntu-server kernel: pci 0000:00:15.0:   bridge window [io  0x4000-0x4fff]
Mar 28 15:24:12 ubuntu-server kernel: pci 0000:00:15.0:   bridge window [mem 0xfd400000-0xfd4fffff]
Mar 28 15:24:12 ubuntu-server kernel: pci 0000:00:15.1: PCI bridge to [bus 04]
Mar 28 15:24:12 ubuntu-server kernel: pci 0000:00:15.1:   bridge window [io  0x8000-0x8fff]
Mar 28 15:24:12 ubuntu-server kernel: pci 0000:00:15.1:   bridge window [mem 0xfd000000-0xfd0fffff]
Mar 28 15:24:12 ubuntu-server kernel: pci 0000:00:15.1:   bridge window [mem 0xe7700000-0xe77fffff 64bit pref]
Mar 28 15:24:12 ubuntu-server kernel: pci 0000:00:15.2: PCI bridge to [bus 05]
Mar 28 15:24:12 ubuntu-server kernel: pci 0000:00:15.2:   bridge window [io  0xc000-0xcfff]
Mar 28 15:24:12 ubuntu-server kernel: pci 0000:00:15.2:   bridge window [mem 0xfcc00000-0xfccfffff]
Mar 28 15:24:12 ubuntu-server kernel: pci 0000:00:15.2:   bridge window [mem 0xe7300000-0xe73fffff 64bit pref]
Mar 28 15:24:12 ubuntu-server kernel: pci 0000:00:15.3: PCI bridge to [bus 06]
Mar 28 15:24:12 ubuntu-server kernel: pci 0000:00:15.3:   bridge window [mem 0xfc800000-0xfc8fffff]
Mar 28 15:24:12 ubuntu-server kernel: pci 0000:00:15.3:   bridge window [mem 0xe6f00000-0xe6ffffff 64bit pref]
Mar 28 15:24:12 ubuntu-server kernel: pci 0000:00:15.4: PCI bridge to [bus 07]
Mar 28 15:24:12 ubuntu-server kernel: pci 0000:00:15.4:   bridge window [mem 0xfc400000-0xfc4fffff]
Mar 28 15:24:12 ubuntu-server kernel: pci 0000:00:15.4:   bridge window [mem 0xe6b00000-0xe6bfffff 64bit pref]
Mar 28 15:24:12 ubuntu-server kernel: pci 0000:00:15.5: PCI bridge to [bus 08]
Mar 28 15:24:12 ubuntu-server kernel: pci 0000:00:15.5:   bridge window [mem 0xfc000000-0xfc0fffff]
Mar 28 15:24:12 ubuntu-server kernel: pci 0000:00:15.5:   bridge window [mem 0xe6700000-0xe67fffff 64bit pref]
Mar 28 15:24:12 ubuntu-server kernel: pci 0000:00:15.6: PCI bridge to [bus 09]
Mar 28 15:24:12 ubuntu-server kernel: pci 0000:00:15.6:   bridge window [mem 0xfbc00000-0xfbcfffff]
Mar 28 15:24:12 ubuntu-server kernel: pci 0000:00:15.6:   bridge window [mem 0xe6300000-0xe63fffff 64bit pref]
Mar 28 15:24:12 ubuntu-server kernel: pci 0000:00:15.7: PCI bridge to [bus 0a]
Mar 28 15:24:12 ubuntu-server kernel: pci 0000:00:15.7:   bridge window [mem 0xfb800000-0xfb8fffff]
Mar 28 15:24:12 ubuntu-server kernel: pci 0000:00:15.7:   bridge window [mem 0xe5f00000-0xe5ffffff 64bit pref]
Mar 28 15:24:12 ubuntu-server kernel: pci 0000:00:16.0: PCI bridge to [bus 0b]
Mar 28 15:24:12 ubuntu-server kernel: pci 0000:00:16.0:   bridge window [io  0x5000-0x5fff]
Mar 28 15:24:12 ubuntu-server kernel: pci 0000:00:16.0:   bridge window [mem 0xfd300000-0xfd3fffff]
Mar 28 15:24:12 ubuntu-server kernel: pci 0000:00:16.0:   bridge window [mem 0xe7a00000-0xe7afffff 64bit pref]
Mar 28 15:24:12 ubuntu-server kernel: pci 0000:00:16.1: PCI bridge to [bus 0c]
Mar 28 15:24:12 ubuntu-server kernel: pci 0000:00:16.1:   bridge window [io  0x9000-0x9fff]
Mar 28 15:24:12 ubuntu-server kernel: pci 0000:00:16.1:   bridge window [mem 0xfcf00000-0xfcffffff]
Mar 28 15:24:12 ubuntu-server kernel: pci 0000:00:16.1:   bridge window [mem 0xe7600000-0xe76fffff 64bit pref]
Mar 28 15:24:12 ubuntu-server kernel: pci 0000:00:16.2: PCI bridge to [bus 0d]
Mar 28 15:24:12 ubuntu-server kernel: pci 0000:00:16.2:   bridge window [io  0xd000-0xdfff]
Mar 28 15:24:12 ubuntu-server kernel: pci 0000:00:16.2:   bridge window [mem 0xfcb00000-0xfcbfffff]
Mar 28 15:24:12 ubuntu-server kernel: pci 0000:00:16.2:   bridge window [mem 0xe7200000-0xe72fffff 64bit pref]
Mar 28 15:24:12 ubuntu-server kernel: pci 0000:00:16.3: PCI bridge to [bus 0e]
Mar 28 15:24:12 ubuntu-server kernel: pci 0000:00:16.3:   bridge window [mem 0xfc700000-0xfc7fffff]
Mar 28 15:24:12 ubuntu-server kernel: pci 0000:00:16.3:   bridge window [mem 0xe6e00000-0xe6efffff 64bit pref]
Mar 28 15:24:12 ubuntu-server kernel: pci 0000:00:16.4: PCI bridge to [bus 0f]
Mar 28 15:24:12 ubuntu-server kernel: pci 0000:00:16.4:   bridge window [mem 0xfc300000-0xfc3fffff]
Mar 28 15:24:12 ubuntu-server kernel: pci 0000:00:16.4:   bridge window [mem 0xe6a00000-0xe6afffff 64bit pref]
Mar 28 15:24:12 ubuntu-server kernel: pci 0000:00:16.5: PCI bridge to [bus 10]
Mar 28 15:24:12 ubuntu-server kernel: pci 0000:00:16.5:   bridge window [mem 0xfbf00000-0xfbffffff]
Mar 28 15:24:12 ubuntu-server kernel: pci 0000:00:16.5:   bridge window [mem 0xe6600000-0xe66fffff 64bit pref]
Mar 28 15:24:12 ubuntu-server kernel: pci 0000:00:16.6: PCI bridge to [bus 11]
Mar 28 15:24:12 ubuntu-server kernel: pci 0000:00:16.6:   bridge window [mem 0xfbb00000-0xfbbfffff]
Mar 28 15:24:12 ubuntu-server kernel: pci 0000:00:16.6:   bridge window [mem 0xe6200000-0xe62fffff 64bit pref]
Mar 28 15:24:12 ubuntu-server kernel: pci 0000:00:16.7: PCI bridge to [bus 12]
Mar 28 15:24:12 ubuntu-server kernel: pci 0000:00:16.7:   bridge window [mem 0xfb700000-0xfb7fffff]
Mar 28 15:24:12 ubuntu-server kernel: pci 0000:00:16.7:   bridge window [mem 0xe5e00000-0xe5efffff 64bit pref]
Mar 28 15:24:12 ubuntu-server kernel: pci 0000:00:17.0: PCI bridge to [bus 13]
Mar 28 15:24:12 ubuntu-server kernel: pci 0000:00:17.0:   bridge window [io  0x6000-0x6fff]
Mar 28 15:24:12 ubuntu-server kernel: pci 0000:00:17.0:   bridge window [mem 0xfd200000-0xfd2fffff]
Mar 28 15:24:12 ubuntu-server kernel: pci 0000:00:17.0:   bridge window [mem 0xe7900000-0xe79fffff 64bit pref]
Mar 28 15:24:12 ubuntu-server kernel: pci 0000:00:17.1: PCI bridge to [bus 14]
Mar 28 15:24:12 ubuntu-server kernel: pci 0000:00:17.1:   bridge window [io  0xa000-0xafff]
Mar 28 15:24:12 ubuntu-server kernel: pci 0000:00:17.1:   bridge window [mem 0xfce00000-0xfcefffff]
Mar 28 15:24:12 ubuntu-server kernel: pci 0000:00:17.1:   bridge window [mem 0xe7500000-0xe75fffff 64bit pref]
Mar 28 15:24:12 ubuntu-server kernel: pci 0000:00:17.2: PCI bridge to [bus 15]
Mar 28 15:24:12 ubuntu-server kernel: pci 0000:00:17.2:   bridge window [io  0xe000-0xefff]
Mar 28 15:24:12 ubuntu-server kernel: pci 0000:00:17.2:   bridge window [mem 0xfca00000-0xfcafffff]
Mar 28 15:24:12 ubuntu-server kernel: pci 0000:00:17.2:   bridge window [mem 0xe7100000-0xe71fffff 64bit pref]
Mar 28 15:24:12 ubuntu-server kernel: pci 0000:00:17.3: PCI bridge to [bus 16]
Mar 28 15:24:12 ubuntu-server kernel: pci 0000:00:17.3:   bridge window [mem 0xfc600000-0xfc6fffff]
Mar 28 15:24:12 ubuntu-server kernel: pci 0000:00:17.3:   bridge window [mem 0xe6d00000-0xe6dfffff 64bit pref]
Mar 28 15:24:12 ubuntu-server kernel: pci 0000:00:17.4: PCI bridge to [bus 17]
Mar 28 15:24:12 ubuntu-server kernel: pci 0000:00:17.4:   bridge window [mem 0xfc200000-0xfc2fffff]
Mar 28 15:24:12 ubuntu-server kernel: pci 0000:00:17.4:   bridge window [mem 0xe6900000-0xe69fffff 64bit pref]
Mar 28 15:24:12 ubuntu-server kernel: pci 0000:00:17.5: PCI bridge to [bus 18]
Mar 28 15:24:12 ubuntu-server kernel: pci 0000:00:17.5:   bridge window [mem 0xfbe00000-0xfbefffff]
Mar 28 15:24:12 ubuntu-server kernel: pci 0000:00:17.5:   bridge window [mem 0xe6500000-0xe65fffff 64bit pref]
Mar 28 15:24:12 ubuntu-server kernel: pci 0000:00:17.6: PCI bridge to [bus 19]
Mar 28 15:24:12 ubuntu-server kernel: pci 0000:00:17.6:   bridge window [mem 0xfba00000-0xfbafffff]
Mar 28 15:24:12 ubuntu-server kernel: pci 0000:00:17.6:   bridge window [mem 0xe6100000-0xe61fffff 64bit pref]
Mar 28 15:24:12 ubuntu-server kernel: pci 0000:00:17.7: PCI bridge to [bus 1a]
Mar 28 15:24:12 ubuntu-server kernel: pci 0000:00:17.7:   bridge window [mem 0xfb600000-0xfb6fffff]
Mar 28 15:24:12 ubuntu-server kernel: pci 0000:00:17.7:   bridge window [mem 0xe5d00000-0xe5dfffff 64bit pref]
Mar 28 15:24:12 ubuntu-server kernel: pci 0000:00:18.0: PCI bridge to [bus 1b]
Mar 28 15:24:12 ubuntu-server kernel: pci 0000:00:18.0:   bridge window [io  0x7000-0x7fff]
Mar 28 15:24:12 ubuntu-server kernel: pci 0000:00:18.0:   bridge window [mem 0xfd100000-0xfd1fffff]
Mar 28 15:24:12 ubuntu-server kernel: pci 0000:00:18.0:   bridge window [mem 0xe7800000-0xe78fffff 64bit pref]
Mar 28 15:24:12 ubuntu-server kernel: pci 0000:00:18.1: PCI bridge to [bus 1c]
Mar 28 15:24:12 ubuntu-server kernel: pci 0000:00:18.1:   bridge window [io  0xb000-0xbfff]
Mar 28 15:24:12 ubuntu-server kernel: pci 0000:00:18.1:   bridge window [mem 0xfcd00000-0xfcdfffff]
Mar 28 15:24:12 ubuntu-server kernel: pci 0000:00:18.1:   bridge window [mem 0xe7400000-0xe74fffff 64bit pref]
Mar 28 15:24:12 ubuntu-server kernel: pci 0000:00:18.2: PCI bridge to [bus 1d]
Mar 28 15:24:12 ubuntu-server kernel: pci 0000:00:18.2:   bridge window [mem 0xfc900000-0xfc9fffff]
Mar 28 15:24:12 ubuntu-server kernel: pci 0000:00:18.2:   bridge window [mem 0xe7000000-0xe70fffff 64bit pref]
Mar 28 15:24:12 ubuntu-server kernel: pci 0000:00:18.3: PCI bridge to [bus 1e]
Mar 28 15:24:12 ubuntu-server kernel: pci 0000:00:18.3:   bridge window [mem 0xfc500000-0xfc5fffff]
Mar 28 15:24:12 ubuntu-server kernel: pci 0000:00:18.3:   bridge window [mem 0xe6c00000-0xe6cfffff 64bit pref]
Mar 28 15:24:12 ubuntu-server kernel: pci 0000:00:18.4: PCI bridge to [bus 1f]
Mar 28 15:24:12 ubuntu-server kernel: pci 0000:00:18.4:   bridge window [mem 0xfc100000-0xfc1fffff]
Mar 28 15:24:12 ubuntu-server kernel: pci 0000:00:18.4:   bridge window [mem 0xe6800000-0xe68fffff 64bit pref]
Mar 28 15:24:12 ubuntu-server kernel: pci 0000:00:18.5: PCI bridge to [bus 20]
Mar 28 15:24:12 ubuntu-server kernel: pci 0000:00:18.5:   bridge window [mem 0xfbd00000-0xfbdfffff]
Mar 28 15:24:12 ubuntu-server kernel: pci 0000:00:18.5:   bridge window [mem 0xe6400000-0xe64fffff 64bit pref]
Mar 28 15:24:12 ubuntu-server kernel: pci 0000:00:18.6: PCI bridge to [bus 21]
Mar 28 15:24:12 ubuntu-server kernel: pci 0000:00:18.6:   bridge window [mem 0xfb900000-0xfb9fffff]
Mar 28 15:24:12 ubuntu-server kernel: pci 0000:00:18.6:   bridge window [mem 0xe6000000-0xe60fffff 64bit pref]
Mar 28 15:24:12 ubuntu-server kernel: pci 0000:00:18.7: PCI bridge to [bus 22]
Mar 28 15:24:12 ubuntu-server kernel: pci 0000:00:18.7:   bridge window [mem 0xfb500000-0xfb5fffff]
Mar 28 15:24:12 ubuntu-server kernel: pci 0000:00:18.7:   bridge window [mem 0xe5c00000-0xe5cfffff 64bit pref]
Mar 28 15:24:12 ubuntu-server kernel: ACPI: PCI: Interrupt link LNKA configured for IRQ 9
Mar 28 15:24:12 ubuntu-server kernel: ACPI: PCI: Interrupt link LNKB configured for IRQ 11
Mar 28 15:24:12 ubuntu-server kernel: ACPI: PCI: Interrupt link LNKC configured for IRQ 10
Mar 28 15:24:12 ubuntu-server kernel: ACPI: PCI: Interrupt link LNKD configured for IRQ 7
Mar 28 15:24:12 ubuntu-server kernel: iommu: Default domain type: Translated 
Mar 28 15:24:12 ubuntu-server kernel: iommu: DMA domain TLB invalidation policy: lazy mode 
Mar 28 15:24:12 ubuntu-server kernel: SCSI subsystem initialized
Mar 28 15:24:12 ubuntu-server kernel: libata version 3.00 loaded.
Mar 28 15:24:12 ubuntu-server kernel: pci 0000:00:0f.0: vgaarb: setting as boot VGA device
Mar 28 15:24:12 ubuntu-server kernel: pci 0000:00:0f.0: vgaarb: VGA device added: decodes=io+mem,owns=io+mem,locks=none
Mar 28 15:24:12 ubuntu-server kernel: pci 0000:00:0f.0: vgaarb: bridge control possible
Mar 28 15:24:12 ubuntu-server kernel: vgaarb: loaded
Mar 28 15:24:12 ubuntu-server kernel: ACPI: bus type USB registered
Mar 28 15:24:12 ubuntu-server kernel: usbcore: registered new interface driver usbfs
Mar 28 15:24:12 ubuntu-server kernel: usbcore: registered new interface driver hub
Mar 28 15:24:12 ubuntu-server kernel: usbcore: registered new device driver usb
Mar 28 15:24:12 ubuntu-server kernel: pps_core: LinuxPPS API ver. 1 registered
Mar 28 15:24:12 ubuntu-server kernel: pps_core: Software ver. 5.3.6 - Copyright 2005-2007 Rodolfo Giometti <giometti@linux.it>
Mar 28 15:24:12 ubuntu-server kernel: PTP clock support registered
Mar 28 15:24:12 ubuntu-server kernel: EDAC MC: Ver: 3.0.0
Mar 28 15:24:12 ubuntu-server kernel: NetLabel: Initializing
Mar 28 15:24:12 ubuntu-server kernel: NetLabel:  domain hash size = 128
Mar 28 15:24:12 ubuntu-server kernel: NetLabel:  protocols = UNLABELED CIPSOv4 CALIPSO
Mar 28 15:24:12 ubuntu-server kernel: NetLabel:  unlabeled traffic allowed by default
Mar 28 15:24:12 ubuntu-server kernel: PCI: Using ACPI for IRQ routing
Mar 28 15:24:12 ubuntu-server kernel: PCI: pci_cache_line_size set to 64 bytes
Mar 28 15:24:12 ubuntu-server kernel: e820: reserve RAM buffer [mem 0x0009f400-0x0009ffff]
Mar 28 15:24:12 ubuntu-server kernel: e820: reserve RAM buffer [mem 0xbfee0000-0xbfffffff]
Mar 28 15:24:12 ubuntu-server kernel: hpet0: at MMIO 0xfed00000, IRQs 2, 8, 0, 0, 0, 0, 0, 0, 0, 0, 0, 0, 0, 0, 0, 0
Mar 28 15:24:12 ubuntu-server kernel: hpet0: 16 comparators, 64-bit 14.318180 MHz counter
Mar 28 15:24:12 ubuntu-server kernel: clocksource: Switched to clocksource tsc-early
Mar 28 15:24:12 ubuntu-server kernel: VFS: Disk quotas dquot_6.6.0
Mar 28 15:24:12 ubuntu-server kernel: VFS: Dquot-cache hash table entries: 512 (order 0, 4096 bytes)
Mar 28 15:24:12 ubuntu-server kernel: AppArmor: AppArmor Filesystem Enabled
Mar 28 15:24:12 ubuntu-server kernel: pnp: PnP ACPI init
Mar 28 15:24:12 ubuntu-server kernel: system 00:00: [io  0x1000-0x103f] has been reserved
Mar 28 15:24:12 ubuntu-server kernel: system 00:00: [io  0x1040-0x104f] has been reserved
Mar 28 15:24:12 ubuntu-server kernel: system 00:00: [io  0x0cf0-0x0cf1] has been reserved
Mar 28 15:24:12 ubuntu-server kernel: system 00:04: [mem 0xfed00000-0xfed003ff] has been reserved
Mar 28 15:24:12 ubuntu-server kernel: system 00:05: [io  0xfce0-0xfcff] has been reserved
Mar 28 15:24:12 ubuntu-server kernel: system 00:05: [mem 0xf0000000-0xf7ffffff] has been reserved
Mar 28 15:24:12 ubuntu-server kernel: system 00:05: [mem 0xfe800000-0xfe9fffff] has been reserved
Mar 28 15:24:12 ubuntu-server kernel: pnp: PnP ACPI: found 6 devices
Mar 28 15:24:12 ubuntu-server kernel: clocksource: acpi_pm: mask: 0xffffff max_cycles: 0xffffff, max_idle_ns: 2085701024 ns
Mar 28 15:24:12 ubuntu-server kernel: NET: Registered PF_INET protocol family
Mar 28 15:24:12 ubuntu-server kernel: IP idents hash table entries: 65536 (order: 7, 524288 bytes, linear)
Mar 28 15:24:12 ubuntu-server kernel: tcp_listen_portaddr_hash hash table entries: 2048 (order: 3, 32768 bytes, linear)
Mar 28 15:24:12 ubuntu-server kernel: Table-perturb hash table entries: 65536 (order: 6, 262144 bytes, linear)
Mar 28 15:24:12 ubuntu-server kernel: TCP established hash table entries: 32768 (order: 6, 262144 bytes, linear)
Mar 28 15:24:12 ubuntu-server kernel: TCP bind hash table entries: 32768 (order: 7, 524288 bytes, linear)
Mar 28 15:24:12 ubuntu-server kernel: TCP: Hash tables configured (established 32768 bind 32768)
Mar 28 15:24:12 ubuntu-server kernel: MPTCP token hash table entries: 4096 (order: 4, 98304 bytes, linear)
Mar 28 15:24:12 ubuntu-server kernel: UDP hash table entries: 2048 (order: 4, 65536 bytes, linear)
Mar 28 15:24:12 ubuntu-server kernel: UDP-Lite hash table entries: 2048 (order: 4, 65536 bytes, linear)
Mar 28 15:24:12 ubuntu-server kernel: NET: Registered PF_UNIX/PF_LOCAL protocol family
Mar 28 15:24:12 ubuntu-server kernel: NET: Registered PF_XDP protocol family
Mar 28 15:24:12 ubuntu-server kernel: pci 0000:00:15.0: bridge window [mem 0x00100000-0x000fffff 64bit pref] to [bus 03] add_size 200000 add_align 100000
Mar 28 15:24:12 ubuntu-server kernel: pci 0000:00:15.3: bridge window [io  0x1000-0x0fff] to [bus 06] add_size 1000
Mar 28 15:24:12 ubuntu-server kernel: pci 0000:00:15.4: bridge window [io  0x1000-0x0fff] to [bus 07] add_size 1000
Mar 28 15:24:12 ubuntu-server kernel: pci 0000:00:15.5: bridge window [io  0x1000-0x0fff] to [bus 08] add_size 1000
Mar 28 15:24:12 ubuntu-server kernel: pci 0000:00:15.6: bridge window [io  0x1000-0x0fff] to [bus 09] add_size 1000
Mar 28 15:24:12 ubuntu-server kernel: pci 0000:00:15.7: bridge window [io  0x1000-0x0fff] to [bus 0a] add_size 1000
Mar 28 15:24:12 ubuntu-server kernel: pci 0000:00:16.3: bridge window [io  0x1000-0x0fff] to [bus 0e] add_size 1000
Mar 28 15:24:12 ubuntu-server kernel: pci 0000:00:16.4: bridge window [io  0x1000-0x0fff] to [bus 0f] add_size 1000
Mar 28 15:24:12 ubuntu-server kernel: pci 0000:00:16.5: bridge window [io  0x1000-0x0fff] to [bus 10] add_size 1000
Mar 28 15:24:12 ubuntu-server kernel: pci 0000:00:16.6: bridge window [io  0x1000-0x0fff] to [bus 11] add_size 1000
Mar 28 15:24:12 ubuntu-server kernel: pci 0000:00:16.7: bridge window [io  0x1000-0x0fff] to [bus 12] add_size 1000
Mar 28 15:24:12 ubuntu-server kernel: pci 0000:00:17.3: bridge window [io  0x1000-0x0fff] to [bus 16] add_size 1000
Mar 28 15:24:12 ubuntu-server kernel: pci 0000:00:17.4: bridge window [io  0x1000-0x0fff] to [bus 17] add_size 1000
Mar 28 15:24:12 ubuntu-server kernel: pci 0000:00:17.5: bridge window [io  0x1000-0x0fff] to [bus 18] add_size 1000
Mar 28 15:24:12 ubuntu-server kernel: pci 0000:00:17.6: bridge window [io  0x1000-0x0fff] to [bus 19] add_size 1000
Mar 28 15:24:12 ubuntu-server kernel: pci 0000:00:17.7: bridge window [io  0x1000-0x0fff] to [bus 1a] add_size 1000
Mar 28 15:24:12 ubuntu-server kernel: pci 0000:00:18.2: bridge window [io  0x1000-0x0fff] to [bus 1d] add_size 1000
Mar 28 15:24:12 ubuntu-server kernel: pci 0000:00:18.3: bridge window [io  0x1000-0x0fff] to [bus 1e] add_size 1000
Mar 28 15:24:12 ubuntu-server kernel: pci 0000:00:18.4: bridge window [io  0x1000-0x0fff] to [bus 1f] add_size 1000
Mar 28 15:24:12 ubuntu-server kernel: pci 0000:00:18.5: bridge window [io  0x1000-0x0fff] to [bus 20] add_size 1000
Mar 28 15:24:12 ubuntu-server kernel: pci 0000:00:18.6: bridge window [io  0x1000-0x0fff] to [bus 21] add_size 1000
Mar 28 15:24:12 ubuntu-server kernel: pci 0000:00:18.7: bridge window [io  0x1000-0x0fff] to [bus 22] add_size 1000
Mar 28 15:24:12 ubuntu-server kernel: pci 0000:00:15.0: BAR 15: assigned [mem 0xc0000000-0xc01fffff 64bit pref]
Mar 28 15:24:12 ubuntu-server kernel: pci 0000:00:10.0: BAR 6: assigned [mem 0xc0200000-0xc0203fff pref]
Mar 28 15:24:12 ubuntu-server kernel: pci 0000:00:15.3: BAR 13: no space for [io  size 0x1000]
Mar 28 15:24:12 ubuntu-server kernel: pci 0000:00:15.3: BAR 13: failed to assign [io  size 0x1000]
Mar 28 15:24:12 ubuntu-server kernel: pci 0000:00:15.4: BAR 13: no space for [io  size 0x1000]
Mar 28 15:24:12 ubuntu-server kernel: pci 0000:00:15.4: BAR 13: failed to assign [io  size 0x1000]
Mar 28 15:24:12 ubuntu-server kernel: pci 0000:00:15.5: BAR 13: no space for [io  size 0x1000]
Mar 28 15:24:12 ubuntu-server kernel: pci 0000:00:15.5: BAR 13: failed to assign [io  size 0x1000]
Mar 28 15:24:12 ubuntu-server kernel: pci 0000:00:15.6: BAR 13: no space for [io  size 0x1000]
Mar 28 15:24:12 ubuntu-server kernel: pci 0000:00:15.6: BAR 13: failed to assign [io  size 0x1000]
Mar 28 15:24:12 ubuntu-server kernel: pci 0000:00:15.7: BAR 13: no space for [io  size 0x1000]
Mar 28 15:24:12 ubuntu-server kernel: pci 0000:00:15.7: BAR 13: failed to assign [io  size 0x1000]
Mar 28 15:24:12 ubuntu-server kernel: pci 0000:00:16.3: BAR 13: no space for [io  size 0x1000]
Mar 28 15:24:12 ubuntu-server kernel: pci 0000:00:16.3: BAR 13: failed to assign [io  size 0x1000]
Mar 28 15:24:12 ubuntu-server kernel: pci 0000:00:16.4: BAR 13: no space for [io  size 0x1000]
Mar 28 15:24:12 ubuntu-server kernel: pci 0000:00:16.4: BAR 13: failed to assign [io  size 0x1000]
Mar 28 15:24:12 ubuntu-server kernel: pci 0000:00:16.5: BAR 13: no space for [io  size 0x1000]
Mar 28 15:24:12 ubuntu-server kernel: pci 0000:00:16.5: BAR 13: failed to assign [io  size 0x1000]
Mar 28 15:24:12 ubuntu-server kernel: pci 0000:00:16.6: BAR 13: no space for [io  size 0x1000]
Mar 28 15:24:12 ubuntu-server kernel: pci 0000:00:16.6: BAR 13: failed to assign [io  size 0x1000]
Mar 28 15:24:12 ubuntu-server kernel: pci 0000:00:16.7: BAR 13: no space for [io  size 0x1000]
Mar 28 15:24:12 ubuntu-server kernel: pci 0000:00:16.7: BAR 13: failed to assign [io  size 0x1000]
Mar 28 15:24:12 ubuntu-server kernel: pci 0000:00:17.3: BAR 13: no space for [io  size 0x1000]
Mar 28 15:24:12 ubuntu-server kernel: pci 0000:00:17.3: BAR 13: failed to assign [io  size 0x1000]
Mar 28 15:24:12 ubuntu-server kernel: pci 0000:00:17.4: BAR 13: no space for [io  size 0x1000]
Mar 28 15:24:12 ubuntu-server kernel: pci 0000:00:17.4: BAR 13: failed to assign [io  size 0x1000]
Mar 28 15:24:12 ubuntu-server kernel: pci 0000:00:17.5: BAR 13: no space for [io  size 0x1000]
Mar 28 15:24:12 ubuntu-server kernel: pci 0000:00:17.5: BAR 13: failed to assign [io  size 0x1000]
Mar 28 15:24:12 ubuntu-server kernel: pci 0000:00:17.6: BAR 13: no space for [io  size 0x1000]
Mar 28 15:24:12 ubuntu-server kernel: pci 0000:00:17.6: BAR 13: failed to assign [io  size 0x1000]
Mar 28 15:24:12 ubuntu-server kernel: pci 0000:00:17.7: BAR 13: no space for [io  size 0x1000]
Mar 28 15:24:12 ubuntu-server kernel: pci 0000:00:17.7: BAR 13: failed to assign [io  size 0x1000]
Mar 28 15:24:12 ubuntu-server kernel: pci 0000:00:18.2: BAR 13: no space for [io  size 0x1000]
Mar 28 15:24:12 ubuntu-server kernel: pci 0000:00:18.2: BAR 13: failed to assign [io  size 0x1000]
Mar 28 15:24:12 ubuntu-server kernel: pci 0000:00:18.3: BAR 13: no space for [io  size 0x1000]
Mar 28 15:24:12 ubuntu-server kernel: pci 0000:00:18.3: BAR 13: failed to assign [io  size 0x1000]
Mar 28 15:24:12 ubuntu-server kernel: pci 0000:00:18.4: BAR 13: no space for [io  size 0x1000]
Mar 28 15:24:12 ubuntu-server kernel: pci 0000:00:18.4: BAR 13: failed to assign [io  size 0x1000]
Mar 28 15:24:12 ubuntu-server kernel: pci 0000:00:18.5: BAR 13: no space for [io  size 0x1000]
Mar 28 15:24:12 ubuntu-server kernel: pci 0000:00:18.5: BAR 13: failed to assign [io  size 0x1000]
Mar 28 15:24:12 ubuntu-server kernel: pci 0000:00:18.6: BAR 13: no space for [io  size 0x1000]
Mar 28 15:24:12 ubuntu-server kernel: pci 0000:00:18.6: BAR 13: failed to assign [io  size 0x1000]
Mar 28 15:24:12 ubuntu-server kernel: pci 0000:00:18.7: BAR 13: no space for [io  size 0x1000]
Mar 28 15:24:12 ubuntu-server kernel: pci 0000:00:18.7: BAR 13: failed to assign [io  size 0x1000]
Mar 28 15:24:12 ubuntu-server kernel: pci 0000:00:18.7: BAR 13: no space for [io  size 0x1000]
Mar 28 15:24:12 ubuntu-server kernel: pci 0000:00:18.7: BAR 13: failed to assign [io  size 0x1000]
Mar 28 15:24:12 ubuntu-server kernel: pci 0000:00:18.6: BAR 13: no space for [io  size 0x1000]
Mar 28 15:24:12 ubuntu-server kernel: pci 0000:00:18.6: BAR 13: failed to assign [io  size 0x1000]
Mar 28 15:24:12 ubuntu-server kernel: pci 0000:00:18.5: BAR 13: no space for [io  size 0x1000]
Mar 28 15:24:12 ubuntu-server kernel: pci 0000:00:18.5: BAR 13: failed to assign [io  size 0x1000]
Mar 28 15:24:12 ubuntu-server kernel: pci 0000:00:18.4: BAR 13: no space for [io  size 0x1000]
Mar 28 15:24:12 ubuntu-server kernel: pci 0000:00:18.4: BAR 13: failed to assign [io  size 0x1000]
Mar 28 15:24:12 ubuntu-server kernel: pci 0000:00:18.3: BAR 13: no space for [io  size 0x1000]
Mar 28 15:24:12 ubuntu-server kernel: pci 0000:00:18.3: BAR 13: failed to assign [io  size 0x1000]
Mar 28 15:24:12 ubuntu-server kernel: pci 0000:00:18.2: BAR 13: no space for [io  size 0x1000]
Mar 28 15:24:12 ubuntu-server kernel: pci 0000:00:18.2: BAR 13: failed to assign [io  size 0x1000]
Mar 28 15:24:12 ubuntu-server kernel: pci 0000:00:17.7: BAR 13: no space for [io  size 0x1000]
Mar 28 15:24:12 ubuntu-server kernel: pci 0000:00:17.7: BAR 13: failed to assign [io  size 0x1000]
Mar 28 15:24:12 ubuntu-server kernel: pci 0000:00:17.6: BAR 13: no space for [io  size 0x1000]
Mar 28 15:24:12 ubuntu-server kernel: pci 0000:00:17.6: BAR 13: failed to assign [io  size 0x1000]
Mar 28 15:24:12 ubuntu-server kernel: pci 0000:00:17.5: BAR 13: no space for [io  size 0x1000]
Mar 28 15:24:12 ubuntu-server kernel: pci 0000:00:17.5: BAR 13: failed to assign [io  size 0x1000]
Mar 28 15:24:12 ubuntu-server kernel: pci 0000:00:17.4: BAR 13: no space for [io  size 0x1000]
Mar 28 15:24:12 ubuntu-server kernel: pci 0000:00:17.4: BAR 13: failed to assign [io  size 0x1000]
Mar 28 15:24:12 ubuntu-server kernel: pci 0000:00:17.3: BAR 13: no space for [io  size 0x1000]
Mar 28 15:24:12 ubuntu-server kernel: pci 0000:00:17.3: BAR 13: failed to assign [io  size 0x1000]
Mar 28 15:24:12 ubuntu-server kernel: pci 0000:00:16.7: BAR 13: no space for [io  size 0x1000]
Mar 28 15:24:12 ubuntu-server kernel: pci 0000:00:16.7: BAR 13: failed to assign [io  size 0x1000]
Mar 28 15:24:12 ubuntu-server kernel: pci 0000:00:16.6: BAR 13: no space for [io  size 0x1000]
Mar 28 15:24:12 ubuntu-server kernel: pci 0000:00:16.6: BAR 13: failed to assign [io  size 0x1000]
Mar 28 15:24:12 ubuntu-server kernel: pci 0000:00:16.5: BAR 13: no space for [io  size 0x1000]
Mar 28 15:24:12 ubuntu-server kernel: pci 0000:00:16.5: BAR 13: failed to assign [io  size 0x1000]
Mar 28 15:24:12 ubuntu-server kernel: pci 0000:00:16.4: BAR 13: no space for [io  size 0x1000]
Mar 28 15:24:12 ubuntu-server kernel: pci 0000:00:16.4: BAR 13: failed to assign [io  size 0x1000]
Mar 28 15:24:12 ubuntu-server kernel: pci 0000:00:16.3: BAR 13: no space for [io  size 0x1000]
Mar 28 15:24:12 ubuntu-server kernel: pci 0000:00:16.3: BAR 13: failed to assign [io  size 0x1000]
Mar 28 15:24:12 ubuntu-server kernel: pci 0000:00:15.7: BAR 13: no space for [io  size 0x1000]
Mar 28 15:24:12 ubuntu-server kernel: pci 0000:00:15.7: BAR 13: failed to assign [io  size 0x1000]
Mar 28 15:24:12 ubuntu-server kernel: pci 0000:00:15.6: BAR 13: no space for [io  size 0x1000]
Mar 28 15:24:12 ubuntu-server kernel: pci 0000:00:15.6: BAR 13: failed to assign [io  size 0x1000]
Mar 28 15:24:12 ubuntu-server kernel: pci 0000:00:15.5: BAR 13: no space for [io  size 0x1000]
Mar 28 15:24:12 ubuntu-server kernel: pci 0000:00:15.5: BAR 13: failed to assign [io  size 0x1000]
Mar 28 15:24:12 ubuntu-server kernel: pci 0000:00:15.4: BAR 13: no space for [io  size 0x1000]
Mar 28 15:24:12 ubuntu-server kernel: pci 0000:00:15.4: BAR 13: failed to assign [io  size 0x1000]
Mar 28 15:24:12 ubuntu-server kernel: pci 0000:00:15.3: BAR 13: no space for [io  size 0x1000]
Mar 28 15:24:12 ubuntu-server kernel: pci 0000:00:15.3: BAR 13: failed to assign [io  size 0x1000]
Mar 28 15:24:12 ubuntu-server kernel: pci 0000:00:01.0: PCI bridge to [bus 01]
Mar 28 15:24:12 ubuntu-server kernel: pci 0000:02:03.0: BAR 6: assigned [mem 0xfd500000-0xfd50ffff pref]
Mar 28 15:24:12 ubuntu-server kernel: pci 0000:00:11.0: PCI bridge to [bus 02]
Mar 28 15:24:12 ubuntu-server kernel: pci 0000:00:11.0:   bridge window [io  0x2000-0x3fff]
Mar 28 15:24:12 ubuntu-server kernel: pci 0000:00:11.0:   bridge window [mem 0xfd500000-0xfdffffff]
Mar 28 15:24:12 ubuntu-server kernel: pci 0000:00:11.0:   bridge window [mem 0xe7b00000-0xe7ffffff 64bit pref]
Mar 28 15:24:12 ubuntu-server kernel: pci 0000:03:00.0: BAR 6: assigned [mem 0xfd400000-0xfd40ffff pref]
Mar 28 15:24:12 ubuntu-server kernel: pci 0000:00:15.0: PCI bridge to [bus 03]
Mar 28 15:24:12 ubuntu-server kernel: pci 0000:00:15.0:   bridge window [io  0x4000-0x4fff]
Mar 28 15:24:12 ubuntu-server kernel: pci 0000:00:15.0:   bridge window [mem 0xfd400000-0xfd4fffff]
Mar 28 15:24:12 ubuntu-server kernel: pci 0000:00:15.0:   bridge window [mem 0xc0000000-0xc01fffff 64bit pref]
Mar 28 15:24:12 ubuntu-server kernel: pci 0000:00:15.1: PCI bridge to [bus 04]
Mar 28 15:24:12 ubuntu-server kernel: pci 0000:00:15.1:   bridge window [io  0x8000-0x8fff]
Mar 28 15:24:12 ubuntu-server kernel: pci 0000:00:15.1:   bridge window [mem 0xfd000000-0xfd0fffff]
Mar 28 15:24:12 ubuntu-server kernel: pci 0000:00:15.1:   bridge window [mem 0xe7700000-0xe77fffff 64bit pref]
Mar 28 15:24:12 ubuntu-server kernel: pci 0000:00:15.2: PCI bridge to [bus 05]
Mar 28 15:24:12 ubuntu-server kernel: pci 0000:00:15.2:   bridge window [io  0xc000-0xcfff]
Mar 28 15:24:12 ubuntu-server kernel: pci 0000:00:15.2:   bridge window [mem 0xfcc00000-0xfccfffff]
Mar 28 15:24:12 ubuntu-server kernel: pci 0000:00:15.2:   bridge window [mem 0xe7300000-0xe73fffff 64bit pref]
Mar 28 15:24:12 ubuntu-server kernel: pci 0000:00:15.3: PCI bridge to [bus 06]
Mar 28 15:24:12 ubuntu-server kernel: pci 0000:00:15.3:   bridge window [mem 0xfc800000-0xfc8fffff]
Mar 28 15:24:12 ubuntu-server kernel: pci 0000:00:15.3:   bridge window [mem 0xe6f00000-0xe6ffffff 64bit pref]
Mar 28 15:24:12 ubuntu-server kernel: pci 0000:00:15.4: PCI bridge to [bus 07]
Mar 28 15:24:12 ubuntu-server kernel: pci 0000:00:15.4:   bridge window [mem 0xfc400000-0xfc4fffff]
Mar 28 15:24:12 ubuntu-server kernel: pci 0000:00:15.4:   bridge window [mem 0xe6b00000-0xe6bfffff 64bit pref]
Mar 28 15:24:12 ubuntu-server kernel: pci 0000:00:15.5: PCI bridge to [bus 08]
Mar 28 15:24:12 ubuntu-server kernel: pci 0000:00:15.5:   bridge window [mem 0xfc000000-0xfc0fffff]
Mar 28 15:24:12 ubuntu-server kernel: pci 0000:00:15.5:   bridge window [mem 0xe6700000-0xe67fffff 64bit pref]
Mar 28 15:24:12 ubuntu-server kernel: pci 0000:00:15.6: PCI bridge to [bus 09]
Mar 28 15:24:12 ubuntu-server kernel: pci 0000:00:15.6:   bridge window [mem 0xfbc00000-0xfbcfffff]
Mar 28 15:24:12 ubuntu-server kernel: pci 0000:00:15.6:   bridge window [mem 0xe6300000-0xe63fffff 64bit pref]
Mar 28 15:24:12 ubuntu-server kernel: pci 0000:00:15.7: PCI bridge to [bus 0a]
Mar 28 15:24:12 ubuntu-server kernel: pci 0000:00:15.7:   bridge window [mem 0xfb800000-0xfb8fffff]
Mar 28 15:24:12 ubuntu-server kernel: pci 0000:00:15.7:   bridge window [mem 0xe5f00000-0xe5ffffff 64bit pref]
Mar 28 15:24:12 ubuntu-server kernel: pci 0000:00:16.0: PCI bridge to [bus 0b]
Mar 28 15:24:12 ubuntu-server kernel: pci 0000:00:16.0:   bridge window [io  0x5000-0x5fff]
Mar 28 15:24:12 ubuntu-server kernel: pci 0000:00:16.0:   bridge window [mem 0xfd300000-0xfd3fffff]
Mar 28 15:24:12 ubuntu-server kernel: pci 0000:00:16.0:   bridge window [mem 0xe7a00000-0xe7afffff 64bit pref]
Mar 28 15:24:12 ubuntu-server kernel: pci 0000:00:16.1: PCI bridge to [bus 0c]
Mar 28 15:24:12 ubuntu-server kernel: pci 0000:00:16.1:   bridge window [io  0x9000-0x9fff]
Mar 28 15:24:12 ubuntu-server kernel: pci 0000:00:16.1:   bridge window [mem 0xfcf00000-0xfcffffff]
Mar 28 15:24:12 ubuntu-server kernel: pci 0000:00:16.1:   bridge window [mem 0xe7600000-0xe76fffff 64bit pref]
Mar 28 15:24:12 ubuntu-server kernel: pci 0000:00:16.2: PCI bridge to [bus 0d]
Mar 28 15:24:12 ubuntu-server kernel: pci 0000:00:16.2:   bridge window [io  0xd000-0xdfff]
Mar 28 15:24:12 ubuntu-server kernel: pci 0000:00:16.2:   bridge window [mem 0xfcb00000-0xfcbfffff]
Mar 28 15:24:12 ubuntu-server kernel: pci 0000:00:16.2:   bridge window [mem 0xe7200000-0xe72fffff 64bit pref]
Mar 28 15:24:12 ubuntu-server kernel: pci 0000:00:16.3: PCI bridge to [bus 0e]
Mar 28 15:24:12 ubuntu-server kernel: pci 0000:00:16.3:   bridge window [mem 0xfc700000-0xfc7fffff]
Mar 28 15:24:12 ubuntu-server kernel: pci 0000:00:16.3:   bridge window [mem 0xe6e00000-0xe6efffff 64bit pref]
Mar 28 15:24:12 ubuntu-server kernel: pci 0000:00:16.4: PCI bridge to [bus 0f]
Mar 28 15:24:12 ubuntu-server kernel: pci 0000:00:16.4:   bridge window [mem 0xfc300000-0xfc3fffff]
Mar 28 15:24:12 ubuntu-server kernel: pci 0000:00:16.4:   bridge window [mem 0xe6a00000-0xe6afffff 64bit pref]
Mar 28 15:24:12 ubuntu-server kernel: pci 0000:00:16.5: PCI bridge to [bus 10]
Mar 28 15:24:12 ubuntu-server kernel: pci 0000:00:16.5:   bridge window [mem 0xfbf00000-0xfbffffff]
Mar 28 15:24:12 ubuntu-server kernel: pci 0000:00:16.5:   bridge window [mem 0xe6600000-0xe66fffff 64bit pref]
Mar 28 15:24:12 ubuntu-server kernel: pci 0000:00:16.6: PCI bridge to [bus 11]
Mar 28 15:24:12 ubuntu-server kernel: pci 0000:00:16.6:   bridge window [mem 0xfbb00000-0xfbbfffff]
Mar 28 15:24:12 ubuntu-server kernel: pci 0000:00:16.6:   bridge window [mem 0xe6200000-0xe62fffff 64bit pref]
Mar 28 15:24:12 ubuntu-server kernel: pci 0000:00:16.7: PCI bridge to [bus 12]
Mar 28 15:24:12 ubuntu-server kernel: pci 0000:00:16.7:   bridge window [mem 0xfb700000-0xfb7fffff]
Mar 28 15:24:12 ubuntu-server kernel: pci 0000:00:16.7:   bridge window [mem 0xe5e00000-0xe5efffff 64bit pref]
Mar 28 15:24:12 ubuntu-server kernel: pci 0000:00:17.0: PCI bridge to [bus 13]
Mar 28 15:24:12 ubuntu-server kernel: pci 0000:00:17.0:   bridge window [io  0x6000-0x6fff]
Mar 28 15:24:12 ubuntu-server kernel: pci 0000:00:17.0:   bridge window [mem 0xfd200000-0xfd2fffff]
Mar 28 15:24:12 ubuntu-server kernel: pci 0000:00:17.0:   bridge window [mem 0xe7900000-0xe79fffff 64bit pref]
Mar 28 15:24:12 ubuntu-server kernel: pci 0000:00:17.1: PCI bridge to [bus 14]
Mar 28 15:24:12 ubuntu-server kernel: pci 0000:00:17.1:   bridge window [io  0xa000-0xafff]
Mar 28 15:24:12 ubuntu-server kernel: pci 0000:00:17.1:   bridge window [mem 0xfce00000-0xfcefffff]
Mar 28 15:24:12 ubuntu-server kernel: pci 0000:00:17.1:   bridge window [mem 0xe7500000-0xe75fffff 64bit pref]
Mar 28 15:24:12 ubuntu-server kernel: pci 0000:00:17.2: PCI bridge to [bus 15]
Mar 28 15:24:12 ubuntu-server kernel: pci 0000:00:17.2:   bridge window [io  0xe000-0xefff]
Mar 28 15:24:12 ubuntu-server kernel: pci 0000:00:17.2:   bridge window [mem 0xfca00000-0xfcafffff]
Mar 28 15:24:12 ubuntu-server kernel: pci 0000:00:17.2:   bridge window [mem 0xe7100000-0xe71fffff 64bit pref]
Mar 28 15:24:12 ubuntu-server kernel: pci 0000:00:17.3: PCI bridge to [bus 16]
Mar 28 15:24:12 ubuntu-server kernel: pci 0000:00:17.3:   bridge window [mem 0xfc600000-0xfc6fffff]
Mar 28 15:24:12 ubuntu-server kernel: pci 0000:00:17.3:   bridge window [mem 0xe6d00000-0xe6dfffff 64bit pref]
Mar 28 15:24:12 ubuntu-server kernel: pci 0000:00:17.4: PCI bridge to [bus 17]
Mar 28 15:24:13 ubuntu-server kernel: pci 0000:00:17.4:   bridge window [mem 0xfc200000-0xfc2fffff]
Mar 28 15:24:13 ubuntu-server kernel: pci 0000:00:17.4:   bridge window [mem 0xe6900000-0xe69fffff 64bit pref]
Mar 28 15:24:13 ubuntu-server kernel: pci 0000:00:17.5: PCI bridge to [bus 18]
Mar 28 15:24:13 ubuntu-server kernel: pci 0000:00:17.5:   bridge window [mem 0xfbe00000-0xfbefffff]
Mar 28 15:24:13 ubuntu-server kernel: pci 0000:00:17.5:   bridge window [mem 0xe6500000-0xe65fffff 64bit pref]
Mar 28 15:24:13 ubuntu-server kernel: pci 0000:00:17.6: PCI bridge to [bus 19]
Mar 28 15:24:13 ubuntu-server kernel: pci 0000:00:17.6:   bridge window [mem 0xfba00000-0xfbafffff]
Mar 28 15:24:13 ubuntu-server kernel: pci 0000:00:17.6:   bridge window [mem 0xe6100000-0xe61fffff 64bit pref]
Mar 28 15:24:13 ubuntu-server kernel: pci 0000:00:17.7: PCI bridge to [bus 1a]
Mar 28 15:24:13 ubuntu-server kernel: pci 0000:00:17.7:   bridge window [mem 0xfb600000-0xfb6fffff]
Mar 28 15:24:13 ubuntu-server kernel: pci 0000:00:17.7:   bridge window [mem 0xe5d00000-0xe5dfffff 64bit pref]
Mar 28 15:24:13 ubuntu-server kernel: pci 0000:00:18.0: PCI bridge to [bus 1b]
Mar 28 15:24:13 ubuntu-server kernel: pci 0000:00:18.0:   bridge window [io  0x7000-0x7fff]
Mar 28 15:24:13 ubuntu-server kernel: pci 0000:00:18.0:   bridge window [mem 0xfd100000-0xfd1fffff]
Mar 28 15:24:13 ubuntu-server kernel: pci 0000:00:18.0:   bridge window [mem 0xe7800000-0xe78fffff 64bit pref]
Mar 28 15:24:13 ubuntu-server kernel: pci 0000:00:18.1: PCI bridge to [bus 1c]
Mar 28 15:24:13 ubuntu-server kernel: pci 0000:00:18.1:   bridge window [io  0xb000-0xbfff]
Mar 28 15:24:13 ubuntu-server kernel: pci 0000:00:18.1:   bridge window [mem 0xfcd00000-0xfcdfffff]
Mar 28 15:24:13 ubuntu-server kernel: pci 0000:00:18.1:   bridge window [mem 0xe7400000-0xe74fffff 64bit pref]
Mar 28 15:24:13 ubuntu-server kernel: pci 0000:00:18.2: PCI bridge to [bus 1d]
Mar 28 15:24:13 ubuntu-server kernel: pci 0000:00:18.2:   bridge window [mem 0xfc900000-0xfc9fffff]
Mar 28 15:24:13 ubuntu-server kernel: pci 0000:00:18.2:   bridge window [mem 0xe7000000-0xe70fffff 64bit pref]
Mar 28 15:24:13 ubuntu-server kernel: pci 0000:00:18.3: PCI bridge to [bus 1e]
Mar 28 15:24:13 ubuntu-server kernel: pci 0000:00:18.3:   bridge window [mem 0xfc500000-0xfc5fffff]
Mar 28 15:24:13 ubuntu-server kernel: pci 0000:00:18.3:   bridge window [mem 0xe6c00000-0xe6cfffff 64bit pref]
Mar 28 15:24:13 ubuntu-server kernel: pci 0000:00:18.4: PCI bridge to [bus 1f]
Mar 28 15:24:13 ubuntu-server kernel: pci 0000:00:18.4:   bridge window [mem 0xfc100000-0xfc1fffff]
Mar 28 15:24:13 ubuntu-server kernel: pci 0000:00:18.4:   bridge window [mem 0xe6800000-0xe68fffff 64bit pref]
Mar 28 15:24:13 ubuntu-server kernel: pci 0000:00:18.5: PCI bridge to [bus 20]
Mar 28 15:24:13 ubuntu-server kernel: pci 0000:00:18.5:   bridge window [mem 0xfbd00000-0xfbdfffff]
Mar 28 15:24:13 ubuntu-server kernel: pci 0000:00:18.5:   bridge window [mem 0xe6400000-0xe64fffff 64bit pref]
Mar 28 15:24:13 ubuntu-server kernel: pci 0000:00:18.6: PCI bridge to [bus 21]
Mar 28 15:24:13 ubuntu-server kernel: pci 0000:00:18.6:   bridge window [mem 0xfb900000-0xfb9fffff]
Mar 28 15:24:13 ubuntu-server kernel: pci 0000:00:18.6:   bridge window [mem 0xe6000000-0xe60fffff 64bit pref]
Mar 28 15:24:13 ubuntu-server kernel: pci 0000:00:18.7: PCI bridge to [bus 22]
Mar 28 15:24:13 ubuntu-server kernel: pci 0000:00:18.7:   bridge window [mem 0xfb500000-0xfb5fffff]
Mar 28 15:24:13 ubuntu-server kernel: pci 0000:00:18.7:   bridge window [mem 0xe5c00000-0xe5cfffff 64bit pref]
Mar 28 15:24:13 ubuntu-server kernel: pci_bus 0000:00: resource 4 [io  0x0000-0x0cf7 window]
Mar 28 15:24:13 ubuntu-server kernel: pci_bus 0000:00: resource 5 [io  0x0d00-0xfeff window]
Mar 28 15:24:13 ubuntu-server kernel: pci_bus 0000:00: resource 6 [mem 0x000a0000-0x000bffff window]
Mar 28 15:24:13 ubuntu-server kernel: pci_bus 0000:00: resource 7 [mem 0x000d0000-0x000dbfff window]
Mar 28 15:24:13 ubuntu-server kernel: pci_bus 0000:00: resource 8 [mem 0xc0000000-0xfebfffff window]
Mar 28 15:24:13 ubuntu-server kernel: pci_bus 0000:02: resource 0 [io  0x2000-0x3fff]
Mar 28 15:24:13 ubuntu-server kernel: pci_bus 0000:02: resource 1 [mem 0xfd500000-0xfdffffff]
Mar 28 15:24:13 ubuntu-server kernel: pci_bus 0000:02: resource 2 [mem 0xe7b00000-0xe7ffffff 64bit pref]
Mar 28 15:24:13 ubuntu-server kernel: pci_bus 0000:02: resource 4 [io  0x0000-0x0cf7 window]
Mar 28 15:24:13 ubuntu-server kernel: pci_bus 0000:02: resource 5 [io  0x0d00-0xfeff window]
Mar 28 15:24:13 ubuntu-server kernel: pci_bus 0000:02: resource 6 [mem 0x000a0000-0x000bffff window]
Mar 28 15:24:13 ubuntu-server kernel: pci_bus 0000:02: resource 7 [mem 0x000d0000-0x000dbfff window]
Mar 28 15:24:13 ubuntu-server kernel: pci_bus 0000:02: resource 8 [mem 0xc0000000-0xfebfffff window]
Mar 28 15:24:13 ubuntu-server kernel: pci_bus 0000:03: resource 0 [io  0x4000-0x4fff]
Mar 28 15:24:13 ubuntu-server kernel: pci_bus 0000:03: resource 1 [mem 0xfd400000-0xfd4fffff]
Mar 28 15:24:13 ubuntu-server kernel: pci_bus 0000:03: resource 2 [mem 0xc0000000-0xc01fffff 64bit pref]
Mar 28 15:24:13 ubuntu-server kernel: pci_bus 0000:04: resource 0 [io  0x8000-0x8fff]
Mar 28 15:24:13 ubuntu-server kernel: pci_bus 0000:04: resource 1 [mem 0xfd000000-0xfd0fffff]
Mar 28 15:24:13 ubuntu-server kernel: pci_bus 0000:04: resource 2 [mem 0xe7700000-0xe77fffff 64bit pref]
Mar 28 15:24:13 ubuntu-server kernel: pci_bus 0000:05: resource 0 [io  0xc000-0xcfff]
Mar 28 15:24:13 ubuntu-server kernel: pci_bus 0000:05: resource 1 [mem 0xfcc00000-0xfccfffff]
Mar 28 15:24:13 ubuntu-server kernel: pci_bus 0000:05: resource 2 [mem 0xe7300000-0xe73fffff 64bit pref]
Mar 28 15:24:13 ubuntu-server kernel: pci_bus 0000:06: resource 1 [mem 0xfc800000-0xfc8fffff]
Mar 28 15:24:13 ubuntu-server kernel: pci_bus 0000:06: resource 2 [mem 0xe6f00000-0xe6ffffff 64bit pref]
Mar 28 15:24:13 ubuntu-server kernel: pci_bus 0000:07: resource 1 [mem 0xfc400000-0xfc4fffff]
Mar 28 15:24:13 ubuntu-server kernel: pci_bus 0000:07: resource 2 [mem 0xe6b00000-0xe6bfffff 64bit pref]
Mar 28 15:24:13 ubuntu-server kernel: pci_bus 0000:08: resource 1 [mem 0xfc000000-0xfc0fffff]
Mar 28 15:24:13 ubuntu-server kernel: pci_bus 0000:08: resource 2 [mem 0xe6700000-0xe67fffff 64bit pref]
Mar 28 15:24:13 ubuntu-server kernel: pci_bus 0000:09: resource 1 [mem 0xfbc00000-0xfbcfffff]
Mar 28 15:24:13 ubuntu-server kernel: pci_bus 0000:09: resource 2 [mem 0xe6300000-0xe63fffff 64bit pref]
Mar 28 15:24:13 ubuntu-server kernel: pci_bus 0000:0a: resource 1 [mem 0xfb800000-0xfb8fffff]
Mar 28 15:24:13 ubuntu-server kernel: pci_bus 0000:0a: resource 2 [mem 0xe5f00000-0xe5ffffff 64bit pref]
Mar 28 15:24:13 ubuntu-server kernel: pci_bus 0000:0b: resource 0 [io  0x5000-0x5fff]
Mar 28 15:24:13 ubuntu-server kernel: pci_bus 0000:0b: resource 1 [mem 0xfd300000-0xfd3fffff]
Mar 28 15:24:13 ubuntu-server kernel: pci_bus 0000:0b: resource 2 [mem 0xe7a00000-0xe7afffff 64bit pref]
Mar 28 15:24:13 ubuntu-server kernel: pci_bus 0000:0c: resource 0 [io  0x9000-0x9fff]
Mar 28 15:24:13 ubuntu-server kernel: pci_bus 0000:0c: resource 1 [mem 0xfcf00000-0xfcffffff]
Mar 28 15:24:13 ubuntu-server kernel: pci_bus 0000:0c: resource 2 [mem 0xe7600000-0xe76fffff 64bit pref]
Mar 28 15:24:13 ubuntu-server kernel: pci_bus 0000:0d: resource 0 [io  0xd000-0xdfff]
Mar 28 15:24:13 ubuntu-server kernel: pci_bus 0000:0d: resource 1 [mem 0xfcb00000-0xfcbfffff]
Mar 28 15:24:13 ubuntu-server kernel: pci_bus 0000:0d: resource 2 [mem 0xe7200000-0xe72fffff 64bit pref]
Mar 28 15:24:13 ubuntu-server kernel: pci_bus 0000:0e: resource 1 [mem 0xfc700000-0xfc7fffff]
Mar 28 15:24:13 ubuntu-server kernel: pci_bus 0000:0e: resource 2 [mem 0xe6e00000-0xe6efffff 64bit pref]
Mar 28 15:24:13 ubuntu-server kernel: pci_bus 0000:0f: resource 1 [mem 0xfc300000-0xfc3fffff]
Mar 28 15:24:13 ubuntu-server kernel: pci_bus 0000:0f: resource 2 [mem 0xe6a00000-0xe6afffff 64bit pref]
Mar 28 15:24:13 ubuntu-server kernel: pci_bus 0000:10: resource 1 [mem 0xfbf00000-0xfbffffff]
Mar 28 15:24:13 ubuntu-server kernel: pci_bus 0000:10: resource 2 [mem 0xe6600000-0xe66fffff 64bit pref]
Mar 28 15:24:13 ubuntu-server kernel: pci_bus 0000:11: resource 1 [mem 0xfbb00000-0xfbbfffff]
Mar 28 15:24:13 ubuntu-server kernel: pci_bus 0000:11: resource 2 [mem 0xe6200000-0xe62fffff 64bit pref]
Mar 28 15:24:13 ubuntu-server kernel: pci_bus 0000:12: resource 1 [mem 0xfb700000-0xfb7fffff]
Mar 28 15:24:13 ubuntu-server kernel: pci_bus 0000:12: resource 2 [mem 0xe5e00000-0xe5efffff 64bit pref]
Mar 28 15:24:13 ubuntu-server kernel: pci_bus 0000:13: resource 0 [io  0x6000-0x6fff]
Mar 28 15:24:13 ubuntu-server kernel: pci_bus 0000:13: resource 1 [mem 0xfd200000-0xfd2fffff]
Mar 28 15:24:13 ubuntu-server kernel: pci_bus 0000:13: resource 2 [mem 0xe7900000-0xe79fffff 64bit pref]
Mar 28 15:24:13 ubuntu-server kernel: pci_bus 0000:14: resource 0 [io  0xa000-0xafff]
Mar 28 15:24:13 ubuntu-server kernel: pci_bus 0000:14: resource 1 [mem 0xfce00000-0xfcefffff]
Mar 28 15:24:13 ubuntu-server kernel: pci_bus 0000:14: resource 2 [mem 0xe7500000-0xe75fffff 64bit pref]
Mar 28 15:24:13 ubuntu-server kernel: pci_bus 0000:15: resource 0 [io  0xe000-0xefff]
Mar 28 15:24:13 ubuntu-server kernel: pci_bus 0000:15: resource 1 [mem 0xfca00000-0xfcafffff]
Mar 28 15:24:13 ubuntu-server kernel: pci_bus 0000:15: resource 2 [mem 0xe7100000-0xe71fffff 64bit pref]
Mar 28 15:24:13 ubuntu-server kernel: pci_bus 0000:16: resource 1 [mem 0xfc600000-0xfc6fffff]
Mar 28 15:24:13 ubuntu-server kernel: pci_bus 0000:16: resource 2 [mem 0xe6d00000-0xe6dfffff 64bit pref]
Mar 28 15:24:13 ubuntu-server kernel: pci_bus 0000:17: resource 1 [mem 0xfc200000-0xfc2fffff]
Mar 28 15:24:13 ubuntu-server kernel: pci_bus 0000:17: resource 2 [mem 0xe6900000-0xe69fffff 64bit pref]
Mar 28 15:24:13 ubuntu-server kernel: pci_bus 0000:18: resource 1 [mem 0xfbe00000-0xfbefffff]
Mar 28 15:24:13 ubuntu-server kernel: pci_bus 0000:18: resource 2 [mem 0xe6500000-0xe65fffff 64bit pref]
Mar 28 15:24:13 ubuntu-server kernel: pci_bus 0000:19: resource 1 [mem 0xfba00000-0xfbafffff]
Mar 28 15:24:13 ubuntu-server kernel: pci_bus 0000:19: resource 2 [mem 0xe6100000-0xe61fffff 64bit pref]
Mar 28 15:24:13 ubuntu-server kernel: pci_bus 0000:1a: resource 1 [mem 0xfb600000-0xfb6fffff]
Mar 28 15:24:13 ubuntu-server kernel: pci_bus 0000:1a: resource 2 [mem 0xe5d00000-0xe5dfffff 64bit pref]
Mar 28 15:24:13 ubuntu-server kernel: pci_bus 0000:1b: resource 0 [io  0x7000-0x7fff]
Mar 28 15:24:13 ubuntu-server kernel: pci_bus 0000:1b: resource 1 [mem 0xfd100000-0xfd1fffff]
Mar 28 15:24:13 ubuntu-server kernel: pci_bus 0000:1b: resource 2 [mem 0xe7800000-0xe78fffff 64bit pref]
Mar 28 15:24:13 ubuntu-server kernel: pci_bus 0000:1c: resource 0 [io  0xb000-0xbfff]
Mar 28 15:24:13 ubuntu-server kernel: pci_bus 0000:1c: resource 1 [mem 0xfcd00000-0xfcdfffff]
Mar 28 15:24:13 ubuntu-server kernel: pci_bus 0000:1c: resource 2 [mem 0xe7400000-0xe74fffff 64bit pref]
Mar 28 15:24:13 ubuntu-server kernel: pci_bus 0000:1d: resource 1 [mem 0xfc900000-0xfc9fffff]
Mar 28 15:24:13 ubuntu-server kernel: pci_bus 0000:1d: resource 2 [mem 0xe7000000-0xe70fffff 64bit pref]
Mar 28 15:24:13 ubuntu-server kernel: pci_bus 0000:1e: resource 1 [mem 0xfc500000-0xfc5fffff]
Mar 28 15:24:13 ubuntu-server kernel: pci_bus 0000:1e: resource 2 [mem 0xe6c00000-0xe6cfffff 64bit pref]
Mar 28 15:24:13 ubuntu-server kernel: pci_bus 0000:1f: resource 1 [mem 0xfc100000-0xfc1fffff]
Mar 28 15:24:13 ubuntu-server kernel: pci_bus 0000:1f: resource 2 [mem 0xe6800000-0xe68fffff 64bit pref]
Mar 28 15:24:13 ubuntu-server kernel: pci_bus 0000:20: resource 1 [mem 0xfbd00000-0xfbdfffff]
Mar 28 15:24:13 ubuntu-server kernel: pci_bus 0000:20: resource 2 [mem 0xe6400000-0xe64fffff 64bit pref]
Mar 28 15:24:13 ubuntu-server kernel: pci_bus 0000:21: resource 1 [mem 0xfb900000-0xfb9fffff]
Mar 28 15:24:13 ubuntu-server kernel: pci_bus 0000:21: resource 2 [mem 0xe6000000-0xe60fffff 64bit pref]
Mar 28 15:24:13 ubuntu-server kernel: pci_bus 0000:22: resource 1 [mem 0xfb500000-0xfb5fffff]
Mar 28 15:24:13 ubuntu-server kernel: pci_bus 0000:22: resource 2 [mem 0xe5c00000-0xe5cfffff 64bit pref]
Mar 28 15:24:13 ubuntu-server kernel: pci 0000:00:00.0: Limiting direct PCI/PCI transfers
Mar 28 15:24:13 ubuntu-server kernel: PCI: CLS 32 bytes, default 64
Mar 28 15:24:13 ubuntu-server kernel: Trying to unpack rootfs image as initramfs...
Mar 28 15:24:13 ubuntu-server kernel: PCI-DMA: Using software bounce buffering for IO (SWIOTLB)
Mar 28 15:24:13 ubuntu-server kernel: software IO TLB: mapped [mem 0x00000000bbee0000-0x00000000bfee0000] (64MB)
Mar 28 15:24:13 ubuntu-server kernel: clocksource: tsc: mask: 0xffffffffffffffff max_cycles: 0x300cbc70369, max_idle_ns: 440795303191 ns
Mar 28 15:24:13 ubuntu-server kernel: clocksource: Switched to clocksource tsc
Mar 28 15:24:13 ubuntu-server kernel: Initialise system trusted keyrings
Mar 28 15:24:13 ubuntu-server kernel: Key type blacklist registered
Mar 28 15:24:13 ubuntu-server kernel: workingset: timestamp_bits=36 max_order=20 bucket_order=0
Mar 28 15:24:13 ubuntu-server kernel: zbud: loaded
Mar 28 15:24:13 ubuntu-server kernel: squashfs: version 4.0 (2009/01/31) Phillip Lougher
Mar 28 15:24:13 ubuntu-server kernel: fuse: init (API version 7.34)
Mar 28 15:24:13 ubuntu-server kernel: integrity: Platform Keyring initialized
Mar 28 15:24:13 ubuntu-server kernel: Key type asymmetric registered
Mar 28 15:24:13 ubuntu-server kernel: Asymmetric key parser 'x509' registered
Mar 28 15:24:13 ubuntu-server kernel: Block layer SCSI generic (bsg) driver version 0.4 loaded (major 243)
Mar 28 15:24:13 ubuntu-server kernel: io scheduler mq-deadline registered
Mar 28 15:24:13 ubuntu-server kernel: pcieport 0000:00:15.0: PME: Signaling with IRQ 24
Mar 28 15:24:13 ubuntu-server kernel: pcieport 0000:00:15.0: pciehp: Slot #160 AttnBtn+ PwrCtrl+ MRL- AttnInd- PwrInd- HotPlug+ Surprise- Interlock- NoCompl+ IbPresDis- LLActRep+
Mar 28 15:24:13 ubuntu-server kernel: pcieport 0000:00:15.1: PME: Signaling with IRQ 25
Mar 28 15:24:13 ubuntu-server kernel: pcieport 0000:00:15.1: pciehp: Slot #161 AttnBtn+ PwrCtrl+ MRL- AttnInd- PwrInd- HotPlug+ Surprise- Interlock- NoCompl+ IbPresDis- LLActRep+
Mar 28 15:24:13 ubuntu-server kernel: pcieport 0000:00:15.2: PME: Signaling with IRQ 26
Mar 28 15:24:13 ubuntu-server kernel: pcieport 0000:00:15.2: pciehp: Slot #162 AttnBtn+ PwrCtrl+ MRL- AttnInd- PwrInd- HotPlug+ Surprise- Interlock- NoCompl+ IbPresDis- LLActRep+
Mar 28 15:24:13 ubuntu-server kernel: pcieport 0000:00:15.3: PME: Signaling with IRQ 27
Mar 28 15:24:13 ubuntu-server kernel: pcieport 0000:00:15.3: pciehp: Slot #163 AttnBtn+ PwrCtrl+ MRL- AttnInd- PwrInd- HotPlug+ Surprise- Interlock- NoCompl+ IbPresDis- LLActRep+
Mar 28 15:24:13 ubuntu-server kernel: pcieport 0000:00:15.4: PME: Signaling with IRQ 28
Mar 28 15:24:13 ubuntu-server kernel: pcieport 0000:00:15.4: pciehp: Slot #164 AttnBtn+ PwrCtrl+ MRL- AttnInd- PwrInd- HotPlug+ Surprise- Interlock- NoCompl+ IbPresDis- LLActRep+
Mar 28 15:24:13 ubuntu-server kernel: pcieport 0000:00:15.5: PME: Signaling with IRQ 29
Mar 28 15:24:13 ubuntu-server kernel: pcieport 0000:00:15.5: pciehp: Slot #165 AttnBtn+ PwrCtrl+ MRL- AttnInd- PwrInd- HotPlug+ Surprise- Interlock- NoCompl+ IbPresDis- LLActRep+
Mar 28 15:24:13 ubuntu-server kernel: pcieport 0000:00:15.6: PME: Signaling with IRQ 30
Mar 28 15:24:13 ubuntu-server kernel: pcieport 0000:00:15.6: pciehp: Slot #166 AttnBtn+ PwrCtrl+ MRL- AttnInd- PwrInd- HotPlug+ Surprise- Interlock- NoCompl+ IbPresDis- LLActRep+
Mar 28 15:24:13 ubuntu-server kernel: pcieport 0000:00:15.7: PME: Signaling with IRQ 31
Mar 28 15:24:13 ubuntu-server kernel: pcieport 0000:00:15.7: pciehp: Slot #167 AttnBtn+ PwrCtrl+ MRL- AttnInd- PwrInd- HotPlug+ Surprise- Interlock- NoCompl+ IbPresDis- LLActRep+
Mar 28 15:24:13 ubuntu-server kernel: pcieport 0000:00:16.0: PME: Signaling with IRQ 32
Mar 28 15:24:13 ubuntu-server kernel: pcieport 0000:00:16.0: pciehp: Slot #192 AttnBtn+ PwrCtrl+ MRL- AttnInd- PwrInd- HotPlug+ Surprise- Interlock- NoCompl+ IbPresDis- LLActRep+
Mar 28 15:24:13 ubuntu-server kernel: pcieport 0000:00:16.1: PME: Signaling with IRQ 33
Mar 28 15:24:13 ubuntu-server kernel: pcieport 0000:00:16.1: pciehp: Slot #193 AttnBtn+ PwrCtrl+ MRL- AttnInd- PwrInd- HotPlug+ Surprise- Interlock- NoCompl+ IbPresDis- LLActRep+
Mar 28 15:24:13 ubuntu-server kernel: pcieport 0000:00:16.2: PME: Signaling with IRQ 34
Mar 28 15:24:13 ubuntu-server kernel: pcieport 0000:00:16.2: pciehp: Slot #194 AttnBtn+ PwrCtrl+ MRL- AttnInd- PwrInd- HotPlug+ Surprise- Interlock- NoCompl+ IbPresDis- LLActRep+
Mar 28 15:24:13 ubuntu-server kernel: pcieport 0000:00:16.3: PME: Signaling with IRQ 35
Mar 28 15:24:13 ubuntu-server kernel: pcieport 0000:00:16.3: pciehp: Slot #195 AttnBtn+ PwrCtrl+ MRL- AttnInd- PwrInd- HotPlug+ Surprise- Interlock- NoCompl+ IbPresDis- LLActRep+
Mar 28 15:24:13 ubuntu-server kernel: pcieport 0000:00:16.4: PME: Signaling with IRQ 36
Mar 28 15:24:13 ubuntu-server kernel: pcieport 0000:00:16.4: pciehp: Slot #196 AttnBtn+ PwrCtrl+ MRL- AttnInd- PwrInd- HotPlug+ Surprise- Interlock- NoCompl+ IbPresDis- LLActRep+
Mar 28 15:24:13 ubuntu-server kernel: pcieport 0000:00:16.5: PME: Signaling with IRQ 37
Mar 28 15:24:13 ubuntu-server kernel: pcieport 0000:00:16.5: pciehp: Slot #197 AttnBtn+ PwrCtrl+ MRL- AttnInd- PwrInd- HotPlug+ Surprise- Interlock- NoCompl+ IbPresDis- LLActRep+
Mar 28 15:24:13 ubuntu-server kernel: pcieport 0000:00:16.6: PME: Signaling with IRQ 38
Mar 28 15:24:13 ubuntu-server kernel: pcieport 0000:00:16.6: pciehp: Slot #198 AttnBtn+ PwrCtrl+ MRL- AttnInd- PwrInd- HotPlug+ Surprise- Interlock- NoCompl+ IbPresDis- LLActRep+
Mar 28 15:24:13 ubuntu-server kernel: pcieport 0000:00:16.7: PME: Signaling with IRQ 39
Mar 28 15:24:13 ubuntu-server kernel: pcieport 0000:00:16.7: pciehp: Slot #199 AttnBtn+ PwrCtrl+ MRL- AttnInd- PwrInd- HotPlug+ Surprise- Interlock- NoCompl+ IbPresDis- LLActRep+
Mar 28 15:24:13 ubuntu-server kernel: pcieport 0000:00:17.0: PME: Signaling with IRQ 40
Mar 28 15:24:13 ubuntu-server kernel: pcieport 0000:00:17.0: pciehp: Slot #224 AttnBtn+ PwrCtrl+ MRL- AttnInd- PwrInd- HotPlug+ Surprise- Interlock- NoCompl+ IbPresDis- LLActRep+
Mar 28 15:24:13 ubuntu-server kernel: pcieport 0000:00:17.1: PME: Signaling with IRQ 41
Mar 28 15:24:13 ubuntu-server kernel: pcieport 0000:00:17.1: pciehp: Slot #225 AttnBtn+ PwrCtrl+ MRL- AttnInd- PwrInd- HotPlug+ Surprise- Interlock- NoCompl+ IbPresDis- LLActRep+
Mar 28 15:24:13 ubuntu-server kernel: pcieport 0000:00:17.2: PME: Signaling with IRQ 42
Mar 28 15:24:13 ubuntu-server kernel: pcieport 0000:00:17.2: pciehp: Slot #226 AttnBtn+ PwrCtrl+ MRL- AttnInd- PwrInd- HotPlug+ Surprise- Interlock- NoCompl+ IbPresDis- LLActRep+
Mar 28 15:24:13 ubuntu-server kernel: pcieport 0000:00:17.3: PME: Signaling with IRQ 43
Mar 28 15:24:13 ubuntu-server kernel: pcieport 0000:00:17.3: pciehp: Slot #227 AttnBtn+ PwrCtrl+ MRL- AttnInd- PwrInd- HotPlug+ Surprise- Interlock- NoCompl+ IbPresDis- LLActRep+
Mar 28 15:24:13 ubuntu-server kernel: pcieport 0000:00:17.4: PME: Signaling with IRQ 44
Mar 28 15:24:13 ubuntu-server kernel: pcieport 0000:00:17.4: pciehp: Slot #228 AttnBtn+ PwrCtrl+ MRL- AttnInd- PwrInd- HotPlug+ Surprise- Interlock- NoCompl+ IbPresDis- LLActRep+
Mar 28 15:24:13 ubuntu-server kernel: pcieport 0000:00:17.5: PME: Signaling with IRQ 45
Mar 28 15:24:13 ubuntu-server kernel: pcieport 0000:00:17.5: pciehp: Slot #229 AttnBtn+ PwrCtrl+ MRL- AttnInd- PwrInd- HotPlug+ Surprise- Interlock- NoCompl+ IbPresDis- LLActRep+
Mar 28 15:24:13 ubuntu-server kernel: pcieport 0000:00:17.6: PME: Signaling with IRQ 46
Mar 28 15:24:13 ubuntu-server kernel: pcieport 0000:00:17.6: pciehp: Slot #230 AttnBtn+ PwrCtrl+ MRL- AttnInd- PwrInd- HotPlug+ Surprise- Interlock- NoCompl+ IbPresDis- LLActRep+
Mar 28 15:24:13 ubuntu-server kernel: pcieport 0000:00:17.7: PME: Signaling with IRQ 47
Mar 28 15:24:13 ubuntu-server kernel: pcieport 0000:00:17.7: pciehp: Slot #231 AttnBtn+ PwrCtrl+ MRL- AttnInd- PwrInd- HotPlug+ Surprise- Interlock- NoCompl+ IbPresDis- LLActRep+
Mar 28 15:24:13 ubuntu-server kernel: pcieport 0000:00:18.0: PME: Signaling with IRQ 48
Mar 28 15:24:13 ubuntu-server kernel: pcieport 0000:00:18.0: pciehp: Slot #256 AttnBtn+ PwrCtrl+ MRL- AttnInd- PwrInd- HotPlug+ Surprise- Interlock- NoCompl+ IbPresDis- LLActRep+
Mar 28 15:24:13 ubuntu-server kernel: pcieport 0000:00:18.1: PME: Signaling with IRQ 49
Mar 28 15:24:13 ubuntu-server kernel: pcieport 0000:00:18.1: pciehp: Slot #257 AttnBtn+ PwrCtrl+ MRL- AttnInd- PwrInd- HotPlug+ Surprise- Interlock- NoCompl+ IbPresDis- LLActRep+
Mar 28 15:24:13 ubuntu-server kernel: pcieport 0000:00:18.2: PME: Signaling with IRQ 50
Mar 28 15:24:13 ubuntu-server kernel: pcieport 0000:00:18.2: pciehp: Slot #258 AttnBtn+ PwrCtrl+ MRL- AttnInd- PwrInd- HotPlug+ Surprise- Interlock- NoCompl+ IbPresDis- LLActRep+
Mar 28 15:24:13 ubuntu-server kernel: pcieport 0000:00:18.3: PME: Signaling with IRQ 51
Mar 28 15:24:13 ubuntu-server kernel: pcieport 0000:00:18.3: pciehp: Slot #259 AttnBtn+ PwrCtrl+ MRL- AttnInd- PwrInd- HotPlug+ Surprise- Interlock- NoCompl+ IbPresDis- LLActRep+
Mar 28 15:24:13 ubuntu-server kernel: pcieport 0000:00:18.4: PME: Signaling with IRQ 52
Mar 28 15:24:13 ubuntu-server kernel: pcieport 0000:00:18.4: pciehp: Slot #260 AttnBtn+ PwrCtrl+ MRL- AttnInd- PwrInd- HotPlug+ Surprise- Interlock- NoCompl+ IbPresDis- LLActRep+
Mar 28 15:24:13 ubuntu-server kernel: pcieport 0000:00:18.5: PME: Signaling with IRQ 53
Mar 28 15:24:13 ubuntu-server kernel: pcieport 0000:00:18.5: pciehp: Slot #261 AttnBtn+ PwrCtrl+ MRL- AttnInd- PwrInd- HotPlug+ Surprise- Interlock- NoCompl+ IbPresDis- LLActRep+
Mar 28 15:24:13 ubuntu-server kernel: pcieport 0000:00:18.6: PME: Signaling with IRQ 54
Mar 28 15:24:13 ubuntu-server kernel: pcieport 0000:00:18.6: pciehp: Slot #262 AttnBtn+ PwrCtrl+ MRL- AttnInd- PwrInd- HotPlug+ Surprise- Interlock- NoCompl+ IbPresDis- LLActRep+
Mar 28 15:24:13 ubuntu-server kernel: pcieport 0000:00:18.7: PME: Signaling with IRQ 55
Mar 28 15:24:13 ubuntu-server kernel: pcieport 0000:00:18.7: pciehp: Slot #263 AttnBtn+ PwrCtrl+ MRL- AttnInd- PwrInd- HotPlug+ Surprise- Interlock- NoCompl+ IbPresDis- LLActRep+
Mar 28 15:24:13 ubuntu-server kernel: shpchp: Standard Hot Plug PCI Controller Driver version: 0.4
Mar 28 15:24:13 ubuntu-server kernel: ACPI: AC: AC Adapter [ACAD] (on-line)
Mar 28 15:24:13 ubuntu-server kernel: input: Power Button as /devices/LNXSYSTM:00/LNXPWRBN:00/input/input0
Mar 28 15:24:13 ubuntu-server kernel: ACPI: button: Power Button [PWRF]
Mar 28 15:24:13 ubuntu-server kernel: Serial: 8250/16550 driver, 32 ports, IRQ sharing enabled
Mar 28 15:24:13 ubuntu-server kernel: Linux agpgart interface v0.103
Mar 28 15:24:13 ubuntu-server kernel: agpgart-intel 0000:00:00.0: Intel 440BX Chipset
Mar 28 15:24:13 ubuntu-server kernel: agpgart-intel 0000:00:00.0: AGP aperture is 256M @ 0x0
Mar 28 15:24:13 ubuntu-server kernel: loop: module loaded
Mar 28 15:24:13 ubuntu-server kernel: ata_piix 0000:00:07.1: version 2.13
Mar 28 15:24:13 ubuntu-server kernel: scsi host0: ata_piix
Mar 28 15:24:13 ubuntu-server kernel: scsi host1: ata_piix
Mar 28 15:24:13 ubuntu-server kernel: ata1: PATA max UDMA/33 cmd 0x1f0 ctl 0x3f6 bmdma 0x1060 irq 14
Mar 28 15:24:13 ubuntu-server kernel: ata2: PATA max UDMA/33 cmd 0x170 ctl 0x376 bmdma 0x1068 irq 15
Mar 28 15:24:13 ubuntu-server kernel: tun: Universal TUN/TAP device driver, 1.6
Mar 28 15:24:13 ubuntu-server kernel: PPP generic driver version 2.4.2
Mar 28 15:24:13 ubuntu-server kernel: VFIO - User Level meta-driver version: 0.3
Mar 28 15:24:13 ubuntu-server kernel: ehci_hcd: USB 2.0 'Enhanced' Host Controller (EHCI) Driver
Mar 28 15:24:13 ubuntu-server kernel: ehci-pci: EHCI PCI platform driver
Mar 28 15:24:13 ubuntu-server kernel: ehci-pci 0000:02:01.0: EHCI Host Controller
Mar 28 15:24:13 ubuntu-server kernel: ehci-pci 0000:02:01.0: new USB bus registered, assigned bus number 1
Mar 28 15:24:13 ubuntu-server kernel: ehci-pci 0000:02:01.0: irq 19, io mem 0xfd5ff000
Mar 28 15:24:13 ubuntu-server kernel: ehci-pci 0000:02:01.0: USB 2.0 started, EHCI 1.00
Mar 28 15:24:13 ubuntu-server kernel: usb usb1: New USB device found, idVendor=1d6b, idProduct=0002, bcdDevice= 5.15
Mar 28 15:24:13 ubuntu-server kernel: usb usb1: New USB device strings: Mfr=3, Product=2, SerialNumber=1
Mar 28 15:24:13 ubuntu-server kernel: usb usb1: Product: EHCI Host Controller
Mar 28 15:24:13 ubuntu-server kernel: usb usb1: Manufacturer: Linux 5.15.0-60-generic ehci_hcd
Mar 28 15:24:13 ubuntu-server kernel: usb usb1: SerialNumber: 0000:02:01.0
Mar 28 15:24:13 ubuntu-server kernel: hub 1-0:1.0: USB hub found
Mar 28 15:24:13 ubuntu-server kernel: hub 1-0:1.0: 6 ports detected
Mar 28 15:24:13 ubuntu-server kernel: ehci-platform: EHCI generic platform driver
Mar 28 15:24:13 ubuntu-server kernel: ohci_hcd: USB 1.1 'Open' Host Controller (OHCI) Driver
Mar 28 15:24:13 ubuntu-server kernel: ohci-pci: OHCI PCI platform driver
Mar 28 15:24:13 ubuntu-server kernel: ohci-platform: OHCI generic platform driver
Mar 28 15:24:13 ubuntu-server kernel: uhci_hcd: USB Universal Host Controller Interface driver
Mar 28 15:24:13 ubuntu-server kernel: uhci_hcd 0000:02:00.0: UHCI Host Controller
Mar 28 15:24:13 ubuntu-server kernel: uhci_hcd 0000:02:00.0: new USB bus registered, assigned bus number 2
Mar 28 15:24:13 ubuntu-server kernel: uhci_hcd 0000:02:00.0: detected 2 ports
Mar 28 15:24:13 ubuntu-server kernel: uhci_hcd 0000:02:00.0: irq 18, io base 0x00002000
Mar 28 15:24:13 ubuntu-server kernel: usb usb2: New USB device found, idVendor=1d6b, idProduct=0001, bcdDevice= 5.15
Mar 28 15:24:13 ubuntu-server kernel: usb usb2: New USB device strings: Mfr=3, Product=2, SerialNumber=1
Mar 28 15:24:13 ubuntu-server kernel: usb usb2: Product: UHCI Host Controller
Mar 28 15:24:13 ubuntu-server kernel: usb usb2: Manufacturer: Linux 5.15.0-60-generic uhci_hcd
Mar 28 15:24:13 ubuntu-server kernel: usb usb2: SerialNumber: 0000:02:00.0
Mar 28 15:24:13 ubuntu-server kernel: hub 2-0:1.0: USB hub found
Mar 28 15:24:13 ubuntu-server kernel: hub 2-0:1.0: 2 ports detected
Mar 28 15:24:13 ubuntu-server kernel: i8042: PNP: PS/2 Controller [PNP0303:KBC,PNP0f13:MOUS] at 0x60,0x64 irq 1,12
Mar 28 15:24:13 ubuntu-server kernel: serio: i8042 KBD port at 0x60,0x64 irq 1
Mar 28 15:24:13 ubuntu-server kernel: serio: i8042 AUX port at 0x60,0x64 irq 12
Mar 28 15:24:13 ubuntu-server kernel: mousedev: PS/2 mouse device common for all mice
Mar 28 15:24:13 ubuntu-server kernel: rtc_cmos 00:01: registered as rtc0
Mar 28 15:24:13 ubuntu-server kernel: rtc_cmos 00:01: setting system clock to 2023-03-28T15:24:03 UTC (1680017043)
Mar 28 15:24:13 ubuntu-server kernel: rtc_cmos 00:01: alarms up to one month, y3k, 114 bytes nvram, hpet irqs
Mar 28 15:24:13 ubuntu-server kernel: i2c_dev: i2c /dev entries driver
Mar 28 15:24:13 ubuntu-server kernel: input: AT Translated Set 2 keyboard as /devices/platform/i8042/serio0/input/input1
Mar 28 15:24:13 ubuntu-server kernel: device-mapper: core: CONFIG_IMA_DISABLE_HTABLE is disabled. Duplicate IMA measurements will not be recorded in the IMA log.
Mar 28 15:24:13 ubuntu-server kernel: device-mapper: uevent: version 1.0.3
Mar 28 15:24:13 ubuntu-server kernel: device-mapper: ioctl: 4.45.0-ioctl (2021-03-22) initialised: dm-devel@redhat.com
Mar 28 15:24:13 ubuntu-server kernel: platform eisa.0: Probing EISA bus 0
Mar 28 15:24:13 ubuntu-server kernel: platform eisa.0: EISA: Cannot allocate resource for mainboard
Mar 28 15:24:13 ubuntu-server kernel: platform eisa.0: Cannot allocate resource for EISA slot 1
Mar 28 15:24:13 ubuntu-server kernel: platform eisa.0: Cannot allocate resource for EISA slot 2
Mar 28 15:24:13 ubuntu-server kernel: platform eisa.0: Cannot allocate resource for EISA slot 3
Mar 28 15:24:13 ubuntu-server kernel: platform eisa.0: Cannot allocate resource for EISA slot 4
Mar 28 15:24:13 ubuntu-server kernel: platform eisa.0: Cannot allocate resource for EISA slot 5
Mar 28 15:24:13 ubuntu-server kernel: platform eisa.0: Cannot allocate resource for EISA slot 6
Mar 28 15:24:13 ubuntu-server kernel: platform eisa.0: Cannot allocate resource for EISA slot 7
Mar 28 15:24:13 ubuntu-server kernel: platform eisa.0: Cannot allocate resource for EISA slot 8
Mar 28 15:24:13 ubuntu-server kernel: platform eisa.0: EISA: Detected 0 cards
Mar 28 15:24:13 ubuntu-server kernel: intel_pstate: CPU model not supported
Mar 28 15:24:13 ubuntu-server kernel: ledtrig-cpu: registered to indicate activity on CPUs
Mar 28 15:24:13 ubuntu-server kernel: drop_monitor: Initializing network drop monitor service
Mar 28 15:24:13 ubuntu-server kernel: NET: Registered PF_INET6 protocol family
Mar 28 15:24:13 ubuntu-server kernel: usb 2-1: new full-speed USB device number 2 using uhci_hcd
Mar 28 15:24:13 ubuntu-server kernel: usb 2-1: New USB device found, idVendor=0e0f, idProduct=0003, bcdDevice= 1.03
Mar 28 15:24:13 ubuntu-server kernel: usb 2-1: New USB device strings: Mfr=1, Product=2, SerialNumber=0
Mar 28 15:24:13 ubuntu-server kernel: usb 2-1: Product: VMware Virtual USB Mouse
Mar 28 15:24:13 ubuntu-server kernel: usb 2-1: Manufacturer: VMware
Mar 28 15:24:13 ubuntu-server kernel: usb 2-2: new full-speed USB device number 3 using uhci_hcd
Mar 28 15:24:13 ubuntu-server kernel: Freeing initrd memory: 107076K
Mar 28 15:24:13 ubuntu-server kernel: Segment Routing with IPv6
Mar 28 15:24:13 ubuntu-server kernel: In-situ OAM (IOAM) with IPv6
Mar 28 15:24:13 ubuntu-server kernel: NET: Registered PF_PACKET protocol family
Mar 28 15:24:13 ubuntu-server kernel: Key type dns_resolver registered
Mar 28 15:24:13 ubuntu-server kernel: IPI shorthand broadcast: enabled
Mar 28 15:24:13 ubuntu-server kernel: sched_clock: Marking stable (2117213986, 6638795)->(2132528758, -8675977)
Mar 28 15:24:13 ubuntu-server kernel: registered taskstats version 1
Mar 28 15:24:13 ubuntu-server kernel: Loading compiled-in X.509 certificates
Mar 28 15:24:13 ubuntu-server kernel: Loaded X.509 cert 'Build time autogenerated kernel key: 2453f7d92edfc2f639f43e9f3b2f2940ca2143ea'
Mar 28 15:24:13 ubuntu-server kernel: Loaded X.509 cert 'Canonical Ltd. Live Patch Signing: 14df34d1a87cf37625abec039ef2bf521249b969'
Mar 28 15:24:13 ubuntu-server kernel: Loaded X.509 cert 'Canonical Ltd. Kernel Module Signing: 88f752e560a1e0737e31163a466ad7b70a850c19'
